Archive member included to satisfy reference by file (symbol)

d:/st/stm32cubeide_1.9.0/stm32cubeide/plugins/com.st.stm32cube.ide.mcu.externaltools.gnu-tools-for-stm32.10.3-2021.10.win32_1.0.0.202111181127/tools/bin/../lib/gcc/arm-none-eabi/10.3.1/../../../../arm-none-eabi/lib/thumb/v7e-m+fp/hard\libc_nano.a(lib_a-errno.o)
                              ./Src/syscalls.o (__errno)
d:/st/stm32cubeide_1.9.0/stm32cubeide/plugins/com.st.stm32cube.ide.mcu.externaltools.gnu-tools-for-stm32.10.3-2021.10.win32_1.0.0.202111181127/tools/bin/../lib/gcc/arm-none-eabi/10.3.1/../../../../arm-none-eabi/lib/thumb/v7e-m+fp/hard\libc_nano.a(lib_a-exit.o)
                              d:/st/stm32cubeide_1.9.0/stm32cubeide/plugins/com.st.stm32cube.ide.mcu.externaltools.gnu-tools-for-stm32.10.3-2021.10.win32_1.0.0.202111181127/tools/bin/../lib/gcc/arm-none-eabi/10.3.1/../../../../arm-none-eabi/lib/thumb/v7e-m+fp/hard/crt0.o (exit)
d:/st/stm32cubeide_1.9.0/stm32cubeide/plugins/com.st.stm32cube.ide.mcu.externaltools.gnu-tools-for-stm32.10.3-2021.10.win32_1.0.0.202111181127/tools/bin/../lib/gcc/arm-none-eabi/10.3.1/../../../../arm-none-eabi/lib/thumb/v7e-m+fp/hard\libc_nano.a(lib_a-impure.o)
                              d:/st/stm32cubeide_1.9.0/stm32cubeide/plugins/com.st.stm32cube.ide.mcu.externaltools.gnu-tools-for-stm32.10.3-2021.10.win32_1.0.0.202111181127/tools/bin/../lib/gcc/arm-none-eabi/10.3.1/../../../../arm-none-eabi/lib/thumb/v7e-m+fp/hard\libc_nano.a(lib_a-exit.o) (_global_impure_ptr)
d:/st/stm32cubeide_1.9.0/stm32cubeide/plugins/com.st.stm32cube.ide.mcu.externaltools.gnu-tools-for-stm32.10.3-2021.10.win32_1.0.0.202111181127/tools/bin/../lib/gcc/arm-none-eabi/10.3.1/../../../../arm-none-eabi/lib/thumb/v7e-m+fp/hard\libc_nano.a(lib_a-init.o)
                              d:/st/stm32cubeide_1.9.0/stm32cubeide/plugins/com.st.stm32cube.ide.mcu.externaltools.gnu-tools-for-stm32.10.3-2021.10.win32_1.0.0.202111181127/tools/bin/../lib/gcc/arm-none-eabi/10.3.1/../../../../arm-none-eabi/lib/thumb/v7e-m+fp/hard/crt0.o (__libc_init_array)
d:/st/stm32cubeide_1.9.0/stm32cubeide/plugins/com.st.stm32cube.ide.mcu.externaltools.gnu-tools-for-stm32.10.3-2021.10.win32_1.0.0.202111181127/tools/bin/../lib/gcc/arm-none-eabi/10.3.1/../../../../arm-none-eabi/lib/thumb/v7e-m+fp/hard\libc_nano.a(lib_a-memcpy-stub.o)
                              ./Middlewares/Third_Party/FreeRTOS/Source/queue.o (memcpy)
d:/st/stm32cubeide_1.9.0/stm32cubeide/plugins/com.st.stm32cube.ide.mcu.externaltools.gnu-tools-for-stm32.10.3-2021.10.win32_1.0.0.202111181127/tools/bin/../lib/gcc/arm-none-eabi/10.3.1/../../../../arm-none-eabi/lib/thumb/v7e-m+fp/hard\libc_nano.a(lib_a-memset.o)
                              d:/st/stm32cubeide_1.9.0/stm32cubeide/plugins/com.st.stm32cube.ide.mcu.externaltools.gnu-tools-for-stm32.10.3-2021.10.win32_1.0.0.202111181127/tools/bin/../lib/gcc/arm-none-eabi/10.3.1/../../../../arm-none-eabi/lib/thumb/v7e-m+fp/hard/crt0.o (memset)
d:/st/stm32cubeide_1.9.0/stm32cubeide/plugins/com.st.stm32cube.ide.mcu.externaltools.gnu-tools-for-stm32.10.3-2021.10.win32_1.0.0.202111181127/tools/bin/../lib/gcc/arm-none-eabi/10.3.1/thumb/v7e-m+fp/hard\libgcc.a(_arm_addsubdf3.o)
                              ./Src/Sputter.o (__aeabi_dadd)
d:/st/stm32cubeide_1.9.0/stm32cubeide/plugins/com.st.stm32cube.ide.mcu.externaltools.gnu-tools-for-stm32.10.3-2021.10.win32_1.0.0.202111181127/tools/bin/../lib/gcc/arm-none-eabi/10.3.1/thumb/v7e-m+fp/hard\libgcc.a(_arm_truncdfsf2.o)
                              ./Src/Sputter.o (__aeabi_d2f)

Discarded input sections

 .text          0x0000000000000000        0x0 d:/st/stm32cubeide_1.9.0/stm32cubeide/plugins/com.st.stm32cube.ide.mcu.externaltools.gnu-tools-for-stm32.10.3-2021.10.win32_1.0.0.202111181127/tools/bin/../lib/gcc/arm-none-eabi/10.3.1/thumb/v7e-m+fp/hard/crti.o
 .data          0x0000000000000000        0x0 d:/st/stm32cubeide_1.9.0/stm32cubeide/plugins/com.st.stm32cube.ide.mcu.externaltools.gnu-tools-for-stm32.10.3-2021.10.win32_1.0.0.202111181127/tools/bin/../lib/gcc/arm-none-eabi/10.3.1/thumb/v7e-m+fp/hard/crti.o
 .bss           0x0000000000000000        0x0 d:/st/stm32cubeide_1.9.0/stm32cubeide/plugins/com.st.stm32cube.ide.mcu.externaltools.gnu-tools-for-stm32.10.3-2021.10.win32_1.0.0.202111181127/tools/bin/../lib/gcc/arm-none-eabi/10.3.1/thumb/v7e-m+fp/hard/crti.o
 .data          0x0000000000000000        0x4 d:/st/stm32cubeide_1.9.0/stm32cubeide/plugins/com.st.stm32cube.ide.mcu.externaltools.gnu-tools-for-stm32.10.3-2021.10.win32_1.0.0.202111181127/tools/bin/../lib/gcc/arm-none-eabi/10.3.1/thumb/v7e-m+fp/hard/crtbegin.o
 .rodata        0x0000000000000000       0x24 d:/st/stm32cubeide_1.9.0/stm32cubeide/plugins/com.st.stm32cube.ide.mcu.externaltools.gnu-tools-for-stm32.10.3-2021.10.win32_1.0.0.202111181127/tools/bin/../lib/gcc/arm-none-eabi/10.3.1/thumb/v7e-m+fp/hard/crtbegin.o
[...]
Memory Configuration

Name             Origin             Length             Attributes
CCMRAM           0x0000000010000000 0x0000000000001000 xrw
RAM              0x0000000020000000 0x0000000000003000 xrw
FLASH            0x0000000008000000 0x0000000000010000 xr
*default*        0x0000000000000000 0xffffffffffffffff

Linker script and memory map

LOAD d:/st/stm32cubeide_1.9.0/stm32cubeide/plugins/com.st.stm32cube.ide.mcu.externaltools.gnu-tools-for-stm32.10.3-2021.10.win32_1.0.0.202111181127/tools/bin/../lib/gcc/arm-none-eabi/10.3.1/thumb/v7e-m+fp/hard/crti.o
LOAD d:/st/stm32cubeide_1.9.0/stm32cubeide/plugins/com.st.stm32cube.ide.mcu.externaltools.gnu-tools-for-stm32.10.3-2021.10.win32_1.0.0.202111181127/tools/bin/../lib/gcc/arm-none-eabi/10.3.1/thumb/v7e-m+fp/hard/crtbegin.o
LOAD d:/st/stm32cubeide_1.9.0/stm32cubeide/plugins/com.st.stm32cube.ide.mcu.externaltools.gnu-tools-for-stm32.10.3-2021.10.win32_1.0.0.202111181127/tools/bin/../lib/gcc/arm-none-eabi/10.3.1/../../../../arm-none-eabi/lib/thumb/v7e-m+fp/hard/crt0.o
LOAD ./Drivers/STM32F3xx_HAL_Driver/Src/stm32f3xx_hal.o
LOAD ./Drivers/STM32F3xx_HAL_Driver/Src/stm32f3xx_hal_adc.o
LOAD ./Drivers/STM32F3xx_HAL_Driver/Src/stm32f3xx_hal_adc_ex.o
LOAD ./Drivers/STM32F3xx_HAL_Driver/Src/stm32f3xx_hal_cortex.o
LOAD ./Drivers/STM32F3xx_HAL_Driver/Src/stm32f3xx_hal_crc.o
LOAD ./Drivers/STM32F3xx_HAL_Driver/Src/stm32f3xx_hal_crc_ex.o
LOAD ./Drivers/STM32F3xx_HAL_Driver/Src/stm32f3xx_hal_dac.o
LOAD ./Drivers/STM32F3xx_HAL_Driver/Src/stm32f3xx_hal_dac_ex.o
LOAD ./Drivers/STM32F3xx_HAL_Driver/Src/stm32f3xx_hal_dma.o
LOAD ./Drivers/STM32F3xx_HAL_Driver/Src/stm32f3xx_hal_exti.o
LOAD ./Drivers/STM32F3xx_HAL_Driver/Src/stm32f3xx_hal_flash.o
LOAD ./Drivers/STM32F3xx_HAL_Driver/Src/stm32f3xx_hal_flash_ex.o
LOAD ./Drivers/STM32F3xx_HAL_Driver/Src/stm32f3xx_hal_gpio.o
LOAD ./Drivers/STM32F3xx_HAL_Driver/Src/stm32f3xx_hal_i2c.o
LOAD ./Drivers/STM32F3xx_HAL_Driver/Src/stm32f3xx_hal_i2c_ex.o
LOAD ./Drivers/STM32F3xx_HAL_Driver/Src/stm32f3xx_hal_pwr.o
LOAD ./Drivers/STM32F3xx_HAL_Driver/Src/stm32f3xx_hal_pwr_ex.o
LOAD ./Drivers/STM32F3xx_HAL_Driver/Src/stm32f3xx_hal_rcc.o
LOAD ./Drivers/STM32F3xx_HAL_Driver/Src/stm32f3xx_hal_rcc_ex.o
LOAD ./Drivers/STM32F3xx_HAL_Driver/Src/stm32f3xx_hal_tim.o
LOAD ./Drivers/STM32F3xx_HAL_Driver/Src/stm32f3xx_hal_tim_ex.o
LOAD ./Drivers/STM32F3xx_HAL_Driver/Src/stm32f3xx_hal_uart.o
LOAD ./Drivers/STM32F3xx_HAL_Driver/Src/stm32f3xx_hal_uart_ex.o
LOAD ./Middlewares/Third_Party/FreeRTOS/Source/CMSIS_RTOS/cmsis_os.o
LOAD ./Middlewares/Third_Party/FreeRTOS/Source/croutine.o
LOAD ./Middlewares/Third_Party/FreeRTOS/Source/event_groups.o
LOAD ./Middlewares/Third_Party/FreeRTOS/Source/list.o
LOAD ./Middlewares/Third_Party/FreeRTOS/Source/queue.o
LOAD ./Middlewares/Third_Party/FreeRTOS/Source/stream_buffer.o
LOAD ./Middlewares/Third_Party/FreeRTOS/Source/tasks.o
LOAD ./Middlewares/Third_Party/FreeRTOS/Source/timers.o
LOAD ./Middlewares/Third_Party/FreeRTOS/Source/portable/GCC/ARM_CM4F/port.o
LOAD ./Middlewares/Third_Party/FreeRTOS/Source/portable/MemMang/heap_4.o
LOAD ./Src/ADC_Calculation.o
LOAD ./Src/BoardComm.o
LOAD ./Src/Sputter.o
LOAD ./Src/freertos.o
LOAD ./Src/main.o
LOAD ./Src/stm32f3xx_hal_msp.o
LOAD ./Src/stm32f3xx_it.o
LOAD ./Src/syscalls.o
LOAD ./Src/sysmem.o
LOAD ./Src/system_stm32f3xx.o
LOAD ./Startup/startup_stm32f334r8tx.o
START GROUP
LOAD d:/st/stm32cubeide_1.9.0/stm32cubeide/plugins/com.st.stm32cube.ide.mcu.externaltools.gnu-tools-for-stm32.10.3-2021.10.win32_1.0.0.202111181127/tools/bin/../lib/gcc/arm-none-eabi/10.3.1/../../../../arm-none-eabi/lib/thumb/v7e-m+fp/hard\libc_nano.a
LOAD d:/st/stm32cubeide_1.9.0/stm32cubeide/plugins/com.st.stm32cube.ide.mcu.externaltools.gnu-tools-for-stm32.10.3-2021.10.win32_1.0.0.202111181127/tools/bin/../lib/gcc/arm-none-eabi/10.3.1/../../../../arm-none-eabi/lib/thumb/v7e-m+fp/hard\libm.a
END GROUP
START GROUP
LOAD d:/st/stm32cubeide_1.9.0/stm32cubeide/plugins/com.st.stm32cube.ide.mcu.externaltools.gnu-tools-for-stm32.10.3-2021.10.win32_1.0.0.202111181127/tools/bin/../lib/gcc/arm-none-eabi/10.3.1/thumb/v7e-m+fp/hard\libgcc.a
LOAD d:/st/stm32cubeide_1.9.0/stm32cubeide/plugins/com.st.stm32cube.ide.mcu.externaltools.gnu-tools-for-stm32.10.3-2021.10.win32_1.0.0.202111181127/tools/bin/../lib/gcc/arm-none-eabi/10.3.1/../../../../arm-none-eabi/lib/thumb/v7e-m+fp/hard\libc_nano.a
END GROUP
START GROUP
LOAD d:/st/stm32cubeide_1.9.0/stm32cubeide/plugins/com.st.stm32cube.ide.mcu.externaltools.gnu-tools-for-stm32.10.3-2021.10.win32_1.0.0.202111181127/tools/bin/../lib/gcc/arm-none-eabi/10.3.1/thumb/v7e-m+fp/hard\libgcc.a
LOAD d:/st/stm32cubeide_1.9.0/stm32cubeide/plugins/com.st.stm32cube.ide.mcu.externaltools.gnu-tools-for-stm32.10.3-2021.10.win32_1.0.0.202111181127/tools/bin/../lib/gcc/arm-none-eabi/10.3.1/../../../../arm-none-eabi/lib/thumb/v7e-m+fp/hard\libc_nano.a
LOAD d:/st/stm32cubeide_1.9.0/stm32cubeide/plugins/com.st.stm32cube.ide.mcu.externaltools.gnu-tools-for-stm32.10.3-2021.10.win32_1.0.0.202111181127/tools/bin/../lib/gcc/arm-none-eabi/10.3.1/../../../../arm-none-eabi/lib/thumb/v7e-m+fp/hard\libnosys.a
END GROUP
START GROUP
LOAD d:/st/stm32cubeide_1.9.0/stm32cubeide/plugins/com.st.stm32cube.ide.mcu.externaltools.gnu-tools-for-stm32.10.3-2021.10.win32_1.0.0.202111181127/tools/bin/../lib/gcc/arm-none-eabi/10.3.1/thumb/v7e-m+fp/hard\libgcc.a
LOAD d:/st/stm32cubeide_1.9.0/stm32cubeide/plugins/com.st.stm32cube.ide.mcu.externaltools.gnu-tools-for-stm32.10.3-2021.10.win32_1.0.0.202111181127/tools/bin/../lib/gcc/arm-none-eabi/10.3.1/../../../../arm-none-eabi/lib/thumb/v7e-m+fp/hard\libc_nano.a
LOAD d:/st/stm32cubeide_1.9.0/stm32cubeide/plugins/com.st.stm32cube.ide.mcu.externaltools.gnu-tools-for-stm32.10.3-2021.10.win32_1.0.0.202111181127/tools/bin/../lib/gcc/arm-none-eabi/10.3.1/../../../../arm-none-eabi/lib/thumb/v7e-m+fp/hard\libnosys.a
END GROUP
LOAD d:/st/stm32cubeide_1.9.0/stm32cubeide/plugins/com.st.stm32cube.ide.mcu.externaltools.gnu-tools-for-stm32.10.3-2021.10.win32_1.0.0.202111181127/tools/bin/../lib/gcc/arm-none-eabi/10.3.1/thumb/v7e-m+fp/hard/crtend.o
LOAD d:/st/stm32cubeide_1.9.0/stm32cubeide/plugins/com.st.stm32cube.ide.mcu.externaltools.gnu-tools-for-stm32.10.3-2021.10.win32_1.0.0.202111181127/tools/bin/../lib/gcc/arm-none-eabi/10.3.1/thumb/v7e-m+fp/hard/crtn.o
                0x0000000020003000                _estack = (ORIGIN (RAM) + LENGTH (RAM))
                0x0000000000000200                _Min_Heap_Size = 0x200
                0x0000000000000400                _Min_Stack_Size = 0x400

.isr_vector     0x0000000008000000      0x188
                0x0000000008000000                . = ALIGN (0x4)
 *(.isr_vector)
 .isr_vector    0x0000000008000000      0x188 ./Startup/startup_stm32f334r8tx.o
                0x0000000008000000                g_pfnVectors
                0x0000000008000188                . = ALIGN (0x4)

.text           0x0000000008000190     0x7b94
                0x0000000008000190                . = ALIGN (0x4)
 *(.text)
 .text          0x0000000008000190       0x40 d:/st/stm32cubeide_1.9.0/stm32cubeide/plugins/com.st.stm32cube.ide.mcu.externaltools.gnu-tools-for-stm32.10.3-2021.10.win32_1.0.0.202111181127/tools/bin/../lib/gcc/arm-none-eabi/10.3.1/thumb/v7e-m+fp/hard/crtbegin.o
 .text          0x00000000080001d0      0x378 d:/st/stm32cubeide_1.9.0/stm32cubeide/plugins/com.st.stm32cube.ide.mcu.externaltools.gnu-tools-for-stm32.10.3-2021.10.win32_1.0.0.202111181127/tools/bin/../lib/gcc/arm-none-eabi/10.3.1/thumb/v7e-m+fp/hard\libgcc.a(_arm_addsubdf3.o)
                0x00000000080001d0                __aeabi_drsub
                0x00000000080001d8                __aeabi_dsub
                0x00000000080001d8                __subdf3
                0x00000000080001dc                __aeabi_dadd
                0x00000000080001dc                __adddf3
                0x0000000008000454                __floatunsidf
                0x0000000008000454                __aeabi_ui2d
                0x0000000008000474                __floatsidf
                0x0000000008000474                __aeabi_i2d
                0x0000000008000498                __aeabi_f2d
                0x0000000008000498                __extendsfdf2
                0x00000000080004dc                __floatundidf
                0x00000000080004dc                __aeabi_ul2d
                0x00000000080004ec                __floatdidf
                0x00000000080004ec                __aeabi_l2d
 .text          0x0000000008000548       0xa0 d:/st/stm32cubeide_1.9.0/stm32cubeide/plugins/com.st.stm32cube.ide.mcu.externaltools.gnu-tools-for-stm32.10.3-2021.10.win32_1.0.0.202111181127/tools/bin/../lib/gcc/arm-none-eabi/10.3.1/thumb/v7e-m+fp/hard\libgcc.a(_arm_truncdfsf2.o)
                0x0000000008000548                __truncdfsf2
                0x0000000008000548                __aeabi_d2f
 *(.text*)
 .text.HAL_Init
                0x00000000080005e8       0x2c ./Drivers/STM32F3xx_HAL_Driver/Src/stm32f3xx_hal.o
                0x00000000080005e8                HAL_Init
 .text.HAL_InitTick
                0x0000000008000614       0x60 ./Drivers/STM32F3xx_HAL_Driver/Src/stm32f3xx_hal.o
                0x0000000008000614                HAL_InitTick
 .text.HAL_IncTick
                0x0000000008000674       0x28 ./Drivers/STM32F3xx_HAL_Driver/Src/stm32f3xx_hal.o
                0x0000000008000674                HAL_IncTick
 .text.HAL_GetTick
                0x000000000800069c       0x18 ./Drivers/STM32F3xx_HAL_Driver/Src/stm32f3xx_hal.o
                0x000000000800069c                HAL_GetTick
 .text.HAL_ADC_ConvCpltCallback
                0x00000000080006b4       0x14 ./Drivers/STM32F3xx_HAL_Driver/Src/stm32f3xx_hal_adc.o
                0x00000000080006b4                HAL_ADC_ConvCpltCallback
 .text.HAL_ADC_ConvHalfCpltCallback
                0x00000000080006c8       0x14 ./Drivers/STM32F3xx_HAL_Driver/Src/stm32f3xx_hal_adc.o
                0x00000000080006c8                HAL_ADC_ConvHalfCpltCallback
 .text.HAL_ADC_ErrorCallback
                0x00000000080006dc       0x14 ./Drivers/STM32F3xx_HAL_Driver/Src/stm32f3xx_hal_adc.o
                0x00000000080006dc                HAL_ADC_ErrorCallback
 .text.HAL_ADC_Init
                0x00000000080006f0      0x324 ./Drivers/STM32F3xx_HAL_Driver/Src/stm32f3xx_hal_adc_ex.o
                0x00000000080006f0                HAL_ADC_Init
 .text.HAL_ADC_Start_DMA
                0x0000000008000a14      0x1b4 ./Drivers/STM32F3xx_HAL_Driver/Src/stm32f3xx_hal_adc_ex.o
                0x0000000008000a14                HAL_ADC_Start_DMA
 .text.HAL_ADCEx_Calibration_Start
                0x0000000008000bc8       0xe4 ./Drivers/STM32F3xx_HAL_Driver/Src/stm32f3xx_hal_adc_ex.o
                0x0000000008000bc8                HAL_ADCEx_Calibration_Start
 .text.HAL_ADCEx_Calibration_GetValue
                0x0000000008000cac       0x34 ./Drivers/STM32F3xx_HAL_Driver/Src/stm32f3xx_hal_adc_ex.o
                0x0000000008000cac                HAL_ADCEx_Calibration_GetValue
 .text.HAL_ADCEx_Calibration_SetValue
                0x0000000008000ce0       0xc4 ./Drivers/STM32F3xx_HAL_Driver/Src/stm32f3xx_hal_adc_ex.o
                0x0000000008000ce0                HAL_ADCEx_Calibration_SetValue
 .text.HAL_ADC_ConfigChannel
                0x0000000008000da4      0x580 ./Drivers/STM32F3xx_HAL_Driver/Src/stm32f3xx_hal_adc_ex.o
                0x0000000008000da4                HAL_ADC_ConfigChannel
 .text.HAL_ADCEx_MultiModeConfigChannel
                0x0000000008001324      0x18c ./Drivers/STM32F3xx_HAL_Driver/Src/stm32f3xx_hal_adc_ex.o
                0x0000000008001324                HAL_ADCEx_MultiModeConfigChannel
 .text.ADC_DMAConvCplt
                0x00000000080014b0       0x7a ./Drivers/STM32F3xx_HAL_Driver/Src/stm32f3xx_hal_adc_ex.o
 .text.ADC_DMAHalfConvCplt
                0x000000000800152a       0x1c ./Drivers/STM32F3xx_HAL_Driver/Src/stm32f3xx_hal_adc_ex.o
 .text.ADC_DMAError
                0x0000000008001546       0x34 ./Drivers/STM32F3xx_HAL_Driver/Src/stm32f3xx_hal_adc_ex.o
 *fill*         0x000000000800157a        0x2 
 .text.ADC_Enable
                0x000000000800157c       0xc8 ./Drivers/STM32F3xx_HAL_Driver/Src/stm32f3xx_hal_adc_ex.o
 .text.ADC_Disable
                0x0000000008001644       0xcc ./Drivers/STM32F3xx_HAL_Driver/Src/stm32f3xx_hal_adc_ex.o
 .text.__NVIC_SetPriorityGrouping
                0x0000000008001710       0x48 ./Drivers/STM32F3xx_HAL_Driver/Src/stm32f3xx_hal_cortex.o
 .text.__NVIC_GetPriorityGrouping
                0x0000000008001758       0x1c ./Drivers/STM32F3xx_HAL_Driver/Src/stm32f3xx_hal_cortex.o
 .text.__NVIC_EnableIRQ
                0x0000000008001774       0x3c ./Drivers/STM32F3xx_HAL_Driver/Src/stm32f3xx_hal_cortex.o
 .text.__NVIC_SetPriority
                0x00000000080017b0       0x54 ./Drivers/STM32F3xx_HAL_Driver/Src/stm32f3xx_hal_cortex.o
 .text.NVIC_EncodePriority
                0x0000000008001804       0x66 ./Drivers/STM32F3xx_HAL_Driver/Src/stm32f3xx_hal_cortex.o
 *fill*         0x000000000800186a        0x2 
 .text.SysTick_Config
                0x000000000800186c       0x44 ./Drivers/STM32F3xx_HAL_Driver/Src/stm32f3xx_hal_cortex.o
 .text.HAL_NVIC_SetPriorityGrouping
                0x00000000080018b0       0x16 ./Drivers/STM32F3xx_HAL_Driver/Src/stm32f3xx_hal_cortex.o
                0x00000000080018b0                HAL_NVIC_SetPriorityGrouping
 .text.HAL_NVIC_SetPriority
                0x00000000080018c6       0x38 ./Drivers/STM32F3xx_HAL_Driver/Src/stm32f3xx_hal_cortex.o
                0x00000000080018c6                HAL_NVIC_SetPriority
 .text.HAL_NVIC_EnableIRQ
                0x00000000080018fe       0x1c ./Drivers/STM32F3xx_HAL_Driver/Src/stm32f3xx_hal_cortex.o
                0x00000000080018fe                HAL_NVIC_EnableIRQ
 .text.HAL_SYSTICK_Config
                0x000000000800191a       0x18 ./Drivers/STM32F3xx_HAL_Driver/Src/stm32f3xx_hal_cortex.o
                0x000000000800191a                HAL_SYSTICK_Config
 *fill*         0x0000000008001932        0x2 
 .text.HAL_CRC_Init
                0x0000000008001934       0xc8 ./Drivers/STM32F3xx_HAL_Driver/Src/stm32f3xx_hal_crc.o
                0x0000000008001934                HAL_CRC_Init
 .text.HAL_CRCEx_Polynomial_Set
                0x00000000080019fc      0x10c ./Drivers/STM32F3xx_HAL_Driver/Src/stm32f3xx_hal_crc_ex.o
                0x00000000080019fc                HAL_CRCEx_Polynomial_Set
 .text.HAL_DAC_Init
                0x0000000008001b08       0x44 ./Drivers/STM32F3xx_HAL_Driver/Src/stm32f3xx_hal_dac.o
                0x0000000008001b08                HAL_DAC_Init
 .text.HAL_DAC_SetValue
                0x0000000008001b4c       0x4a ./Drivers/STM32F3xx_HAL_Driver/Src/stm32f3xx_hal_dac_ex.o
                0x0000000008001b4c                HAL_DAC_SetValue
 .text.HAL_DAC_Start
                0x0000000008001b96       0x96 ./Drivers/STM32F3xx_HAL_Driver/Src/stm32f3xx_hal_dac_ex.o
                0x0000000008001b96                HAL_DAC_Start
 .text.HAL_DAC_ConfigChannel
                0x0000000008001c2c       0xd0 ./Drivers/STM32F3xx_HAL_Driver/Src/stm32f3xx_hal_dac_ex.o
                0x0000000008001c2c                HAL_DAC_ConfigChannel
 .text.HAL_DMA_Init
                0x0000000008001cfc       0x8e ./Drivers/STM32F3xx_HAL_Driver/Src/stm32f3xx_hal_dma.o
                0x0000000008001cfc                HAL_DMA_Init
 .text.HAL_DMA_Start_IT
                0x0000000008001d8a       0xbe ./Drivers/STM32F3xx_HAL_Driver/Src/stm32f3xx_hal_dma.o
                0x0000000008001d8a                HAL_DMA_Start_IT
 .text.HAL_DMA_Abort
                0x0000000008001e48       0x72 ./Drivers/STM32F3xx_HAL_Driver/Src/stm32f3xx_hal_dma.o
                0x0000000008001e48                HAL_DMA_Abort
 .text.HAL_DMA_Abort_IT
                0x0000000008001eba       0x7c ./Drivers/STM32F3xx_HAL_Driver/Src/stm32f3xx_hal_dma.o
                0x0000000008001eba                HAL_DMA_Abort_IT
 .text.HAL_DMA_IRQHandler
                0x0000000008001f36      0x146 ./Drivers/STM32F3xx_HAL_Driver/Src/stm32f3xx_hal_dma.o
                0x0000000008001f36                HAL_DMA_IRQHandler
 .text.DMA_SetConfig
                0x000000000800207c       0x5c ./Drivers/STM32F3xx_HAL_Driver/Src/stm32f3xx_hal_dma.o
 .text.DMA_CalcBaseAndBitshift
                0x00000000080020d8       0x40 ./Drivers/STM32F3xx_HAL_Driver/Src/stm32f3xx_hal_dma.o
 .text.HAL_GPIO_Init
                0x0000000008002118      0x2e4 ./Drivers/STM32F3xx_HAL_Driver/Src/stm32f3xx_hal_gpio.o
                0x0000000008002118                HAL_GPIO_Init
 .text.HAL_GPIO_ReadPin
                0x00000000080023fc       0x30 ./Drivers/STM32F3xx_HAL_Driver/Src/stm32f3xx_hal_gpio.o
                0x00000000080023fc                HAL_GPIO_ReadPin
 .text.HAL_GPIO_WritePin
                0x000000000800242c       0x30 ./Drivers/STM32F3xx_HAL_Driver/Src/stm32f3xx_hal_gpio.o
                0x000000000800242c                HAL_GPIO_WritePin
 .text.HAL_GPIO_TogglePin
                0x000000000800245c       0x34 ./Drivers/STM32F3xx_HAL_Driver/Src/stm32f3xx_hal_gpio.o
                0x000000000800245c                HAL_GPIO_TogglePin
 .text.HAL_RCC_OscConfig
                0x0000000008002490     0x107c ./Drivers/STM32F3xx_HAL_Driver/Src/stm32f3xx_hal_rcc.o
                0x0000000008002490                HAL_RCC_OscConfig
 .text.HAL_RCC_ClockConfig
                0x000000000800350c      0x2f8 ./Drivers/STM32F3xx_HAL_Driver/Src/stm32f3xx_hal_rcc.o
                0x000000000800350c                HAL_RCC_ClockConfig
 .text.HAL_RCC_GetSysClockFreq
                0x0000000008003804       0xd4 ./Drivers/STM32F3xx_HAL_Driver/Src/stm32f3xx_hal_rcc.o
                0x0000000008003804                HAL_RCC_GetSysClockFreq
 .text.HAL_RCC_GetHCLKFreq
                0x00000000080038d8       0x18 ./Drivers/STM32F3xx_HAL_Driver/Src/stm32f3xx_hal_rcc.o
                0x00000000080038d8                HAL_RCC_GetHCLKFreq
 .text.HAL_RCC_GetPCLK1Freq
                0x00000000080038f0       0x44 ./Drivers/STM32F3xx_HAL_Driver/Src/stm32f3xx_hal_rcc.o
                0x00000000080038f0                HAL_RCC_GetPCLK1Freq
 .text.HAL_RCC_GetPCLK2Freq
                0x0000000008003934       0x44 ./Drivers/STM32F3xx_HAL_Driver/Src/stm32f3xx_hal_rcc.o
                0x0000000008003934                HAL_RCC_GetPCLK2Freq
 .text.HAL_RCCEx_PeriphCLKConfig
                0x0000000008003978      0x26c ./Drivers/STM32F3xx_HAL_Driver/Src/stm32f3xx_hal_rcc_ex.o
                0x0000000008003978                HAL_RCCEx_PeriphCLKConfig
 .text.HAL_UART_Init
                0x0000000008003be4       0x9c ./Drivers/STM32F3xx_HAL_Driver/Src/stm32f3xx_hal_uart.o
                0x0000000008003be4                HAL_UART_Init
 .text.HAL_UART_Transmit
                0x0000000008003c80      0x128 ./Drivers/STM32F3xx_HAL_Driver/Src/stm32f3xx_hal_uart.o
                0x0000000008003c80                HAL_UART_Transmit
 .text.HAL_UART_Receive_IT
                0x0000000008003da8       0x9c ./Drivers/STM32F3xx_HAL_Driver/Src/stm32f3xx_hal_uart.o
                0x0000000008003da8                HAL_UART_Receive_IT
 .text.HAL_UART_IRQHandler
                0x0000000008003e44      0x5bc ./Drivers/STM32F3xx_HAL_Driver/Src/stm32f3xx_hal_uart.o
                0x0000000008003e44                HAL_UART_IRQHandler
 .text.HAL_UART_TxCpltCallback
                0x0000000008004400       0x14 ./Drivers/STM32F3xx_HAL_Driver/Src/stm32f3xx_hal_uart.o
                0x0000000008004400                HAL_UART_TxCpltCallback
 .text.HAL_UART_RxCpltCallback
                0x0000000008004414       0x14 ./Drivers/STM32F3xx_HAL_Driver/Src/stm32f3xx_hal_uart.o
                0x0000000008004414                HAL_UART_RxCpltCallback
 .text.HAL_UART_ErrorCallback
                0x0000000008004428       0x14 ./Drivers/STM32F3xx_HAL_Driver/Src/stm32f3xx_hal_uart.o
                0x0000000008004428                HAL_UART_ErrorCallback
 .text.HAL_UARTEx_RxEventCallback
                0x000000000800443c       0x18 ./Drivers/STM32F3xx_HAL_Driver/Src/stm32f3xx_hal_uart.o
                0x000000000800443c                HAL_UARTEx_RxEventCallback
 .text.UART_SetConfig
                0x0000000008004454      0x26c ./Drivers/STM32F3xx_HAL_Driver/Src/stm32f3xx_hal_uart.o
                0x0000000008004454                UART_SetConfig
 .text.UART_AdvFeatureConfig
                0x00000000080046c0      0x144 ./Drivers/STM32F3xx_HAL_Driver/Src/stm32f3xx_hal_uart.o
                0x00000000080046c0                UART_AdvFeatureConfig
 .text.UART_CheckIdleState
                0x0000000008004804       0x92 ./Drivers/STM32F3xx_HAL_Driver/Src/stm32f3xx_hal_uart.o
                0x0000000008004804                UART_CheckIdleState
 .text.UART_WaitOnFlagUntilTimeout
                0x0000000008004896      0x188 ./Drivers/STM32F3xx_HAL_Driver/Src/stm32f3xx_hal_uart.o
                0x0000000008004896                UART_WaitOnFlagUntilTimeout
 *fill*         0x0000000008004a1e        0x2 
 .text.UART_Start_Receive_IT
                0x0000000008004a20      0x158 ./Drivers/STM32F3xx_HAL_Driver/Src/stm32f3xx_hal_uart.o
                0x0000000008004a20                UART_Start_Receive_IT
 .text.UART_EndRxTransfer
                0x0000000008004b78       0xc6 ./Drivers/STM32F3xx_HAL_Driver/Src/stm32f3xx_hal_uart.o
 .text.UART_DMAAbortOnError
                0x0000000008004c3e       0x2c ./Drivers/STM32F3xx_HAL_Driver/Src/stm32f3xx_hal_uart.o
 .text.UART_EndTransmit_IT
                0x0000000008004c6a       0x54 ./Drivers/STM32F3xx_HAL_Driver/Src/stm32f3xx_hal_uart.o
 .text.UART_RxISR_8BIT
                0x0000000008004cbe      0x15c ./Drivers/STM32F3xx_HAL_Driver/Src/stm32f3xx_hal_uart.o
 .text.UART_RxISR_16BIT
                0x0000000008004e1a      0x15c ./Drivers/STM32F3xx_HAL_Driver/Src/stm32f3xx_hal_uart.o
 .text.HAL_UARTEx_WakeupCallback
                0x0000000008004f76       0x14 ./Drivers/STM32F3xx_HAL_Driver/Src/stm32f3xx_hal_uart_ex.o
                0x0000000008004f76                HAL_UARTEx_WakeupCallback
 .text.makeFreeRtosPriority
                0x0000000008004f8a       0x30 ./Middlewares/Third_Party/FreeRTOS/Source/CMSIS_RTOS/cmsis_os.o
 .text.osKernelStart
                0x0000000008004fba        0xe ./Middlewares/Third_Party/FreeRTOS/Source/CMSIS_RTOS/cmsis_os.o
                0x0000000008004fba                osKernelStart
 .text.osThreadCreate
                0x0000000008004fc8       0x98 ./Middlewares/Third_Party/FreeRTOS/Source/CMSIS_RTOS/cmsis_os.o
                0x0000000008004fc8                osThreadCreate
 .text.osDelay  0x0000000008005060       0x28 ./Middlewares/Third_Party/FreeRTOS/Source/CMSIS_RTOS/cmsis_os.o
                0x0000000008005060                osDelay
 .text.vListInitialise
                0x0000000008005088       0x40 ./Middlewares/Third_Party/FreeRTOS/Source/list.o
                0x0000000008005088                vListInitialise
 .text.vListInitialiseItem
                0x00000000080050c8       0x1a ./Middlewares/Third_Party/FreeRTOS/Source/list.o
                0x00000000080050c8                vListInitialiseItem
 .text.vListInsertEnd
                0x00000000080050e2       0x48 ./Middlewares/Third_Party/FreeRTOS/Source/list.o
                0x00000000080050e2                vListInsertEnd
 .text.vListInsert
                0x000000000800512a       0x72 ./Middlewares/Third_Party/FreeRTOS/Source/list.o
                0x000000000800512a                vListInsert
 .text.uxListRemove
                0x000000000800519c       0x54 ./Middlewares/Third_Party/FreeRTOS/Source/list.o
                0x000000000800519c                uxListRemove
 .text.xTaskCreateStatic
                0x00000000080051f0       0xb8 ./Middlewares/Third_Party/FreeRTOS/Source/tasks.o
                0x00000000080051f0                xTaskCreateStatic
 .text.xTaskCreate
                0x00000000080052a8       0x8a ./Middlewares/Third_Party/FreeRTOS/Source/tasks.o
                0x00000000080052a8                xTaskCreate
 .text.prvInitialiseNewTask
                0x0000000008005332       0xfe ./Middlewares/Third_Party/FreeRTOS/Source/tasks.o
 .text.prvAddNewTaskToReadyList
                0x0000000008005430       0xd4 ./Middlewares/Third_Party/FreeRTOS/Source/tasks.o
 .text.vTaskDelay
                0x0000000008005504       0x68 ./Middlewares/Third_Party/FreeRTOS/Source/tasks.o
                0x0000000008005504                vTaskDelay
 .text.vTaskStartScheduler
                0x000000000800556c       0xc0 ./Middlewares/Third_Party/FreeRTOS/Source/tasks.o
                0x000000000800556c                vTaskStartScheduler
 .text.vTaskSuspendAll
                0x000000000800562c       0x1c ./Middlewares/Third_Party/FreeRTOS/Source/tasks.o
                0x000000000800562c                vTaskSuspendAll
 .text.xTaskResumeAll
                0x0000000008005648      0x138 ./Middlewares/Third_Party/FreeRTOS/Source/tasks.o
                0x0000000008005648                xTaskResumeAll
 .text.xTaskIncrementTick
                0x0000000008005780      0x17c ./Middlewares/Third_Party/FreeRTOS/Source/tasks.o
                0x0000000008005780                xTaskIncrementTick
 .text.vTaskSwitchContext
                0x00000000080058fc       0xb8 ./Middlewares/Third_Party/FreeRTOS/Source/tasks.o
                0x00000000080058fc                vTaskSwitchContext
 .text.prvIdleTask
                0x00000000080059b4       0x30 ./Middlewares/Third_Party/FreeRTOS/Source/tasks.o
 .text.prvInitialiseTaskLists
                0x00000000080059e4       0x80 ./Middlewares/Third_Party/FreeRTOS/Source/tasks.o
 .text.prvCheckTasksWaitingTermination
                0x0000000008005a64       0x5c ./Middlewares/Third_Party/FreeRTOS/Source/tasks.o
 .text.prvDeleteTCB
                0x0000000008005ac0       0x5e ./Middlewares/Third_Party/FreeRTOS/Source/tasks.o
 *fill*         0x0000000008005b1e        0x2 
 .text.prvResetNextTaskUnblockTime
                0x0000000008005b20       0x4c ./Middlewares/Third_Party/FreeRTOS/Source/tasks.o
 .text.xTaskGetSchedulerState
                0x0000000008005b6c       0x3c ./Middlewares/Third_Party/FreeRTOS/Source/tasks.o
                0x0000000008005b6c                xTaskGetSchedulerState
 .text.prvAddCurrentTaskToDelayedList
                0x0000000008005ba8       0xcc ./Middlewares/Third_Party/FreeRTOS/Source/tasks.o
 .text.pxPortInitialiseStack
                0x0000000008005c74       0x68 ./Middlewares/Third_Party/FreeRTOS/Source/portable/GCC/ARM_CM4F/port.o
                0x0000000008005c74                pxPortInitialiseStack
 .text.prvTaskExitError
                0x0000000008005cdc       0x58 ./Middlewares/Third_Party/FreeRTOS/Source/portable/GCC/ARM_CM4F/port.o
 *fill*         0x0000000008005d34        0xc 
 .text.SVC_Handler
                0x0000000008005d40       0x28 ./Middlewares/Third_Party/FreeRTOS/Source/portable/GCC/ARM_CM4F/port.o
                0x0000000008005d40                SVC_Handler
 .text.prvPortStartFirstTask
                0x0000000008005d68       0x28 ./Middlewares/Third_Party/FreeRTOS/Source/portable/GCC/ARM_CM4F/port.o
 .text.xPortStartScheduler
                0x0000000008005d90      0x144 ./Middlewares/Third_Party/FreeRTOS/Source/portable/GCC/ARM_CM4F/port.o
                0x0000000008005d90                xPortStartScheduler
 .text.vPortEnterCritical
                0x0000000008005ed4       0x60 ./Middlewares/Third_Party/FreeRTOS/Source/portable/GCC/ARM_CM4F/port.o
                0x0000000008005ed4                vPortEnterCritical
 .text.vPortExitCritical
                0x0000000008005f34       0x54 ./Middlewares/Third_Party/FreeRTOS/Source/portable/GCC/ARM_CM4F/port.o
                0x0000000008005f34                vPortExitCritical
 *fill*         0x0000000008005f88        0x8 
 .text.PendSV_Handler
                0x0000000008005f90       0x68 ./Middlewares/Third_Party/FreeRTOS/Source/portable/GCC/ARM_CM4F/port.o
                0x0000000008005f90                PendSV_Handler
 .text.xPortSysTickHandler
                0x0000000008005ff8       0x44 ./Middlewares/Third_Party/FreeRTOS/Source/portable/GCC/ARM_CM4F/port.o
                0x0000000008005ff8                xPortSysTickHandler
 .text.vPortSetupTimerInterrupt
                0x000000000800603c       0x48 ./Middlewares/Third_Party/FreeRTOS/Source/portable/GCC/ARM_CM4F/port.o
                0x000000000800603c                vPortSetupTimerInterrupt
 .text.vPortEnableVFP
                0x0000000008006084       0x14 ./Middlewares/Third_Party/FreeRTOS/Source/portable/GCC/ARM_CM4F/port.o
 .text.pvPortMalloc
                0x0000000008006098      0x188 ./Middlewares/Third_Party/FreeRTOS/Source/portable/MemMang/heap_4.o
                0x0000000008006098                pvPortMalloc
 .text.vPortFree
                0x0000000008006220       0xb4 ./Middlewares/Third_Party/FreeRTOS/Source/portable/MemMang/heap_4.o
                0x0000000008006220                vPortFree
 .text.prvHeapInit
                0x00000000080062d4       0xc4 ./Middlewares/Third_Party/FreeRTOS/Source/portable/MemMang/heap_4.o
 .text.prvInsertBlockIntoFreeList
                0x0000000008006398       0xb4 ./Middlewares/Third_Party/FreeRTOS/Source/portable/MemMang/heap_4.o
 .text.ADC_Caculation
                0x000000000800644c      0x3e4 ./Src/ADC_Calculation.o
                0x000000000800644c                ADC_Caculation
 .text.i2s      0x0000000008006830       0xc0 ./Src/ADC_Calculation.o
                0x0000000008006830                i2s
 .text.BoardComm
                0x00000000080068f0      0x1a8 ./Src/BoardComm.o
                0x00000000080068f0                BoardComm
 .text.Sputter  0x0000000008006a98      0x720 ./Src/Sputter.o
                0x0000000008006a98                Sputter
 .text.vApplicationGetIdleTaskMemory
                0x00000000080071b8       0x34 ./Src/freertos.o
                0x00000000080071b8                vApplicationGetIdleTaskMemory
 .text.main     0x00000000080071ec      0x188 ./Src/main.o
                0x00000000080071ec                main
 .text.SystemClock_Config
                0x0000000008007374       0xb4 ./Src/main.o
                0x0000000008007374                SystemClock_Config
 .text.MX_ADC1_Init
                0x0000000008007428       0xfc ./Src/main.o
 .text.MX_CRC_Init
                0x0000000008007524       0x44 ./Src/main.o
 .text.MX_DAC1_Init
                0x0000000008007568       0x70 ./Src/main.o
 .text.MX_DAC2_Init
                0x00000000080075d8       0x54 ./Src/main.o
 .text.MX_USART2_UART_Init
                0x000000000800762c       0x60 ./Src/main.o
 .text.MX_DMA_Init
                0x000000000800768c       0x3c ./Src/main.o
 .text.MX_GPIO_Init
                0x00000000080076c8      0x15c ./Src/main.o
 .text.StartDefaultTask
                0x0000000008007824       0x10 ./Src/main.o
                0x0000000008007824                StartDefaultTask
 .text.Error_Handler
                0x0000000008007834        0xa ./Src/main.o
                0x0000000008007834                Error_Handler
 *fill*         0x000000000800783e        0x2 
 .text.HAL_MspInit
                0x0000000008007840       0x50 ./Src/stm32f3xx_hal_msp.o
                0x0000000008007840                HAL_MspInit
 .text.HAL_ADC_MspInit
                0x0000000008007890       0xd0 ./Src/stm32f3xx_hal_msp.o
                0x0000000008007890                HAL_ADC_MspInit
 .text.HAL_CRC_MspInit
                0x0000000008007960       0x40 ./Src/stm32f3xx_hal_msp.o
                0x0000000008007960                HAL_CRC_MspInit
 .text.HAL_DAC_MspInit
                0x00000000080079a0       0xd8 ./Src/stm32f3xx_hal_msp.o
                0x00000000080079a0                HAL_DAC_MspInit
 .text.HAL_UART_MspInit
                0x0000000008007a78       0x98 ./Src/stm32f3xx_hal_msp.o
                0x0000000008007a78                HAL_UART_MspInit
 .text.SysTick_Handler
                0x0000000008007b10       0x1a ./Src/stm32f3xx_it.o
                0x0000000008007b10                SysTick_Handler
 *fill*         0x0000000008007b2a        0x2 
 .text.DMA1_Channel1_IRQHandler
                0x0000000008007b2c       0x14 ./Src/stm32f3xx_it.o
                0x0000000008007b2c                DMA1_Channel1_IRQHandler
 .text.USART2_IRQHandler
                0x0000000008007b40       0xfc ./Src/stm32f3xx_it.o
                0x0000000008007b40                USART2_IRQHandler
 .text.SystemInit
                0x0000000008007c3c       0x24 ./Src/system_stm32f3xx.o
                0x0000000008007c3c                SystemInit
 .text.Reset_Handler
                0x0000000008007c60       0x50 ./Startup/startup_stm32f334r8tx.o
                0x0000000008007c60                Reset_Handler
 .text.Default_Handler
                0x0000000008007cb0        0x2 ./Startup/startup_stm32f334r8tx.o
                0x0000000008007cb0                RTC_Alarm_IRQHandler
                0x0000000008007cb0                HRTIM1_Master_IRQHandler
                0x0000000008007cb0                DebugMon_Handler
                0x0000000008007cb0                TIM1_CC_IRQHandler
                0x0000000008007cb0                HardFault_Handler
                0x0000000008007cb0                HRTIM1_FLT_IRQHandler
                0x0000000008007cb0                PVD_IRQHandler
                0x0000000008007cb0                HRTIM1_TIMD_IRQHandler
                0x0000000008007cb0                TAMP_STAMP_IRQHandler
                0x0000000008007cb0                NMI_Handler
                0x0000000008007cb0                EXTI3_IRQHandler
                0x0000000008007cb0                EXTI0_IRQHandler
                0x0000000008007cb0                FPU_IRQHandler
                0x0000000008007cb0                CAN_TX_IRQHandler
                0x0000000008007cb0                TIM1_UP_TIM16_IRQHandler
                0x0000000008007cb0                UsageFault_Handler
                0x0000000008007cb0                ADC1_2_IRQHandler
                0x0000000008007cb0                HRTIM1_TIME_IRQHandler
                0x0000000008007cb0                SPI1_IRQHandler
                0x0000000008007cb0                CAN_SCE_IRQHandler
                0x0000000008007cb0                HRTIM1_TIMC_IRQHandler
                0x0000000008007cb0                DMA1_Channel4_IRQHandler
                0x0000000008007cb0                USART3_IRQHandler
                0x0000000008007cb0                DMA1_Channel7_IRQHandler
                0x0000000008007cb0                TIM7_DAC2_IRQHandler
                0x0000000008007cb0                CAN_RX1_IRQHandler
                0x0000000008007cb0                I2C1_EV_IRQHandler
                0x0000000008007cb0                DMA1_Channel6_IRQHandler
                0x0000000008007cb0                TIM3_IRQHandler
                0x0000000008007cb0                RCC_IRQHandler
                0x0000000008007cb0                Default_Handler
                0x0000000008007cb0                EXTI15_10_IRQHandler
                0x0000000008007cb0                COMP2_IRQHandler
                0x0000000008007cb0                HRTIM1_TIMA_IRQHandler
                0x0000000008007cb0                TIM6_DAC1_IRQHandler
                0x0000000008007cb0                EXTI9_5_IRQHandler
                0x0000000008007cb0                RTC_WKUP_IRQHandler
                0x0000000008007cb0                MemManage_Handler
                0x0000000008007cb0                DMA1_Channel5_IRQHandler
                0x0000000008007cb0                EXTI4_IRQHandler
                0x0000000008007cb0                HRTIM1_TIMB_IRQHandler
                0x0000000008007cb0                TIM1_TRG_COM_TIM17_IRQHandler
                0x0000000008007cb0                DMA1_Channel3_IRQHandler
                0x0000000008007cb0                WWDG_IRQHandler
                0x0000000008007cb0                TIM2_IRQHandler
                0x0000000008007cb0                EXTI1_IRQHandler
                0x0000000008007cb0                COMP4_6_IRQHandler
                0x0000000008007cb0                DMA1_Channel2_IRQHandler
                0x0000000008007cb0                FLASH_IRQHandler
                0x0000000008007cb0                BusFault_Handler
                0x0000000008007cb0                USART1_IRQHandler
                0x0000000008007cb0                CAN_RX0_IRQHandler
                0x0000000008007cb0                I2C1_ER_IRQHandler
                0x0000000008007cb0                EXTI2_TSC_IRQHandler
                0x0000000008007cb0                TIM1_BRK_TIM15_IRQHandler
 *fill*         0x0000000008007cb2        0x2 
 .text.__libc_init_array
                0x0000000008007cb4       0x48 d:/st/stm32cubeide_1.9.0/stm32cubeide/plugins/com.st.stm32cube.ide.mcu.externaltools.gnu-tools-for-stm32.10.3-2021.10.win32_1.0.0.202111181127/tools/bin/../lib/gcc/arm-none-eabi/10.3.1/../../../../arm-none-eabi/lib/thumb/v7e-m+fp/hard\libc_nano.a(lib_a-init.o)
                0x0000000008007cb4                __libc_init_array
 .text.memset   0x0000000008007cfc       0x10 d:/st/stm32cubeide_1.9.0/stm32cubeide/plugins/com.st.stm32cube.ide.mcu.externaltools.gnu-tools-for-stm32.10.3-2021.10.win32_1.0.0.202111181127/tools/bin/../lib/gcc/arm-none-eabi/10.3.1/../../../../arm-none-eabi/lib/thumb/v7e-m+fp/hard\libc_nano.a(lib_a-memset.o)
                0x0000000008007cfc                memset
 *(.glue_7)
 .glue_7        0x0000000008007d0c        0x0 linker stubs
 *(.glue_7t)
 .glue_7t       0x0000000008007d0c        0x0 linker stubs
 *(.eh_frame)
 .eh_frame      0x0000000008007d0c        0x0 d:/st/stm32cubeide_1.9.0/stm32cubeide/plugins/com.st.stm32cube.ide.mcu.externaltools.gnu-tools-for-stm32.10.3-2021.10.win32_1.0.0.202111181127/tools/bin/../lib/gcc/arm-none-eabi/10.3.1/thumb/v7e-m+fp/hard/crtbegin.o
 *(.init)
 .init          0x0000000008007d0c        0x4 d:/st/stm32cubeide_1.9.0/stm32cubeide/plugins/com.st.stm32cube.ide.mcu.externaltools.gnu-tools-for-stm32.10.3-2021.10.win32_1.0.0.202111181127/tools/bin/../lib/gcc/arm-none-eabi/10.3.1/thumb/v7e-m+fp/hard/crti.o
                0x0000000008007d0c                _init
 .init          0x0000000008007d10        0x8 d:/st/stm32cubeide_1.9.0/stm32cubeide/plugins/com.st.stm32cube.ide.mcu.externaltools.gnu-tools-for-stm32.10.3-2021.10.win32_1.0.0.202111181127/tools/bin/../lib/gcc/arm-none-eabi/10.3.1/thumb/v7e-m+fp/hard/crtn.o
 *(.fini)
 .fini          0x0000000008007d18        0x4 d:/st/stm32cubeide_1.9.0/stm32cubeide/plugins/com.st.stm32cube.ide.mcu.externaltools.gnu-tools-for-stm32.10.3-2021.10.win32_1.0.0.202111181127/tools/bin/../lib/gcc/arm-none-eabi/10.3.1/thumb/v7e-m+fp/hard/crti.o
                0x0000000008007d18                _fini
 .fini          0x0000000008007d1c        0x8 d:/st/stm32cubeide_1.9.0/stm32cubeide/plugins/com.st.stm32cube.ide.mcu.externaltools.gnu-tools-for-stm32.10.3-2021.10.win32_1.0.0.202111181127/tools/bin/../lib/gcc/arm-none-eabi/10.3.1/thumb/v7e-m+fp/hard/crtn.o
                0x0000000008007d24                . = ALIGN (0x4)
                0x0000000008007d24                _etext = .

.vfp11_veneer   0x0000000008007d24        0x0
 .vfp11_veneer  0x0000000008007d24        0x0 linker stubs

.v4_bx          0x0000000008007d24        0x0
 .v4_bx         0x0000000008007d24        0x0 linker stubs

.iplt           0x0000000008007d24        0x0
 .iplt          0x0000000008007d24        0x0 d:/st/stm32cubeide_1.9.0/stm32cubeide/plugins/com.st.stm32cube.ide.mcu.externaltools.gnu-tools-for-stm32.10.3-2021.10.win32_1.0.0.202111181127/tools/bin/../lib/gcc/arm-none-eabi/10.3.1/thumb/v7e-m+fp/hard/crtbegin.o

.rodata         0x0000000008007d24       0xe8
                0x0000000008007d24                . = ALIGN (0x4)
 *(.rodata)
 .rodata        0x0000000008007d24        0x5 ./Middlewares/Third_Party/FreeRTOS/Source/tasks.o
 *fill*         0x0000000008007d29        0x3 
 .rodata        0x0000000008007d2c       0xa8 ./Src/main.o
 *(.rodata*)
 .rodata.aPLLMULFactorTable
                0x0000000008007dd4       0x10 ./Drivers/STM32F3xx_HAL_Driver/Src/stm32f3xx_hal_rcc.o
                0x0000000008007dd4                aPLLMULFactorTable
 .rodata.aPredivFactorTable
                0x0000000008007de4       0x10 ./Drivers/STM32F3xx_HAL_Driver/Src/stm32f3xx_hal_rcc.o
                0x0000000008007de4                aPredivFactorTable
 .rodata.AHBPrescTable
                0x0000000008007df4       0x10 ./Src/system_stm32f3xx.o
                0x0000000008007df4                AHBPrescTable
 .rodata.APBPrescTable
                0x0000000008007e04        0x8 ./Src/system_stm32f3xx.o
                0x0000000008007e04                APBPrescTable
                0x0000000008007e0c                . = ALIGN (0x4)

.rel.dyn        0x0000000008007e0c        0x0
 .rel.iplt      0x0000000008007e0c        0x0 d:/st/stm32cubeide_1.9.0/stm32cubeide/plugins/com.st.stm32cube.ide.mcu.externaltools.gnu-tools-for-stm32.10.3-2021.10.win32_1.0.0.202111181127/tools/bin/../lib/gcc/arm-none-eabi/10.3.1/thumb/v7e-m+fp/hard/crtbegin.o

.ARM.extab      0x0000000008007e0c        0x0
                0x0000000008007e0c                . = ALIGN (0x4)
 *(.ARM.extab* .gnu.linkonce.armextab.*)
                0x0000000008007e0c                . = ALIGN (0x4)

.ARM            0x0000000008007e0c        0x0
                0x0000000008007e0c                . = ALIGN (0x4)
                0x0000000008007e0c                __exidx_start = .
 *(.ARM.exidx*)
                0x0000000008007e0c                __exidx_end = .
                0x0000000008007e0c                . = ALIGN (0x4)

.preinit_array  0x0000000008007e0c        0x0
                0x0000000008007e0c                . = ALIGN (0x4)
                0x0000000008007e0c                PROVIDE (__preinit_array_start = .)
 *(.preinit_array*)
                0x0000000008007e0c                PROVIDE (__preinit_array_end = .)
                0x0000000008007e0c                . = ALIGN (0x4)

.init_array     0x0000000008007e0c        0x4
                0x0000000008007e0c                . = ALIGN (0x4)
                0x0000000008007e0c                PROVIDE (__init_array_start = .)
 *(SORT_BY_NAME(.init_array.*))
 *(.init_array*)
 .init_array    0x0000000008007e0c        0x4 d:/st/stm32cubeide_1.9.0/stm32cubeide/plugins/com.st.stm32cube.ide.mcu.externaltools.gnu-tools-for-stm32.10.3-2021.10.win32_1.0.0.202111181127/tools/bin/../lib/gcc/arm-none-eabi/10.3.1/thumb/v7e-m+fp/hard/crtbegin.o
                0x0000000008007e10                PROVIDE (__init_array_end = .)
                0x0000000008007e10                . = ALIGN (0x4)

.fini_array     0x0000000008007e10        0x4
                0x0000000008007e10                . = ALIGN (0x4)
                [!provide]                        PROVIDE (__fini_array_start = .)
 *(SORT_BY_NAME(.fini_array.*))
 *(.fini_array*)
 .fini_array    0x0000000008007e10        0x4 d:/st/stm32cubeide_1.9.0/stm32cubeide/plugins/com.st.stm32cube.ide.mcu.externaltools.gnu-tools-for-stm32.10.3-2021.10.win32_1.0.0.202111181127/tools/bin/../lib/gcc/arm-none-eabi/10.3.1/thumb/v7e-m+fp/hard/crtbegin.o
                [!provide]                        PROVIDE (__fini_array_end = .)
                0x0000000008007e14                . = ALIGN (0x4)
                0x0000000008007e14                _sidata = LOADADDR (.data)

.data           0x0000000020000000       0x50 load address 0x0000000008007e14
                0x0000000020000000                . = ALIGN (0x4)
                0x0000000020000000                _sdata = .
 *(.data)
 *(.data*)
 .data.uwTickPrio
                0x0000000020000000        0x4 ./Drivers/STM32F3xx_HAL_Driver/Src/stm32f3xx_hal.o
                0x0000000020000000                uwTickPrio
 .data.uwTickFreq
                0x0000000020000004        0x1 ./Drivers/STM32F3xx_HAL_Driver/Src/stm32f3xx_hal.o
                0x0000000020000004                uwTickFreq
 *fill*         0x0000000020000005        0x3 
 .data.uxCriticalNesting
                0x0000000020000008        0x4 ./Middlewares/Third_Party/FreeRTOS/Source/portable/GCC/ARM_CM4F/port.o
 .data.sent_data
                0x000000002000000c       0x10 ./Src/ADC_Calculation.o
                0x000000002000000c                sent_data
 .data.Nextion_Current_IL300_Coefficient
                0x000000002000001c        0x4 ./Src/ADC_Calculation.o
                0x000000002000001c                Nextion_Current_IL300_Coefficient
 .data.Current_Calibration_Coefficient
                0x0000000020000020        0x4 ./Src/ADC_Calculation.o
                0x0000000020000020                Current_Calibration_Coefficient
 .data.Current_Calibration_Offset
                0x0000000020000024        0x4 ./Src/ADC_Calculation.o
                0x0000000020000024                Current_Calibration_Offset
 .data.Nextion_Voltage_IL300_Coefficient
                0x0000000020000028        0x4 ./Src/ADC_Calculation.o
                0x0000000020000028                Nextion_Voltage_IL300_Coefficient
 .data.Voltage_Calibration_Coefficient
                0x000000002000002c        0x4 ./Src/ADC_Calculation.o
                0x000000002000002c                Voltage_Calibration_Coefficient
 .data.Voltage_Calibration_Offset
                0x0000000020000030        0x4 ./Src/ADC_Calculation.o
                0x0000000020000030                Voltage_Calibration_Offset
 .data.SP_Step  0x0000000020000034        0x4 ./Src/ADC_Calculation.o
                0x0000000020000034                SP_Step
 .data.CC_Level_Calibration_Coefficient
                0x0000000020000038        0x4 ./Src/ADC_Calculation.o
                0x0000000020000038                CC_Level_Calibration_Coefficient
 .data.Setpoint_Limit_Coefficient_C
                0x000000002000003c        0x4 ./Src/BoardComm.o
                0x000000002000003c                Setpoint_Limit_Coefficient_C
 .data.Setpoint_Limit_Coefficient_V
                0x0000000020000040        0x4 ./Src/BoardComm.o
                0x0000000020000040                Setpoint_Limit_Coefficient_V
 .data.state    0x0000000020000044        0x1 ./Src/Sputter.o
                0x0000000020000044                state
 *fill*         0x0000000020000045        0x3 
 .data.SP_Step_v
                0x0000000020000048        0x4 ./Src/Sputter.o
                0x0000000020000048                SP_Step_v
 .data.SystemCoreClock
                0x000000002000004c        0x4 ./Src/system_stm32f3xx.o
                0x000000002000004c                SystemCoreClock
 *(.RamFunc)
 *(.RamFunc*)
                0x0000000020000050                . = ALIGN (0x4)
                0x0000000020000050                _edata = .
                0x0000000008007e64                _siccmram = LOADADDR (.ccmram)

.igot.plt       0x0000000020000050        0x0 load address 0x0000000008007e64
 .igot.plt      0x0000000020000050        0x0 d:/st/stm32cubeide_1.9.0/stm32cubeide/plugins/com.st.stm32cube.ide.mcu.externaltools.gnu-tools-for-stm32.10.3-2021.10.win32_1.0.0.202111181127/tools/bin/../lib/gcc/arm-none-eabi/10.3.1/thumb/v7e-m+fp/hard/crtbegin.o

.ccmram         0x0000000010000000        0x0 load address 0x0000000008007e64
                0x0000000010000000                . = ALIGN (0x4)
                0x0000000010000000                _sccmram = .
 *(.ccmram)
 *(.ccmram*)
                0x0000000010000000                . = ALIGN (0x4)
                0x0000000010000000                _eccmram = .
                0x0000000010000000                . = ALIGN (0x4)

.bss            0x0000000020000050     0x1634
                0x0000000020000050                _sbss = .
                0x0000000020000050                __bss_start__ = _sbss
 *(.bss)
 .bss           0x0000000020000050       0x1c d:/st/stm32cubeide_1.9.0/stm32cubeide/plugins/com.st.stm32cube.ide.mcu.externaltools.gnu-tools-for-stm32.10.3-2021.10.win32_1.0.0.202111181127/tools/bin/../lib/gcc/arm-none-eabi/10.3.1/thumb/v7e-m+fp/hard/crtbegin.o
 *(.bss*)
 .bss.uwTick    0x000000002000006c        0x4 ./Drivers/STM32F3xx_HAL_Driver/Src/stm32f3xx_hal.o
                0x000000002000006c                uwTick
 .bss.pxCurrentTCB
                0x0000000020000070        0x4 ./Middlewares/Third_Party/FreeRTOS/Source/tasks.o
                0x0000000020000070                pxCurrentTCB
 .bss.pxReadyTasksLists
                0x0000000020000074       0x8c ./Middlewares/Third_Party/FreeRTOS/Source/tasks.o
 .bss.xDelayedTaskList1
                0x0000000020000100       0x14 ./Middlewares/Third_Party/FreeRTOS/Source/tasks.o
 .bss.xDelayedTaskList2
                0x0000000020000114       0x14 ./Middlewares/Third_Party/FreeRTOS/Source/tasks.o
 .bss.pxDelayedTaskList
                0x0000000020000128        0x4 ./Middlewares/Third_Party/FreeRTOS/Source/tasks.o
 .bss.pxOverflowDelayedTaskList
                0x000000002000012c        0x4 ./Middlewares/Third_Party/FreeRTOS/Source/tasks.o
 .bss.xPendingReadyList
                0x0000000020000130       0x14 ./Middlewares/Third_Party/FreeRTOS/Source/tasks.o
 .bss.xTasksWaitingTermination
                0x0000000020000144       0x14 ./Middlewares/Third_Party/FreeRTOS/Source/tasks.o
 .bss.uxDeletedTasksWaitingCleanUp
                0x0000000020000158        0x4 ./Middlewares/Third_Party/FreeRTOS/Source/tasks.o
 .bss.xSuspendedTaskList
                0x000000002000015c       0x14 ./Middlewares/Third_Party/FreeRTOS/Source/tasks.o
 .bss.uxCurrentNumberOfTasks
                0x0000000020000170        0x4 ./Middlewares/Third_Party/FreeRTOS/Source/tasks.o
 .bss.xTickCount
                0x0000000020000174        0x4 ./Middlewares/Third_Party/FreeRTOS/Source/tasks.o
 .bss.uxTopReadyPriority
                0x0000000020000178        0x4 ./Middlewares/Third_Party/FreeRTOS/Source/tasks.o
 .bss.xSchedulerRunning
                0x000000002000017c        0x4 ./Middlewares/Third_Party/FreeRTOS/Source/tasks.o
 .bss.uxPendedTicks
                0x0000000020000180        0x4 ./Middlewares/Third_Party/FreeRTOS/Source/tasks.o
 .bss.xYieldPending
                0x0000000020000184        0x4 ./Middlewares/Third_Party/FreeRTOS/Source/tasks.o
 .bss.xNumOfOverflows
                0x0000000020000188        0x4 ./Middlewares/Third_Party/FreeRTOS/Source/tasks.o
 .bss.uxTaskNumber
                0x000000002000018c        0x4 ./Middlewares/Third_Party/FreeRTOS/Source/tasks.o
 .bss.xNextTaskUnblockTime
                0x0000000020000190        0x4 ./Middlewares/Third_Party/FreeRTOS/Source/tasks.o
 .bss.xIdleTaskHandle
                0x0000000020000194        0x4 ./Middlewares/Third_Party/FreeRTOS/Source/tasks.o
 .bss.uxSchedulerSuspended
                0x0000000020000198        0x4 ./Middlewares/Third_Party/FreeRTOS/Source/tasks.o
 .bss.ucMaxSysCallPriority
                0x000000002000019c        0x1 ./Middlewares/Third_Party/FreeRTOS/Source/portable/GCC/ARM_CM4F/port.o
 *fill*         0x000000002000019d        0x3 
 .bss.ulMaxPRIGROUPValue
                0x00000000200001a0        0x4 ./Middlewares/Third_Party/FreeRTOS/Source/portable/GCC/ARM_CM4F/port.o
 .bss.ucHeap    0x00000000200001a4     0x1000 ./Middlewares/Third_Party/FreeRTOS/Source/portable/MemMang/heap_4.o
 .bss.xStart    0x00000000200011a4        0x8 ./Middlewares/Third_Party/FreeRTOS/Source/portable/MemMang/heap_4.o
 .bss.pxEnd     0x00000000200011ac        0x4 ./Middlewares/Third_Party/FreeRTOS/Source/portable/MemMang/heap_4.o
 .bss.xFreeBytesRemaining
                0x00000000200011b0        0x4 ./Middlewares/Third_Party/FreeRTOS/Source/portable/MemMang/heap_4.o
 .bss.xMinimumEverFreeBytesRemaining
                0x00000000200011b4        0x4 ./Middlewares/Third_Party/FreeRTOS/Source/portable/MemMang/heap_4.o
 .bss.xBlockAllocatedBit
                0x00000000200011b8        0x4 ./Middlewares/Third_Party/FreeRTOS/Source/portable/MemMang/heap_4.o
 .bss.ADC0_Buffer_Sum
                0x00000000200011bc        0x4 ./Src/ADC_Calculation.o
                0x00000000200011bc                ADC0_Buffer_Sum
 .bss.Averaged_ADC0_Buffer
                0x00000000200011c0        0x4 ./Src/ADC_Calculation.o
                0x00000000200011c0                Averaged_ADC0_Buffer
 .bss.Moving_Average_Buffer_Current
                0x00000000200011c4        0x4 ./Src/ADC_Calculation.o
                0x00000000200011c4                Moving_Average_Buffer_Current
 .bss.ii        0x00000000200011c8        0x1 ./Src/ADC_Calculation.o
                0x00000000200011c8                ii
 .bss.jj        0x00000000200011c9        0x1 ./Src/ADC_Calculation.o
                0x00000000200011c9                jj
 .bss.kk        0x00000000200011ca        0x1 ./Src/ADC_Calculation.o
                0x00000000200011ca                kk
 .bss.Avg_Cnt1  0x00000000200011cb        0x1 ./Src/ADC_Calculation.o
                0x00000000200011cb                Avg_Cnt1
 .bss.Avg_Cnt2  0x00000000200011cc        0x1 ./Src/ADC_Calculation.o
                0x00000000200011cc                Avg_Cnt2
 .bss.Avg_Cnt3  0x00000000200011cd        0x1 ./Src/ADC_Calculation.o
                0x00000000200011cd                Avg_Cnt3
 .bss.Enable_PFC
                0x00000000200011ce        0x1 ./Src/ADC_Calculation.o
                0x00000000200011ce                Enable_PFC
 .bss.Hiccup    0x00000000200011cf        0x1 ./Src/ADC_Calculation.o
                0x00000000200011cf                Hiccup
 .bss.AC_OK     0x00000000200011d0        0x1 ./Src/ADC_Calculation.o
                0x00000000200011d0                AC_OK
 .bss.FB_OTP    0x00000000200011d1        0x1 ./Src/ADC_Calculation.o
                0x00000000200011d1                FB_OTP
 .bss.Quanch_Time_Flage
                0x00000000200011d2        0x1 ./Src/ADC_Calculation.o
                0x00000000200011d2                Quanch_Time_Flage
 *fill*         0x00000000200011d3        0x1 
 .bss.rec_D     0x00000000200011d4        0x1 ./Src/ADC_Calculation.o
                0x00000000200011d4                rec_D
 *fill*         0x00000000200011d5        0x3 
 .bss.ADC1_Buffer_Sum
                0x00000000200011d8        0x4 ./Src/ADC_Calculation.o
                0x00000000200011d8                ADC1_Buffer_Sum
 .bss.Averaged_ADC1_Buffer
                0x00000000200011dc        0x4 ./Src/ADC_Calculation.o
                0x00000000200011dc                Averaged_ADC1_Buffer
 .bss.Moving_Average_Buffer_Voltage
                0x00000000200011e0        0x4 ./Src/ADC_Calculation.o
                0x00000000200011e0                Moving_Average_Buffer_Voltage
 .bss.Pout      0x00000000200011e4        0x4 ./Src/ADC_Calculation.o
                0x00000000200011e4                Pout
 .bss.Power_Buffer
                0x00000000200011e8        0x4 ./Src/ADC_Calculation.o
                0x00000000200011e8                Power_Buffer
 .bss.Averaged_Power
                0x00000000200011ec        0x4 ./Src/ADC_Calculation.o
                0x00000000200011ec                Averaged_Power
 .bss.Moving_Average_Power
                0x00000000200011f0        0x4 ./Src/ADC_Calculation.o
                0x00000000200011f0                Moving_Average_Power
 .bss.Output_Power
                0x00000000200011f4        0x4 ./Src/ADC_Calculation.o
                0x00000000200011f4                Output_Power
 .bss.Iout_NotCalibrated
                0x00000000200011f8        0x4 ./Src/ADC_Calculation.o
                0x00000000200011f8                Iout_NotCalibrated
 .bss.Iout      0x00000000200011fc        0x4 ./Src/ADC_Calculation.o
                0x00000000200011fc                Iout
 .bss.Vout_NotCalibrated
                0x0000000020001200        0x4 ./Src/ADC_Calculation.o
                0x0000000020001200                Vout_NotCalibrated
 .bss.Vout      0x0000000020001204        0x4 ./Src/ADC_Calculation.o
                0x0000000020001204                Vout
 .bss.CC_Level_Calibration_Offset
                0x0000000020001208        0x4 ./Src/ADC_Calculation.o
                0x0000000020001208                CC_Level_Calibration_Offset
 .bss.Power_Setpoint
                0x000000002000120c        0x4 ./Src/ADC_Calculation.o
                0x000000002000120c                Power_Setpoint
 .bss.Read_Current
                0x0000000020001210        0x5 ./Src/ADC_Calculation.o
                0x0000000020001210                Read_Current
 *fill*         0x0000000020001215        0x3 
 .bss.Read_Voltage
                0x0000000020001218        0x5 ./Src/ADC_Calculation.o
                0x0000000020001218                Read_Voltage
 *fill*         0x000000002000121d        0x3 
 .bss.buffer_usart
                0x0000000020001220       0x18 ./Src/BoardComm.o
                0x0000000020001220                buffer_usart
 .bss.Control_Mode
                0x0000000020001238        0x1 ./Src/BoardComm.o
                0x0000000020001238                Control_Mode
 .bss.Enable_Sputter
                0x0000000020001239        0x1 ./Src/BoardComm.o
                0x0000000020001239                Enable_Sputter
 *fill*         0x000000002000123a        0x2 
 .bss.HMI_Current_Setpoint
                0x000000002000123c        0x4 ./Src/BoardComm.o
                0x000000002000123c                HMI_Current_Setpoint
 .bss.HMI_Voltage_Setpoint
                0x0000000020001240        0x4 ./Src/BoardComm.o
                0x0000000020001240                HMI_Voltage_Setpoint
 .bss.Arc_Level
                0x0000000020001244        0x4 ./Src/BoardComm.o
                0x0000000020001244                Arc_Level
 .bss.Quanch_Time
                0x0000000020001248        0x4 ./Src/BoardComm.o
                0x0000000020001248                Quanch_Time
 .bss.Setpoint_Limit_Current
                0x000000002000124c        0x4 ./Src/BoardComm.o
                0x000000002000124c                Setpoint_Limit_Current
 .bss.Setpoint_Limit_Voltage
                0x0000000020001250        0x4 ./Src/BoardComm.o
                0x0000000020001250                Setpoint_Limit_Voltage
 .bss.Setpoint_Limit_Offset_C1
                0x0000000020001254        0x4 ./Src/BoardComm.o
                0x0000000020001254                Setpoint_Limit_Offset_C1
 .bss.Setpoint_Limit_Offset_V1
                0x0000000020001258        0x4 ./Src/BoardComm.o
                0x0000000020001258                Setpoint_Limit_Offset_V1
 .bss.falg_Fan  0x000000002000125c        0x4 ./Src/Sputter.o
                0x000000002000125c                falg_Fan
 .bss.Cnt_AC_OK
                0x0000000020001260        0x4 ./Src/Sputter.o
                0x0000000020001260                Cnt_AC_OK
 .bss.Cnt_FB_OTP
                0x0000000020001264        0x4 ./Src/Sputter.o
                0x0000000020001264                Cnt_FB_OTP
 .bss.Cnt_Hiccup
                0x0000000020001268        0x4 ./Src/Sputter.o
                0x0000000020001268                Cnt_Hiccup
 .bss.Cnt_Fan   0x000000002000126c        0x4 ./Src/Sputter.o
                0x000000002000126c                Cnt_Fan
 .bss.Pout_Error
                0x0000000020001270        0x4 ./Src/Sputter.o
                0x0000000020001270                Pout_Error
 .bss.Pout_Total_Error
                0x0000000020001274        0x4 ./Src/Sputter.o
                0x0000000020001274                Pout_Total_Error
 .bss.Pout_PID  0x0000000020001278        0x4 ./Src/Sputter.o
                0x0000000020001278                Pout_PID
 .bss.flag_AC_OK
                0x000000002000127c        0x4 ./Src/Sputter.o
                0x000000002000127c                flag_AC_OK
 .bss.flag_PFC_OK
                0x0000000020001280        0x4 ./Src/Sputter.o
                0x0000000020001280                flag_PFC_OK
 .bss.flag_PFC_OTP
                0x0000000020001284        0x4 ./Src/Sputter.o
                0x0000000020001284                flag_PFC_OTP
 .bss.flag_FB_OTP
                0x0000000020001288        0x4 ./Src/Sputter.o
                0x0000000020001288                flag_FB_OTP
 .bss.flag_Hiccup
                0x000000002000128c        0x4 ./Src/Sputter.o
                0x000000002000128c                flag_Hiccup
 .bss.CC_Level  0x0000000020001290        0x4 ./Src/Sputter.o
                0x0000000020001290                CC_Level
 .bss.Setpoint  0x0000000020001294        0x4 ./Src/Sputter.o
                0x0000000020001294                Setpoint
 .bss.CC_Level_DAC
                0x0000000020001298        0x4 ./Src/Sputter.o
                0x0000000020001298                CC_Level_DAC
 .bss.Setpoint_v
                0x000000002000129c        0x4 ./Src/Sputter.o
                0x000000002000129c                Setpoint_v
 .bss.xIdleTaskTCBBuffer
                0x00000000200012a0       0x54 ./Src/freertos.o
 .bss.xIdleStack
                0x00000000200012f4      0x200 ./Src/freertos.o
 .bss.hadc1     0x00000000200014f4       0x50 ./Src/main.o
                0x00000000200014f4                hadc1
 .bss.hdma_adc1
                0x0000000020001544       0x44 ./Src/main.o
                0x0000000020001544                hdma_adc1
 .bss.hcrc      0x0000000020001588       0x24 ./Src/main.o
                0x0000000020001588                hcrc
 .bss.hdac1     0x00000000200015ac       0x14 ./Src/main.o
                0x00000000200015ac                hdac1
 .bss.hdac2     0x00000000200015c0       0x14 ./Src/main.o
                0x00000000200015c0                hdac2
 .bss.huart2    0x00000000200015d4       0x84 ./Src/main.o
                0x00000000200015d4                huart2
 .bss.defaultTaskHandle
                0x0000000020001658        0x4 ./Src/main.o
                0x0000000020001658                defaultTaskHandle
 .bss.BoardCommTaskHandle
                0x000000002000165c        0x4 ./Src/main.o
                0x000000002000165c                BoardCommTaskHandle
 .bss.SputterTaskHandle
                0x0000000020001660        0x4 ./Src/main.o
                0x0000000020001660                SputterTaskHandle
 .bss.ADC_Caculation_Handle
                0x0000000020001664        0x4 ./Src/main.o
                0x0000000020001664                ADC_Caculation_Handle
 .bss.ADC_Calibration_Factor
                0x0000000020001668        0x4 ./Src/main.o
                0x0000000020001668                ADC_Calibration_Factor
 .bss.ADC_Buffer
                0x000000002000166c       0x14 ./Src/main.o
                0x000000002000166c                ADC_Buffer
 .bss.index_usart
                0x0000000020001680        0x1 ./Src/stm32f3xx_it.o
                0x0000000020001680                index_usart
 .bss.cn2       0x0000000020001681        0x1 ./Src/stm32f3xx_it.o
                0x0000000020001681                cn2
 .bss.rcv_flg   0x0000000020001682        0x1 ./Src/stm32f3xx_it.o
                0x0000000020001682                rcv_flg
 *(COMMON)
                0x0000000020001684                . = ALIGN (0x4)
 *fill*         0x0000000020001683        0x1 
                0x0000000020001684                _ebss = .
                0x0000000020001684                __bss_end__ = _ebss

._user_heap_stack
                0x0000000020001684      0x604
                0x0000000020001688                . = ALIGN (0x8)
 *fill*         0x0000000020001684        0x4 
                [!provide]                        PROVIDE (end = .)
                0x0000000020001688                PROVIDE (_end = .)
                0x0000000020001888                . = (. + _Min_Heap_Size)
 *fill*         0x0000000020001688      0x200 
                0x0000000020001c88                . = (. + _Min_Stack_Size)
 *fill*         0x0000000020001888      0x400 
                0x0000000020001c88                . = ALIGN (0x8)

/DISCARD/
 libc.a(*)
 libm.a(*)
 libgcc.a(*)

.ARM.attributes
                0x0000000000000000       0x30
 *(.ARM.attributes)
 .ARM.attributes
                0x0000000000000000       0x1e d:/st/stm32cubeide_1.9.0/stm32cubeide/plugins/com.st.stm32cube.ide.mcu.externaltools.gnu-tools-for-stm32.10.3-2021.10.win32_1.0.0.202111181127/tools/bin/../lib/gcc/arm-none-eabi/10.3.1/thumb/v7e-m+fp/hard/crti.o
 .ARM.attributes
                0x000000000000001e       0x34 d:/st/stm32cubeide_1.9.0/stm32cubeide/plugins/com.st.stm32cube.ide.mcu.externaltools.gnu-tools-for-stm32.10.3-2021.10.win32_1.0.0.202111181127/tools/bin/../lib/gcc/arm-none-eabi/10.3.1/thumb/v7e-m+fp/hard/crtbegin.o
 .ARM.attributes
                0x0000000000000052       0x34 ./Drivers/STM32F3xx_HAL_Driver/Src/stm32f3xx_hal.o
 .ARM.attributes
                0x0000000000000086       0x34 ./Drivers/STM32F3xx_HAL_Driver/Src/stm32f3xx_hal_adc.o
 .ARM.attributes
                0x00000000000000ba       0x34 ./Drivers/STM32F3xx_HAL_Driver/Src/stm32f3xx_hal_adc_ex.o
 .ARM.attributes
                0x00000000000000ee       0x34 ./Drivers/STM32F3xx_HAL_Driver/Src/stm32f3xx_hal_cortex.o
 .ARM.attributes
                0x0000000000000122       0x34 ./Drivers/STM32F3xx_HAL_Driver/Src/stm32f3xx_hal_crc.o
 .ARM.attributes
                0x0000000000000156       0x34 ./Drivers/STM32F3xx_HAL_Driver/Src/stm32f3xx_hal_crc_ex.o
 .ARM.attributes
                0x000000000000018a       0x34 ./Drivers/STM32F3xx_HAL_Driver/Src/stm32f3xx_hal_dac.o
 .ARM.attributes
                0x00000000000001be       0x34 ./Drivers/STM32F3xx_HAL_Driver/Src/stm32f3xx_hal_dac_ex.o
 .ARM.attributes
                0x00000000000001f2       0x34 ./Drivers/STM32F3xx_HAL_Driver/Src/stm32f3xx_hal_dma.o
 .ARM.attributes
                0x0000000000000226       0x34 ./Drivers/STM32F3xx_HAL_Driver/Src/stm32f3xx_hal_gpio.o
 .ARM.attributes
                0x000000000000025a       0x34 ./Drivers/STM32F3xx_HAL_Driver/Src/stm32f3xx_hal_rcc.o
 .ARM.attributes
                0x000000000000028e       0x34 ./Drivers/STM32F3xx_HAL_Driver/Src/stm32f3xx_hal_rcc_ex.o
 .ARM.attributes
                0x00000000000002c2       0x34 ./Drivers/STM32F3xx_HAL_Driver/Src/stm32f3xx_hal_uart.o
 .ARM.attributes
                0x00000000000002f6       0x34 ./Drivers/STM32F3xx_HAL_Driver/Src/stm32f3xx_hal_uart_ex.o
 .ARM.attributes
                0x000000000000032a       0x34 ./Middlewares/Third_Party/FreeRTOS/Source/CMSIS_RTOS/cmsis_os.o
 .ARM.attributes
                0x000000000000035e       0x34 ./Middlewares/Third_Party/FreeRTOS/Source/list.o
 .ARM.attributes
                0x0000000000000392       0x34 ./Middlewares/Third_Party/FreeRTOS/Source/tasks.o
 .ARM.attributes
                0x00000000000003c6       0x34 ./Middlewares/Third_Party/FreeRTOS/Source/portable/GCC/ARM_CM4F/port.o
 .ARM.attributes
                0x00000000000003fa       0x34 ./Middlewares/Third_Party/FreeRTOS/Source/portable/MemMang/heap_4.o
 .ARM.attributes
                0x000000000000042e       0x34 ./Src/ADC_Calculation.o
 .ARM.attributes
                0x0000000000000462       0x34 ./Src/BoardComm.o
 .ARM.attributes
                0x0000000000000496       0x34 ./Src/Sputter.o
 .ARM.attributes
                0x00000000000004ca       0x34 ./Src/freertos.o
 .ARM.attributes
                0x00000000000004fe       0x34 ./Src/main.o
 .ARM.attributes
                0x0000000000000532       0x34 ./Src/stm32f3xx_hal_msp.o
 .ARM.attributes
                0x0000000000000566       0x34 ./Src/stm32f3xx_it.o
 .ARM.attributes
                0x000000000000059a       0x34 ./Src/system_stm32f3xx.o
 .ARM.attributes
                0x00000000000005ce       0x21 ./Startup/startup_stm32f334r8tx.o
 .ARM.attributes
                0x00000000000005ef       0x34 d:/st/stm32cubeide_1.9.0/stm32cubeide/plugins/com.st.stm32cube.ide.mcu.externaltools.gnu-tools-for-stm32.10.3-2021.10.win32_1.0.0.202111181127/tools/bin/../lib/gcc/arm-none-eabi/10.3.1/../../../../arm-none-eabi/lib/thumb/v7e-m+fp/hard\libc_nano.a(lib_a-init.o)
 .ARM.attributes
                0x0000000000000623       0x34 d:/st/stm32cubeide_1.9.0/stm32cubeide/plugins/com.st.stm32cube.ide.mcu.externaltools.gnu-tools-for-stm32.10.3-2021.10.win32_1.0.0.202111181127/tools/bin/../lib/gcc/arm-none-eabi/10.3.1/../../../../arm-none-eabi/lib/thumb/v7e-m+fp/hard\libc_nano.a(lib_a-memset.o)
 .ARM.attributes
                0x0000000000000657       0x1e d:/st/stm32cubeide_1.9.0/stm32cubeide/plugins/com.st.stm32cube.ide.mcu.externaltools.gnu-tools-for-stm32.10.3-2021.10.win32_1.0.0.202111181127/tools/bin/../lib/gcc/arm-none-eabi/10.3.1/thumb/v7e-m+fp/hard\libgcc.a(_arm_addsubdf3.o)
 .ARM.attributes
                0x0000000000000675       0x1e d:/st/stm32cubeide_1.9.0/stm32cubeide/plugins/com.st.stm32cube.ide.mcu.externaltools.gnu-tools-for-stm32.10.3-2021.10.win32_1.0.0.202111181127/tools/bin/../lib/gcc/arm-none-eabi/10.3.1/thumb/v7e-m+fp/hard\libgcc.a(_arm_truncdfsf2.o)
 .ARM.attributes
                0x0000000000000693       0x1e d:/st/stm32cubeide_1.9.0/stm32cubeide/plugins/com.st.stm32cube.ide.mcu.externaltools.gnu-tools-for-stm32.10.3-2021.10.win32_1.0.0.202111181127/tools/bin/../lib/gcc/arm-none-eabi/10.3.1/thumb/v7e-m+fp/hard/crtn.o
OUTPUT(NSC_PowerSupply_1200V.elf elf32-littlearm)
LOAD linker stubs
LOAD d:/st/stm32cubeide_1.9.0/stm32cubeide/plugins/com.st.stm32cube.ide.mcu.externaltools.gnu-tools-for-stm32.10.3-2021.10.win32_1.0.0.202111181127/tools/bin/../lib/gcc/arm-none-eabi/10.3.1/../../../../arm-none-eabi/lib/thumb/v7e-m+fp/hard\libc.a
LOAD d:/st/stm32cubeide_1.9.0/stm32cubeide/plugins/com.st.stm32cube.ide.mcu.externaltools.gnu-tools-for-stm32.10.3-2021.10.win32_1.0.0.202111181127/tools/bin/../lib/gcc/arm-none-eabi/10.3.1/../../../../arm-none-eabi/lib/thumb/v7e-m+fp/hard\libm.a
LOAD d:/st/stm32cubeide_1.9.0/stm32cubeide/plugins/com.st.stm32cube.ide.mcu.externaltools.gnu-tools-for-stm32.10.3-2021.10.win32_1.0.0.202111181127/tools/bin/../lib/gcc/arm-none-eabi/10.3.1/thumb/v7e-m+fp/hard\libgcc.a

.debug_info     0x0000000000000000    0x1580f
 .debug_info    0x0000000000000000      0x7a7 ./Drivers/STM32F3xx_HAL_Driver/Src/stm32f3xx_hal.o
 .debug_info    0x00000000000007a7      0xb9e ./Drivers/STM32F3xx_HAL_Driver/Src/stm32f3xx_hal_adc.o
 .debug_info    0x0000000000001345     0x16b2 ./Drivers/STM32F3xx_HAL_Driver/Src/stm32f3xx_hal_adc_ex.o
 .debug_info    0x00000000000029f7      0xb4a ./Drivers/STM32F3xx_HAL_Driver/Src/stm32f3xx_hal_cortex.o
 .debug_info    0x0000000000003541      0x57c ./Drivers/STM32F3xx_HAL_Driver/Src/stm32f3xx_hal_crc.o
 .debug_info    0x0000000000003abd      0x38f ./Drivers/STM32F3xx_HAL_Driver/Src/stm32f3xx_hal_crc_ex.o
 .debug_info    0x0000000000003e4c      0x8a9 ./Drivers/STM32F3xx_HAL_Driver/Src/stm32f3xx_hal_dac.o
 .debug_info    0x00000000000046f5      0xa64 ./Drivers/STM32F3xx_HAL_Driver/Src/stm32f3xx_hal_dac_ex.o
 .debug_info    0x0000000000005159      0x757 ./Drivers/STM32F3xx_HAL_Driver/Src/stm32f3xx_hal_dma.o
 .debug_info    0x00000000000058b0      0x74e ./Drivers/STM32F3xx_HAL_Driver/Src/stm32f3xx_hal_gpio.o
 .debug_info    0x0000000000005ffe     0x1586 ./Drivers/STM32F3xx_HAL_Driver/Src/stm32f3xx_hal_rcc.o
 .debug_info    0x0000000000007584      0x579 ./Drivers/STM32F3xx_HAL_Driver/Src/stm32f3xx_hal_rcc_ex.o
 .debug_info    0x0000000000007afd     0x3ad3 ./Drivers/STM32F3xx_HAL_Driver/Src/stm32f3xx_hal_uart.o
 .debug_info    0x000000000000b5d0      0xcce ./Drivers/STM32F3xx_HAL_Driver/Src/stm32f3xx_hal_uart_ex.o
 .debug_info    0x000000000000c29e     0x1c1b ./Middlewares/Third_Party/FreeRTOS/Source/CMSIS_RTOS/cmsis_os.o
 .debug_info    0x000000000000deb9      0x2cb ./Middlewares/Third_Party/FreeRTOS/Source/list.o
 .debug_info    0x000000000000e184     0x1cec ./Middlewares/Third_Party/FreeRTOS/Source/tasks.o
 .debug_info    0x000000000000fe70      0x507 ./Middlewares/Third_Party/FreeRTOS/Source/portable/GCC/ARM_CM4F/port.o
 .debug_info    0x0000000000010377      0x3e8 ./Middlewares/Third_Party/FreeRTOS/Source/portable/MemMang/heap_4.o
 .debug_info    0x000000000001075f      0x4e7 ./Src/ADC_Calculation.o
 .debug_info    0x0000000000010c46      0x279 ./Src/BoardComm.o
 .debug_info    0x0000000000010ebf      0x928 ./Src/Sputter.o
 .debug_info    0x00000000000117e7      0x294 ./Src/freertos.o
 .debug_info    0x0000000000011a7b     0x1c3e ./Src/main.o
 .debug_info    0x00000000000136b9     0x1402 ./Src/stm32f3xx_hal_msp.o
 .debug_info    0x0000000000014abb      0x91c ./Src/stm32f3xx_it.o
 .debug_info    0x00000000000153d7      0x416 ./Src/system_stm32f3xx.o
 .debug_info    0x00000000000157ed       0x22 ./Startup/startup_stm32f334r8tx.o

.debug_abbrev   0x0000000000000000     0x36f5
 .debug_abbrev  0x0000000000000000      0x20e ./Drivers/STM32F3xx_HAL_Driver/Src/stm32f3xx_hal.o
 .debug_abbrev  0x000000000000020e      0x17a ./Drivers/STM32F3xx_HAL_Driver/Src/stm32f3xx_hal_adc.o
 .debug_abbrev  0x0000000000000388      0x27a ./Drivers/STM32F3xx_HAL_Driver/Src/stm32f3xx_hal_adc_ex.o
 .debug_abbrev  0x0000000000000602      0x2ed ./Drivers/STM32F3xx_HAL_Driver/Src/stm32f3xx_hal_cortex.o
 .debug_abbrev  0x00000000000008ef      0x1d8 ./Drivers/STM32F3xx_HAL_Driver/Src/stm32f3xx_hal_crc.o
 .debug_abbrev  0x0000000000000ac7      0x146 ./Drivers/STM32F3xx_HAL_Driver/Src/stm32f3xx_hal_crc_ex.o
 .debug_abbrev  0x0000000000000c0d      0x19d ./Drivers/STM32F3xx_HAL_Driver/Src/stm32f3xx_hal_dac.o
 .debug_abbrev  0x0000000000000daa      0x24a ./Drivers/STM32F3xx_HAL_Driver/Src/stm32f3xx_hal_dac_ex.o
 .debug_abbrev  0x0000000000000ff4      0x1fe ./Drivers/STM32F3xx_HAL_Driver/Src/stm32f3xx_hal_dma.o
 .debug_abbrev  0x00000000000011f2      0x1bb ./Drivers/STM32F3xx_HAL_Driver/Src/stm32f3xx_hal_gpio.o
 .debug_abbrev  0x00000000000013ad      0x30c ./Drivers/STM32F3xx_HAL_Driver/Src/stm32f3xx_hal_rcc.o
 .debug_abbrev  0x00000000000016b9      0x226 ./Drivers/STM32F3xx_HAL_Driver/Src/stm32f3xx_hal_rcc_ex.o
 .debug_abbrev  0x00000000000018df      0x2bc ./Drivers/STM32F3xx_HAL_Driver/Src/stm32f3xx_hal_uart.o
 .debug_abbrev  0x0000000000001b9b      0x2a4 ./Drivers/STM32F3xx_HAL_Driver/Src/stm32f3xx_hal_uart_ex.o
 .debug_abbrev  0x0000000000001e3f      0x392 ./Middlewares/Third_Party/FreeRTOS/Source/CMSIS_RTOS/cmsis_os.o
 .debug_abbrev  0x00000000000021d1       0xf2 ./Middlewares/Third_Party/FreeRTOS/Source/list.o
 .debug_abbrev  0x00000000000022c3      0x34e ./Middlewares/Third_Party/FreeRTOS/Source/tasks.o
 .debug_abbrev  0x0000000000002611      0x259 ./Middlewares/Third_Party/FreeRTOS/Source/portable/GCC/ARM_CM4F/port.o
 .debug_abbrev  0x000000000000286a      0x1ff ./Middlewares/Third_Party/FreeRTOS/Source/portable/MemMang/heap_4.o
 .debug_abbrev  0x0000000000002a69      0x125 ./Src/ADC_Calculation.o
 .debug_abbrev  0x0000000000002b8e       0xdd ./Src/BoardComm.o
 .debug_abbrev  0x0000000000002c6b      0x1bc ./Src/Sputter.o
 .debug_abbrev  0x0000000000002e27       0xcd ./Src/freertos.o
 .debug_abbrev  0x0000000000002ef4      0x2e9 ./Src/main.o
 .debug_abbrev  0x00000000000031dd      0x234 ./Src/stm32f3xx_hal_msp.o
 .debug_abbrev  0x0000000000003411      0x1bc ./Src/stm32f3xx_it.o
 .debug_abbrev  0x00000000000035cd      0x116 ./Src/system_stm32f3xx.o
 .debug_abbrev  0x00000000000036e3       0x12 ./Startup/startup_stm32f334r8tx.o

.debug_aranges  0x0000000000000000     0x1098
 .debug_aranges
                0x0000000000000000       0xe0 ./Drivers/STM32F3xx_HAL_Driver/Src/stm32f3xx_hal.o
 .debug_aranges
                0x00000000000000e0       0xc8 ./Drivers/STM32F3xx_HAL_Driver/Src/stm32f3xx_hal_adc.o
 .debug_aranges
                0x00000000000001a8      0x168 ./Drivers/STM32F3xx_HAL_Driver/Src/stm32f3xx_hal_adc_ex.o
 .debug_aranges
                0x0000000000000310      0x100 ./Drivers/STM32F3xx_HAL_Driver/Src/stm32f3xx_hal_cortex.o
 .debug_aranges
                0x0000000000000410       0x60 ./Drivers/STM32F3xx_HAL_Driver/Src/stm32f3xx_hal_crc.o
 .debug_aranges
                0x0000000000000470       0x30 ./Drivers/STM32F3xx_HAL_Driver/Src/stm32f3xx_hal_crc_ex.o
 .debug_aranges
                0x00000000000004a0       0xa8 ./Drivers/STM32F3xx_HAL_Driver/Src/stm32f3xx_hal_dac.o
 .debug_aranges
                0x0000000000000548       0xb8 ./Drivers/STM32F3xx_HAL_Driver/Src/stm32f3xx_hal_dac_ex.o
 .debug_aranges
                0x0000000000000600       0x88 ./Drivers/STM32F3xx_HAL_Driver/Src/stm32f3xx_hal_dma.o
 .debug_aranges
                0x0000000000000688       0x58 ./Drivers/STM32F3xx_HAL_Driver/Src/stm32f3xx_hal_gpio.o
 .debug_aranges
                0x00000000000006e0       0x88 ./Drivers/STM32F3xx_HAL_Driver/Src/stm32f3xx_hal_rcc.o
 .debug_aranges
                0x0000000000000768       0x38 ./Drivers/STM32F3xx_HAL_Driver/Src/stm32f3xx_hal_rcc_ex.o
 .debug_aranges
                0x00000000000007a0      0x228 ./Drivers/STM32F3xx_HAL_Driver/Src/stm32f3xx_hal_uart.o
 .debug_aranges
                0x00000000000009c8       0x68 ./Drivers/STM32F3xx_HAL_Driver/Src/stm32f3xx_hal_uart_ex.o
 .debug_aranges
                0x0000000000000a30      0x1d8 ./Middlewares/Third_Party/FreeRTOS/Source/CMSIS_RTOS/cmsis_os.o
 .debug_aranges
                0x0000000000000c08       0x40 ./Middlewares/Third_Party/FreeRTOS/Source/list.o
 .debug_aranges
                0x0000000000000c48      0x1a8 ./Middlewares/Third_Party/FreeRTOS/Source/tasks.o
 .debug_aranges
                0x0000000000000df0       0x80 ./Middlewares/Third_Party/FreeRTOS/Source/portable/GCC/ARM_CM4F/port.o
 .debug_aranges
                0x0000000000000e70       0x50 ./Middlewares/Third_Party/FreeRTOS/Source/portable/MemMang/heap_4.o
 .debug_aranges
                0x0000000000000ec0       0x28 ./Src/ADC_Calculation.o
 .debug_aranges
                0x0000000000000ee8       0x20 ./Src/BoardComm.o
 .debug_aranges
                0x0000000000000f08       0x20 ./Src/Sputter.o
 .debug_aranges
                0x0000000000000f28       0x20 ./Src/freertos.o
 .debug_aranges
                0x0000000000000f48       0x70 ./Src/main.o
 .debug_aranges
                0x0000000000000fb8       0x60 ./Src/stm32f3xx_hal_msp.o
 .debug_aranges
                0x0000000000001018       0x30 ./Src/stm32f3xx_it.o
 .debug_aranges
                0x0000000000001048       0x28 ./Src/system_stm32f3xx.o
 .debug_aranges
                0x0000000000001070       0x28 ./Startup/startup_stm32f334r8tx.o

.debug_ranges   0x0000000000000000      0xf10
 .debug_ranges  0x0000000000000000       0xd0 ./Drivers/STM32F3xx_HAL_Driver/Src/stm32f3xx_hal.o
 .debug_ranges  0x00000000000000d0       0xb8 ./Drivers/STM32F3xx_HAL_Driver/Src/stm32f3xx_hal_adc.o
 .debug_ranges  0x0000000000000188      0x158 ./Drivers/STM32F3xx_HAL_Driver/Src/stm32f3xx_hal_adc_ex.o
 .debug_ranges  0x00000000000002e0       0xf0 ./Drivers/STM32F3xx_HAL_Driver/Src/stm32f3xx_hal_cortex.o
 .debug_ranges  0x00000000000003d0       0x50 ./Drivers/STM32F3xx_HAL_Driver/Src/stm32f3xx_hal_crc.o
 .debug_ranges  0x0000000000000420       0x20 ./Drivers/STM32F3xx_HAL_Driver/Src/stm32f3xx_hal_crc_ex.o
 .debug_ranges  0x0000000000000440       0x98 ./Drivers/STM32F3xx_HAL_Driver/Src/stm32f3xx_hal_dac.o
 .debug_ranges  0x00000000000004d8       0xa8 ./Drivers/STM32F3xx_HAL_Driver/Src/stm32f3xx_hal_dac_ex.o
 .debug_ranges  0x0000000000000580       0x78 ./Drivers/STM32F3xx_HAL_Driver/Src/stm32f3xx_hal_dma.o
 .debug_ranges  0x00000000000005f8       0x48 ./Drivers/STM32F3xx_HAL_Driver/Src/stm32f3xx_hal_gpio.o
 .debug_ranges  0x0000000000000640       0x78 ./Drivers/STM32F3xx_HAL_Driver/Src/stm32f3xx_hal_rcc.o
 .debug_ranges  0x00000000000006b8       0x28 ./Drivers/STM32F3xx_HAL_Driver/Src/stm32f3xx_hal_rcc_ex.o
 .debug_ranges  0x00000000000006e0      0x248 ./Drivers/STM32F3xx_HAL_Driver/Src/stm32f3xx_hal_uart.o
 .debug_ranges  0x0000000000000928       0x58 ./Drivers/STM32F3xx_HAL_Driver/Src/stm32f3xx_hal_uart_ex.o
 .debug_ranges  0x0000000000000980      0x1c8 ./Middlewares/Third_Party/FreeRTOS/Source/CMSIS_RTOS/cmsis_os.o
 .debug_ranges  0x0000000000000b48       0x30 ./Middlewares/Third_Party/FreeRTOS/Source/list.o
 .debug_ranges  0x0000000000000b78      0x198 ./Middlewares/Third_Party/FreeRTOS/Source/tasks.o
 .debug_ranges  0x0000000000000d10       0x70 ./Middlewares/Third_Party/FreeRTOS/Source/portable/GCC/ARM_CM4F/port.o
 .debug_ranges  0x0000000000000d80       0x40 ./Middlewares/Third_Party/FreeRTOS/Source/portable/MemMang/heap_4.o
 .debug_ranges  0x0000000000000dc0       0x18 ./Src/ADC_Calculation.o
 .debug_ranges  0x0000000000000dd8       0x10 ./Src/BoardComm.o
 .debug_ranges  0x0000000000000de8       0x10 ./Src/Sputter.o
 .debug_ranges  0x0000000000000df8       0x10 ./Src/freertos.o
 .debug_ranges  0x0000000000000e08       0x60 ./Src/main.o
 .debug_ranges  0x0000000000000e68       0x50 ./Src/stm32f3xx_hal_msp.o
 .debug_ranges  0x0000000000000eb8       0x20 ./Src/stm32f3xx_it.o
 .debug_ranges  0x0000000000000ed8       0x18 ./Src/system_stm32f3xx.o
 .debug_ranges  0x0000000000000ef0       0x20 ./Startup/startup_stm32f334r8tx.o

.debug_macro    0x0000000000000000    0x22f7d
 .debug_macro   0x0000000000000000      0x217 ./Drivers/STM32F3xx_HAL_Driver/Src/stm32f3xx_hal.o
 .debug_macro   0x0000000000000217      0xa78 ./Drivers/STM32F3xx_HAL_Driver/Src/stm32f3xx_hal.o
 .debug_macro   0x0000000000000c8f      0x163 ./Drivers/STM32F3xx_HAL_Driver/Src/stm32f3xx_hal.o
 .debug_macro   0x0000000000000df2       0x2e ./Drivers/STM32F3xx_HAL_Driver/Src/stm32f3xx_hal.o
 .debug_macro   0x0000000000000e20       0x28 ./Drivers/STM32F3xx_HAL_Driver/Src/stm32f3xx_hal.o
 .debug_macro   0x0000000000000e48       0x22 ./Drivers/STM32F3xx_HAL_Driver/Src/stm32f3xx_hal.o
 .debug_macro   0x0000000000000e6a       0x8e ./Drivers/STM32F3xx_HAL_Driver/Src/stm32f3xx_hal.o
 .debug_macro   0x0000000000000ef8       0x51 ./Drivers/STM32F3xx_HAL_Driver/Src/stm32f3xx_hal.o
 .debug_macro   0x0000000000000f49      0x103 ./Drivers/STM32F3xx_HAL_Driver/Src/stm32f3xx_hal.o
 .debug_macro   0x000000000000104c       0x6a ./Drivers/STM32F3xx_HAL_Driver/Src/stm32f3xx_hal.o
 .debug_macro   0x00000000000010b6      0x1df ./Drivers/STM32F3xx_HAL_Driver/Src/stm32f3xx_hal.o
 .debug_macro   0x0000000000001295       0x1c ./Drivers/STM32F3xx_HAL_Driver/Src/stm32f3xx_hal.o
 .debug_macro   0x00000000000012b1       0x22 ./Drivers/STM32F3xx_HAL_Driver/Src/stm32f3xx_hal.o
 .debug_macro   0x00000000000012d3       0xd9 ./Drivers/STM32F3xx_HAL_Driver/Src/stm32f3xx_hal.o
 .debug_macro   0x00000000000013ac      0xf07 ./Drivers/STM32F3xx_HAL_Driver/Src/stm32f3xx_hal.o
 .debug_macro   0x00000000000022b3    0x1585b ./Drivers/STM32F3xx_HAL_Driver/Src/stm32f3xx_hal.o
 .debug_macro   0x0000000000017b0e       0x6d ./Drivers/STM32F3xx_HAL_Driver/Src/stm32f3xx_hal.o
 .debug_macro   0x0000000000017b7b     0x3540 ./Drivers/STM32F3xx_HAL_Driver/Src/stm32f3xx_hal.o
 .debug_macro   0x000000000001b0bb      0x174 ./Drivers/STM32F3xx_HAL_Driver/Src/stm32f3xx_hal.o
 .debug_macro   0x000000000001b22f       0x55 ./Drivers/STM32F3xx_HAL_Driver/Src/stm32f3xx_hal.o
 .debug_macro   0x000000000001b284      0x8f9 ./Drivers/STM32F3xx_HAL_Driver/Src/stm32f3xx_hal.o
 .debug_macro   0x000000000001bb7d      0x358 ./Drivers/STM32F3xx_HAL_Driver/Src/stm32f3xx_hal.o
 .debug_macro   0x000000000001bed5      0x1b6 ./Drivers/STM32F3xx_HAL_Driver/Src/stm32f3xx_hal.o
 .debug_macro   0x000000000001c08b      0x130 ./Drivers/STM32F3xx_HAL_Driver/Src/stm32f3xx_hal.o
 .debug_macro   0x000000000001c1bb      0x1d5 ./Drivers/STM32F3xx_HAL_Driver/Src/stm32f3xx_hal.o
 .debug_macro   0x000000000001c390      0x1bc ./Drivers/STM32F3xx_HAL_Driver/Src/stm32f3xx_hal.o
 .debug_macro   0x000000000001c54c       0x34 ./Drivers/STM32F3xx_HAL_Driver/Src/stm32f3xx_hal.o
 .debug_macro   0x000000000001c580       0x3c ./Drivers/STM32F3xx_HAL_Driver/Src/stm32f3xx_hal.o
 .debug_macro   0x000000000001c5bc       0x57 ./Drivers/STM32F3xx_HAL_Driver/Src/stm32f3xx_hal.o
 .debug_macro   0x000000000001c613      0x845 ./Drivers/STM32F3xx_HAL_Driver/Src/stm32f3xx_hal.o
 .debug_macro   0x000000000001ce58       0x77 ./Drivers/STM32F3xx_HAL_Driver/Src/stm32f3xx_hal.o
 .debug_macro   0x000000000001cecf       0xc7 ./Drivers/STM32F3xx_HAL_Driver/Src/stm32f3xx_hal.o
 .debug_macro   0x000000000001cf96       0x4c ./Drivers/STM32F3xx_HAL_Driver/Src/stm32f3xx_hal.o
 .debug_macro   0x000000000001cfe2      0x18b ./Drivers/STM32F3xx_HAL_Driver/Src/stm32f3xx_hal.o
 .debug_macro   0x000000000001d16d       0x73 ./Drivers/STM32F3xx_HAL_Driver/Src/stm32f3xx_hal.o
 .debug_macro   0x000000000001d1e0       0xc5 ./Drivers/STM32F3xx_HAL_Driver/Src/stm32f3xx_hal.o
 .debug_macro   0x000000000001d2a5      0x19f ./Drivers/STM32F3xx_HAL_Driver/Src/stm32f3xx_hal.o
 .debug_macro   0x000000000001d444      0x22c ./Drivers/STM32F3xx_HAL_Driver/Src/stm32f3xx_hal.o
 .debug_macro   0x000000000001d670       0x5b ./Drivers/STM32F3xx_HAL_Driver/Src/stm32f3xx_hal.o
 .debug_macro   0x000000000001d6cb       0xa5 ./Drivers/STM32F3xx_HAL_Driver/Src/stm32f3xx_hal.o
 .debug_macro   0x000000000001d770       0x81 ./Drivers/STM32F3xx_HAL_Driver/Src/stm32f3xx_hal.o
 .debug_macro   0x000000000001d7f1       0xd3 ./Drivers/STM32F3xx_HAL_Driver/Src/stm32f3xx_hal.o
 .debug_macro   0x000000000001d8c4      0x5a5 ./Drivers/STM32F3xx_HAL_Driver/Src/stm32f3xx_hal.o
 .debug_macro   0x000000000001de69       0x44 ./Drivers/STM32F3xx_HAL_Driver/Src/stm32f3xx_hal.o
 .debug_macro   0x000000000001dead      0x2a1 ./Drivers/STM32F3xx_HAL_Driver/Src/stm32f3xx_hal.o
 .debug_macro   0x000000000001e14e      0x1f4 ./Drivers/STM32F3xx_HAL_Driver/Src/stm32f3xx_hal_adc.o
 .debug_macro   0x000000000001e342      0x21d ./Drivers/STM32F3xx_HAL_Driver/Src/stm32f3xx_hal_adc_ex.o
 .debug_macro   0x000000000001e55f      0x1f3 ./Drivers/STM32F3xx_HAL_Driver/Src/stm32f3xx_hal_cortex.o
 .debug_macro   0x000000000001e752      0x1f3 ./Drivers/STM32F3xx_HAL_Driver/Src/stm32f3xx_hal_crc.o
 .debug_macro   0x000000000001e945      0x1f3 ./Drivers/STM32F3xx_HAL_Driver/Src/stm32f3xx_hal_crc_ex.o
 .debug_macro   0x000000000001eb38      0x1f4 ./Drivers/STM32F3xx_HAL_Driver/Src/stm32f3xx_hal_dac.o
 .debug_macro   0x000000000001ed2c      0x1f3 ./Drivers/STM32F3xx_HAL_Driver/Src/stm32f3xx_hal_dac_ex.o
 .debug_macro   0x000000000001ef1f      0x1f3 ./Drivers/STM32F3xx_HAL_Driver/Src/stm32f3xx_hal_dma.o
 .debug_macro   0x000000000001f112      0x1fa ./Drivers/STM32F3xx_HAL_Driver/Src/stm32f3xx_hal_gpio.o
 .debug_macro   0x000000000001f30c      0x217 ./Drivers/STM32F3xx_HAL_Driver/Src/stm32f3xx_hal_rcc.o
 .debug_macro   0x000000000001f523      0x1f3 ./Drivers/STM32F3xx_HAL_Driver/Src/stm32f3xx_hal_rcc_ex.o
 .debug_macro   0x000000000001f716      0x210 ./Drivers/STM32F3xx_HAL_Driver/Src/stm32f3xx_hal_uart.o
 .debug_macro   0x000000000001f926      0x1f3 ./Drivers/STM32F3xx_HAL_Driver/Src/stm32f3xx_hal_uart_ex.o
 .debug_macro   0x000000000001fb19      0x1fe ./Middlewares/Third_Party/FreeRTOS/Source/CMSIS_RTOS/cmsis_os.o
 .debug_macro   0x000000000001fd17       0x4c ./Middlewares/Third_Party/FreeRTOS/Source/CMSIS_RTOS/cmsis_os.o
 .debug_macro   0x000000000001fd63       0x1e ./Middlewares/Third_Party/FreeRTOS/Source/CMSIS_RTOS/cmsis_os.o
 .debug_macro   0x000000000001fd81       0x94 ./Middlewares/Third_Party/FreeRTOS/Source/CMSIS_RTOS/cmsis_os.o
 .debug_macro   0x000000000001fe15       0x3c ./Middlewares/Third_Party/FreeRTOS/Source/CMSIS_RTOS/cmsis_os.o
 .debug_macro   0x000000000001fe51       0x34 ./Middlewares/Third_Party/FreeRTOS/Source/CMSIS_RTOS/cmsis_os.o
 .debug_macro   0x000000000001fe85       0x16 ./Middlewares/Third_Party/FreeRTOS/Source/CMSIS_RTOS/cmsis_os.o
 .debug_macro   0x000000000001fe9b       0x43 ./Middlewares/Third_Party/FreeRTOS/Source/CMSIS_RTOS/cmsis_os.o
 .debug_macro   0x000000000001fede       0x57 ./Middlewares/Third_Party/FreeRTOS/Source/CMSIS_RTOS/cmsis_os.o
 .debug_macro   0x000000000001ff35       0x34 ./Middlewares/Third_Party/FreeRTOS/Source/CMSIS_RTOS/cmsis_os.o
 .debug_macro   0x000000000001ff69       0x10 ./Middlewares/Third_Party/FreeRTOS/Source/CMSIS_RTOS/cmsis_os.o
 .debug_macro   0x000000000001ff79       0x58 ./Middlewares/Third_Party/FreeRTOS/Source/CMSIS_RTOS/cmsis_os.o
 .debug_macro   0x000000000001ffd1       0x71 ./Middlewares/Third_Party/FreeRTOS/Source/CMSIS_RTOS/cmsis_os.o
 .debug_macro   0x0000000000020042       0x1c ./Middlewares/Third_Party/FreeRTOS/Source/CMSIS_RTOS/cmsis_os.o
 .debug_macro   0x000000000002005e      0x12a ./Middlewares/Third_Party/FreeRTOS/Source/CMSIS_RTOS/cmsis_os.o
 .debug_macro   0x0000000000020188      0x341 ./Middlewares/Third_Party/FreeRTOS/Source/CMSIS_RTOS/cmsis_os.o
 .debug_macro   0x00000000000204c9       0x10 ./Middlewares/Third_Party/FreeRTOS/Source/CMSIS_RTOS/cmsis_os.o
 .debug_macro   0x00000000000204d9       0x35 ./Middlewares/Third_Party/FreeRTOS/Source/CMSIS_RTOS/cmsis_os.o
 .debug_macro   0x000000000002050e       0x20 ./Middlewares/Third_Party/FreeRTOS/Source/CMSIS_RTOS/cmsis_os.o
 .debug_macro   0x000000000002052e       0xd0 ./Middlewares/Third_Party/FreeRTOS/Source/CMSIS_RTOS/cmsis_os.o
 .debug_macro   0x00000000000205fe      0x15a ./Middlewares/Third_Party/FreeRTOS/Source/CMSIS_RTOS/cmsis_os.o
 .debug_macro   0x0000000000020758       0xd7 ./Middlewares/Third_Party/FreeRTOS/Source/CMSIS_RTOS/cmsis_os.o
 .debug_macro   0x000000000002082f       0x10 ./Middlewares/Third_Party/FreeRTOS/Source/CMSIS_RTOS/cmsis_os.o
 .debug_macro   0x000000000002083f       0x1f ./Middlewares/Third_Party/FreeRTOS/Source/CMSIS_RTOS/cmsis_os.o
 .debug_macro   0x000000000002085e      0x4b7 ./Middlewares/Third_Party/FreeRTOS/Source/CMSIS_RTOS/cmsis_os.o
 .debug_macro   0x0000000000020d15       0xb5 ./Middlewares/Third_Party/FreeRTOS/Source/CMSIS_RTOS/cmsis_os.o
 .debug_macro   0x0000000000020dca       0x8c ./Middlewares/Third_Party/FreeRTOS/Source/CMSIS_RTOS/cmsis_os.o
 .debug_macro   0x0000000000020e56       0x91 ./Middlewares/Third_Party/FreeRTOS/Source/CMSIS_RTOS/cmsis_os.o
 .debug_macro   0x0000000000020ee7       0x8d ./Middlewares/Third_Party/FreeRTOS/Source/CMSIS_RTOS/cmsis_os.o
 .debug_macro   0x0000000000020f74       0x7e ./Middlewares/Third_Party/FreeRTOS/Source/CMSIS_RTOS/cmsis_os.o
 .debug_macro   0x0000000000020ff2       0x19 ./Middlewares/Third_Party/FreeRTOS/Source/CMSIS_RTOS/cmsis_os.o
 .debug_macro   0x000000000002100b       0xf2 ./Middlewares/Third_Party/FreeRTOS/Source/CMSIS_RTOS/cmsis_os.o
 .debug_macro   0x00000000000210fd       0xc7 ./Middlewares/Third_Party/FreeRTOS/Source/CMSIS_RTOS/cmsis_os.o
 .debug_macro   0x00000000000211c4      0x187 ./Middlewares/Third_Party/FreeRTOS/Source/list.o
 .debug_macro   0x000000000002134b      0x280 ./Middlewares/Third_Party/FreeRTOS/Source/tasks.o
 .debug_macro   0x00000000000215cb       0x10 ./Middlewares/Third_Party/FreeRTOS/Source/tasks.o
 .debug_macro   0x00000000000215db      0x196 ./Middlewares/Third_Party/FreeRTOS/Source/portable/GCC/ARM_CM4F/port.o
 .debug_macro   0x0000000000021771      0x1ae ./Middlewares/Third_Party/FreeRTOS/Source/portable/MemMang/heap_4.o
 .debug_macro   0x000000000002191f       0x6d ./Src/ADC_Calculation.o
 .debug_macro   0x000000000002198c      0x125 ./Src/BoardComm.o
 .debug_macro   0x0000000000021ab1      0x20c ./Src/Sputter.o
 .debug_macro   0x0000000000021cbd      0x100 ./Src/Sputter.o
 .debug_macro   0x0000000000021dbd      0x26a ./Src/freertos.o
 .debug_macro   0x0000000000022027      0x466 ./Src/main.o
 .debug_macro   0x000000000002248d       0xd0 ./Src/main.o
 .debug_macro   0x000000000002255d       0x1c ./Src/main.o
 .debug_macro   0x0000000000022579       0x10 ./Src/main.o
 .debug_macro   0x0000000000022589       0x10 ./Src/main.o
 .debug_macro   0x0000000000022599       0x1c ./Src/main.o
 .debug_macro   0x00000000000225b5       0x52 ./Src/main.o
 .debug_macro   0x0000000000022607       0x22 ./Src/main.o
 .debug_macro   0x0000000000022629       0x10 ./Src/main.o
 .debug_macro   0x0000000000022639       0x52 ./Src/main.o
 .debug_macro   0x000000000002268b       0xd5 ./Src/main.o
 .debug_macro   0x0000000000022760       0x1c ./Src/main.o
 .debug_macro   0x000000000002277c       0x3d ./Src/main.o
 .debug_macro   0x00000000000227b9       0x16 ./Src/main.o
 .debug_macro   0x00000000000227cf      0x145 ./Src/main.o
 .debug_macro   0x0000000000022914      0x202 ./Src/stm32f3xx_hal_msp.o
 .debug_macro   0x0000000000022b16      0x274 ./Src/stm32f3xx_it.o
 .debug_macro   0x0000000000022d8a      0x1f3 ./Src/system_stm32f3xx.o

.debug_line     0x0000000000000000    0x15fd8
 .debug_line    0x0000000000000000      0x9dc ./Drivers/STM32F3xx_HAL_Driver/Src/stm32f3xx_hal.o
 .debug_line    0x00000000000009dc      0x920 ./Drivers/STM32F3xx_HAL_Driver/Src/stm32f3xx_hal_adc.o
 .debug_line    0x00000000000012fc     0x20cf ./Drivers/STM32F3xx_HAL_Driver/Src/stm32f3xx_hal_adc_ex.o
 .debug_line    0x00000000000033cb      0xbc4 ./Drivers/STM32F3xx_HAL_Driver/Src/stm32f3xx_hal_cortex.o
 .debug_line    0x0000000000003f8f      0xa71 ./Drivers/STM32F3xx_HAL_Driver/Src/stm32f3xx_hal_crc.o
 .debug_line    0x0000000000004a00      0x7e6 ./Drivers/STM32F3xx_HAL_Driver/Src/stm32f3xx_hal_crc_ex.o
 .debug_line    0x00000000000051e6      0x928 ./Drivers/STM32F3xx_HAL_Driver/Src/stm32f3xx_hal_dac.o
 .debug_line    0x0000000000005b0e      0xb7b ./Drivers/STM32F3xx_HAL_Driver/Src/stm32f3xx_hal_dac_ex.o
 .debug_line    0x0000000000006689      0xcca ./Drivers/STM32F3xx_HAL_Driver/Src/stm32f3xx_hal_dma.o
 .debug_line    0x0000000000007353      0xb29 ./Drivers/STM32F3xx_HAL_Driver/Src/stm32f3xx_hal_gpio.o
 .debug_line    0x0000000000007e7c     0x13b9 ./Drivers/STM32F3xx_HAL_Driver/Src/stm32f3xx_hal_rcc.o
 .debug_line    0x0000000000009235      0xac8 ./Drivers/STM32F3xx_HAL_Driver/Src/stm32f3xx_hal_rcc_ex.o
 .debug_line    0x0000000000009cfd     0x30f0 ./Drivers/STM32F3xx_HAL_Driver/Src/stm32f3xx_hal_uart.o
 .debug_line    0x000000000000cded      0xb93 ./Drivers/STM32F3xx_HAL_Driver/Src/stm32f3xx_hal_uart_ex.o
 .debug_line    0x000000000000d980     0x11b8 ./Middlewares/Third_Party/FreeRTOS/Source/CMSIS_RTOS/cmsis_os.o
 .debug_line    0x000000000000eb38      0x6f3 ./Middlewares/Third_Party/FreeRTOS/Source/list.o
 .debug_line    0x000000000000f22b     0x18b5 ./Middlewares/Third_Party/FreeRTOS/Source/tasks.o
 .debug_line    0x0000000000010ae0      0x79b ./Middlewares/Third_Party/FreeRTOS/Source/portable/GCC/ARM_CM4F/port.o
 .debug_line    0x000000000001127b      0x8b5 ./Middlewares/Third_Party/FreeRTOS/Source/portable/MemMang/heap_4.o
 .debug_line    0x0000000000011b30      0x582 ./Src/ADC_Calculation.o
 .debug_line    0x00000000000120b2      0x5f8 ./Src/BoardComm.o
 .debug_line    0x00000000000126aa      0x9d0 ./Src/Sputter.o
 .debug_line    0x000000000001307a      0x82a ./Src/freertos.o
 .debug_line    0x00000000000138a4      0xda6 ./Src/main.o
 .debug_line    0x000000000001464a      0x892 ./Src/stm32f3xx_hal_msp.o
 .debug_line    0x0000000000014edc      0x8d7 ./Src/stm32f3xx_it.o
 .debug_line    0x00000000000157b3      0x7a2 ./Src/system_stm32f3xx.o
 .debug_line    0x0000000000015f55       0x83 ./Startup/startup_stm32f334r8tx.o

.debug_str      0x0000000000000000    0xcc2ef