Archive member included to satisfy reference by file (symbol)

d:/st/stm32cubeide_1.9.0/stm32cubeide/plugins/com.st.stm32cube.ide.mcu.externaltools.gnu-tools-for-stm32.10.3-2021.10.win32_1.0.0.202111181127/tools/bin/../lib/gcc/arm-none-eabi/10.3.1/../../../../arm-none-eabi/lib/thumb/v7e-m+fp/hard\libc_nano.a(lib_a-errno.o)
                              ./Src/syscalls.o (__errno)
d:/st/stm32cubeide_1.9.0/stm32cubeide/plugins/com.st.stm32cube.ide.mcu.externaltools.gnu-tools-for-stm32.10.3-2021.10.win32_1.0.0.202111181127/tools/bin/../lib/gcc/arm-none-eabi/10.3.1/../../../../arm-none-eabi/lib/thumb/v7e-m+fp/hard\libc_nano.a(lib_a-exit.o)
                              d:/st/stm32cubeide_1.9.0/stm32cubeide/plugins/com.st.stm32cube.ide.mcu.externaltools.gnu-tools-for-stm32.10.3-2021.10.win32_1.0.0.202111181127/tools/bin/../lib/gcc/arm-none-eabi/10.3.1/../../../../arm-none-eabi/lib/thumb/v7e-m+fp/hard/crt0.o (exit)
d:/st/stm32cubeide_1.9.0/stm32cubeide/plugins/com.st.stm32cube.ide.mcu.externaltools.gnu-tools-for-stm32.10.3-2021.10.win32_1.0.0.202111181127/tools/bin/../lib/gcc/arm-none-eabi/10.3.1/../../../../arm-none-eabi/lib/thumb/v7e-m+fp/hard\libc_nano.a(lib_a-findfp.o)
                              ./Middlewares/Third_Party/FreeRTOS/Source/tasks.o (__sf_fake_stderr)
d:/st/stm32cubeide_1.9.0/stm32cubeide/plugins/com.st.stm32cube.ide.mcu.externaltools.gnu-tools-for-stm32.10.3-2021.10.win32_1.0.0.202111181127/tools/bin/../lib/gcc/arm-none-eabi/10.3.1/../../../../arm-none-eabi/lib/thumb/v7e-m+fp/hard\libc_nano.a(lib_a-fwalk.o)
                              d:/st/stm32cubeide_1.9.0/stm32cubeide/plugins/com.st.stm32cube.ide.mcu.externaltools.gnu-tools-for-stm32.10.3-2021.10.win32_1.0.0.202111181127/tools/bin/../lib/gcc/arm-none-eabi/10.3.1/../../../../arm-none-eabi/lib/thumb/v7e-m+fp/hard\libc_nano.a(lib_a-findfp.o) (_fwalk)
d:/st/stm32cubeide_1.9.0/stm32cubeide/plugins/com.st.stm32cube.ide.mcu.externaltools.gnu-tools-for-stm32.10.3-2021.10.win32_1.0.0.202111181127/tools/bin/../lib/gcc/arm-none-eabi/10.3.1/../../../../arm-none-eabi/lib/thumb/v7e-m+fp/hard\libc_nano.a(lib_a-impure.o)
                              d:/st/stm32cubeide_1.9.0/stm32cubeide/plugins/com.st.stm32cube.ide.mcu.externaltools.gnu-tools-for-stm32.10.3-2021.10.win32_1.0.0.202111181127/tools/bin/../lib/gcc/arm-none-eabi/10.3.1/../../../../arm-none-eabi/lib/thumb/v7e-m+fp/hard\libc_nano.a(lib_a-exit.o) (_global_impure_ptr)
d:/st/stm32cubeide_1.9.0/stm32cubeide/plugins/com.st.stm32cube.ide.mcu.externaltools.gnu-tools-for-stm32.10.3-2021.10.win32_1.0.0.202111181127/tools/bin/../lib/gcc/arm-none-eabi/10.3.1/../../../../arm-none-eabi/lib/thumb/v7e-m+fp/hard\libc_nano.a(lib_a-init.o)
                              d:/st/stm32cubeide_1.9.0/stm32cubeide/plugins/com.st.stm32cube.ide.mcu.externaltools.gnu-tools-for-stm32.10.3-2021.10.win32_1.0.0.202111181127/tools/bin/../lib/gcc/arm-none-eabi/10.3.1/../../../../arm-none-eabi/lib/thumb/v7e-m+fp/hard/crt0.o (__libc_init_array)
d:/st/stm32cubeide_1.9.0/stm32cubeide/plugins/com.st.stm32cube.ide.mcu.externaltools.gnu-tools-for-stm32.10.3-2021.10.win32_1.0.0.202111181127/tools/bin/../lib/gcc/arm-none-eabi/10.3.1/../../../../arm-none-eabi/lib/thumb/v7e-m+fp/hard\libc_nano.a(lib_a-lock.o)
                              d:/st/stm32cubeide_1.9.0/stm32cubeide/plugins/com.st.stm32cube.ide.mcu.externaltools.gnu-tools-for-stm32.10.3-2021.10.win32_1.0.0.202111181127/tools/bin/../lib/gcc/arm-none-eabi/10.3.1/../../../../arm-none-eabi/lib/thumb/v7e-m+fp/hard\libc_nano.a(lib_a-findfp.o) (__retarget_lock_init_recursive)
d:/st/stm32cubeide_1.9.0/stm32cubeide/plugins/com.st.stm32cube.ide.mcu.externaltools.gnu-tools-for-stm32.10.3-2021.10.win32_1.0.0.202111181127/tools/bin/../lib/gcc/arm-none-eabi/10.3.1/../../../../arm-none-eabi/lib/thumb/v7e-m+fp/hard\libc_nano.a(lib_a-memcpy-stub.o)
                              ./Middlewares/Third_Party/FreeRTOS/Source/CMSIS_RTOS_V2/cmsis_os2.o (memcpy)
d:/st/stm32cubeide_1.9.0/stm32cubeide/plugins/com.st.stm32cube.ide.mcu.externaltools.gnu-tools-for-stm32.10.3-2021.10.win32_1.0.0.202111181127/tools/bin/../lib/gcc/arm-none-eabi/10.3.1/../../../../arm-none-eabi/lib/thumb/v7e-m+fp/hard\libc_nano.a(lib_a-memset.o)
                              d:/st/stm32cubeide_1.9.0/stm32cubeide/plugins/com.st.stm32cube.ide.mcu.externaltools.gnu-tools-for-stm32.10.3-2021.10.win32_1.0.0.202111181127/tools/bin/../lib/gcc/arm-none-eabi/10.3.1/../../../../arm-none-eabi/lib/thumb/v7e-m+fp/hard/crt0.o (memset)
d:/st/stm32cubeide_1.9.0/stm32cubeide/plugins/com.st.stm32cube.ide.mcu.externaltools.gnu-tools-for-stm32.10.3-2021.10.win32_1.0.0.202111181127/tools/bin/../lib/gcc/arm-none-eabi/10.3.1/../../../../arm-none-eabi/lib/thumb/v7e-m+fp/hard\libc_nano.a(lib_a-nano-mallocr.o)
[...]
Memory Configuration

Name             Origin             Length             Attributes
CCMRAM           0x0000000010000000 0x0000000000001000 xrw
RAM              0x0000000020000000 0x0000000000003000 xrw
FLASH            0x0000000008000000 0x0000000000010000 xr
*default*        0x0000000000000000 0xffffffffffffffff

Linker script and memory map

LOAD d:/st/stm32cubeide_1.9.0/stm32cubeide/plugins/com.st.stm32cube.ide.mcu.externaltools.gnu-tools-for-stm32.10.3-2021.10.win32_1.0.0.202111181127/tools/bin/../lib/gcc/arm-none-eabi/10.3.1/thumb/v7e-m+fp/hard/crti.o
LOAD d:/st/stm32cubeide_1.9.0/stm32cubeide/plugins/com.st.stm32cube.ide.mcu.externaltools.gnu-tools-for-stm32.10.3-2021.10.win32_1.0.0.202111181127/tools/bin/../lib/gcc/arm-none-eabi/10.3.1/thumb/v7e-m+fp/hard/crtbegin.o
LOAD d:/st/stm32cubeide_1.9.0/stm32cubeide/plugins/com.st.stm32cube.ide.mcu.externaltools.gnu-tools-for-stm32.10.3-2021.10.win32_1.0.0.202111181127/tools/bin/../lib/gcc/arm-none-eabi/10.3.1/../../../../arm-none-eabi/lib/thumb/v7e-m+fp/hard/crt0.o
LOAD ./Drivers/STM32F3xx_HAL_Driver/Src/stm32f3xx_hal.o
LOAD ./Drivers/STM32F3xx_HAL_Driver/Src/stm32f3xx_hal_adc.o
LOAD ./Drivers/STM32F3xx_HAL_Driver/Src/stm32f3xx_hal_adc_ex.o
LOAD ./Drivers/STM32F3xx_HAL_Driver/Src/stm32f3xx_hal_cortex.o
LOAD ./Drivers/STM32F3xx_HAL_Driver/Src/stm32f3xx_hal_crc.o
LOAD ./Drivers/STM32F3xx_HAL_Driver/Src/stm32f3xx_hal_crc_ex.o
LOAD ./Drivers/STM32F3xx_HAL_Driver/Src/stm32f3xx_hal_dac.o
LOAD ./Drivers/STM32F3xx_HAL_Driver/Src/stm32f3xx_hal_dac_ex.o
LOAD ./Drivers/STM32F3xx_HAL_Driver/Src/stm32f3xx_hal_dma.o
LOAD ./Drivers/STM32F3xx_HAL_Driver/Src/stm32f3xx_hal_exti.o
LOAD ./Drivers/STM32F3xx_HAL_Driver/Src/stm32f3xx_hal_flash.o
LOAD ./Drivers/STM32F3xx_HAL_Driver/Src/stm32f3xx_hal_flash_ex.o
LOAD ./Drivers/STM32F3xx_HAL_Driver/Src/stm32f3xx_hal_gpio.o
LOAD ./Drivers/STM32F3xx_HAL_Driver/Src/stm32f3xx_hal_i2c.o
LOAD ./Drivers/STM32F3xx_HAL_Driver/Src/stm32f3xx_hal_i2c_ex.o
LOAD ./Drivers/STM32F3xx_HAL_Driver/Src/stm32f3xx_hal_pwr.o
LOAD ./Drivers/STM32F3xx_HAL_Driver/Src/stm32f3xx_hal_pwr_ex.o
LOAD ./Drivers/STM32F3xx_HAL_Driver/Src/stm32f3xx_hal_rcc.o
LOAD ./Drivers/STM32F3xx_HAL_Driver/Src/stm32f3xx_hal_rcc_ex.o
LOAD ./Drivers/STM32F3xx_HAL_Driver/Src/stm32f3xx_hal_tim.o
LOAD ./Drivers/STM32F3xx_HAL_Driver/Src/stm32f3xx_hal_tim_ex.o
LOAD ./Drivers/STM32F3xx_HAL_Driver/Src/stm32f3xx_hal_uart.o
LOAD ./Drivers/STM32F3xx_HAL_Driver/Src/stm32f3xx_hal_uart_ex.o
LOAD ./Middlewares/Third_Party/FreeRTOS/Source/CMSIS_RTOS_V2/cmsis_os2.o
LOAD ./Middlewares/Third_Party/FreeRTOS/Source/croutine.o
LOAD ./Middlewares/Third_Party/FreeRTOS/Source/event_groups.o
LOAD ./Middlewares/Third_Party/FreeRTOS/Source/list.o
LOAD ./Middlewares/Third_Party/FreeRTOS/Source/queue.o
LOAD ./Middlewares/Third_Party/FreeRTOS/Source/stream_buffer.o
LOAD ./Middlewares/Third_Party/FreeRTOS/Source/tasks.o
LOAD ./Middlewares/Third_Party/FreeRTOS/Source/timers.o
LOAD ./Middlewares/Third_Party/FreeRTOS/Source/portable/GCC/ARM_CM4F/port.o
LOAD ./Middlewares/Third_Party/FreeRTOS/Source/portable/MemMang/heap_4.o
LOAD ./Src/ADC_Calculation.o
LOAD ./Src/BoardComm.o
LOAD ./Src/Sputter.o
LOAD ./Src/freertos.o
LOAD ./Src/main.o
LOAD ./Src/stm32f3xx_hal_msp.o
LOAD ./Src/stm32f3xx_hal_timebase_tim.o
LOAD ./Src/stm32f3xx_it.o
LOAD ./Src/syscalls.o
LOAD ./Src/sysmem.o
LOAD ./Src/system_stm32f3xx.o
LOAD ./Src/uart_mgr.o
LOAD ./Startup/startup_stm32f334r8tx.o
START GROUP
LOAD d:/st/stm32cubeide_1.9.0/stm32cubeide/plugins/com.st.stm32cube.ide.mcu.externaltools.gnu-tools-for-stm32.10.3-2021.10.win32_1.0.0.202111181127/tools/bin/../lib/gcc/arm-none-eabi/10.3.1/../../../../arm-none-eabi/lib/thumb/v7e-m+fp/hard\libc_nano.a
LOAD d:/st/stm32cubeide_1.9.0/stm32cubeide/plugins/com.st.stm32cube.ide.mcu.externaltools.gnu-tools-for-stm32.10.3-2021.10.win32_1.0.0.202111181127/tools/bin/../lib/gcc/arm-none-eabi/10.3.1/../../../../arm-none-eabi/lib/thumb/v7e-m+fp/hard\libm.a
END GROUP
START GROUP
LOAD d:/st/stm32cubeide_1.9.0/stm32cubeide/plugins/com.st.stm32cube.ide.mcu.externaltools.gnu-tools-for-stm32.10.3-2021.10.win32_1.0.0.202111181127/tools/bin/../lib/gcc/arm-none-eabi/10.3.1/thumb/v7e-m+fp/hard\libgcc.a
LOAD d:/st/stm32cubeide_1.9.0/stm32cubeide/plugins/com.st.stm32cube.ide.mcu.externaltools.gnu-tools-for-stm32.10.3-2021.10.win32_1.0.0.202111181127/tools/bin/../lib/gcc/arm-none-eabi/10.3.1/../../../../arm-none-eabi/lib/thumb/v7e-m+fp/hard\libc_nano.a
END GROUP
START GROUP
LOAD d:/st/stm32cubeide_1.9.0/stm32cubeide/plugins/com.st.stm32cube.ide.mcu.externaltools.gnu-tools-for-stm32.10.3-2021.10.win32_1.0.0.202111181127/tools/bin/../lib/gcc/arm-none-eabi/10.3.1/thumb/v7e-m+fp/hard\libgcc.a
LOAD d:/st/stm32cubeide_1.9.0/stm32cubeide/plugins/com.st.stm32cube.ide.mcu.externaltools.gnu-tools-for-stm32.10.3-2021.10.win32_1.0.0.202111181127/tools/bin/../lib/gcc/arm-none-eabi/10.3.1/../../../../arm-none-eabi/lib/thumb/v7e-m+fp/hard\libc_nano.a
LOAD d:/st/stm32cubeide_1.9.0/stm32cubeide/plugins/com.st.stm32cube.ide.mcu.externaltools.gnu-tools-for-stm32.10.3-2021.10.win32_1.0.0.202111181127/tools/bin/../lib/gcc/arm-none-eabi/10.3.1/../../../../arm-none-eabi/lib/thumb/v7e-m+fp/hard\libnosys.a
END GROUP
START GROUP
LOAD d:/st/stm32cubeide_1.9.0/stm32cubeide/plugins/com.st.stm32cube.ide.mcu.externaltools.gnu-tools-for-stm32.10.3-2021.10.win32_1.0.0.202111181127/tools/bin/../lib/gcc/arm-none-eabi/10.3.1/thumb/v7e-m+fp/hard\libgcc.a
LOAD d:/st/stm32cubeide_1.9.0/stm32cubeide/plugins/com.st.stm32cube.ide.mcu.externaltools.gnu-tools-for-stm32.10.3-2021.10.win32_1.0.0.202111181127/tools/bin/../lib/gcc/arm-none-eabi/10.3.1/../../../../arm-none-eabi/lib/thumb/v7e-m+fp/hard\libc_nano.a
LOAD d:/st/stm32cubeide_1.9.0/stm32cubeide/plugins/com.st.stm32cube.ide.mcu.externaltools.gnu-tools-for-stm32.10.3-2021.10.win32_1.0.0.202111181127/tools/bin/../lib/gcc/arm-none-eabi/10.3.1/../../../../arm-none-eabi/lib/thumb/v7e-m+fp/hard\libnosys.a
END GROUP
LOAD d:/st/stm32cubeide_1.9.0/stm32cubeide/plugins/com.st.stm32cube.ide.mcu.externaltools.gnu-tools-for-stm32.10.3-2021.10.win32_1.0.0.202111181127/tools/bin/../lib/gcc/arm-none-eabi/10.3.1/thumb/v7e-m+fp/hard/crtend.o
LOAD d:/st/stm32cubeide_1.9.0/stm32cubeide/plugins/com.st.stm32cube.ide.mcu.externaltools.gnu-tools-for-stm32.10.3-2021.10.win32_1.0.0.202111181127/tools/bin/../lib/gcc/arm-none-eabi/10.3.1/thumb/v7e-m+fp/hard/crtn.o
                0x0000000020003000                _estack = (ORIGIN (RAM) + LENGTH (RAM))
                0x0000000000000200                _Min_Heap_Size = 0x200
                0x0000000000000400                _Min_Stack_Size = 0x400

.isr_vector     0x0000000008000000      0x188
                0x0000000008000000                . = ALIGN (0x4)
 *(.isr_vector)
 .isr_vector    0x0000000008000000      0x188 ./Startup/startup_stm32f334r8tx.o
                0x0000000008000000                g_pfnVectors
                0x0000000008000188                . = ALIGN (0x4)

.text           0x0000000008000190     0x5e74
                0x0000000008000190                . = ALIGN (0x4)
 *(.text)
 .text          0x0000000008000190       0x40 d:/st/stm32cubeide_1.9.0/stm32cubeide/plugins/com.st.stm32cube.ide.mcu.externaltools.gnu-tools-for-stm32.10.3-2021.10.win32_1.0.0.202111181127/tools/bin/../lib/gcc/arm-none-eabi/10.3.1/thumb/v7e-m+fp/hard/crtbegin.o
 *(.text*)
 .text.HAL_Init
                0x00000000080001d0       0x24 ./Drivers/STM32F3xx_HAL_Driver/Src/stm32f3xx_hal.o
                0x00000000080001d0                HAL_Init
 .text.HAL_IncTick
                0x00000000080001f4       0x18 ./Drivers/STM32F3xx_HAL_Driver/Src/stm32f3xx_hal.o
                0x00000000080001f4                HAL_IncTick
 .text.HAL_GetTick
                0x000000000800020c        0xc ./Drivers/STM32F3xx_HAL_Driver/Src/stm32f3xx_hal.o
                0x000000000800020c                HAL_GetTick
 .text.HAL_Delay
                0x0000000008000218       0x24 ./Drivers/STM32F3xx_HAL_Driver/Src/stm32f3xx_hal.o
                0x0000000008000218                HAL_Delay
 .text.HAL_ADC_ConvCpltCallback
                0x000000000800023c        0x4 ./Drivers/STM32F3xx_HAL_Driver/Src/stm32f3xx_hal_adc.o
                0x000000000800023c                HAL_ADC_ConvCpltCallback
 .text.HAL_ADC_ConvHalfCpltCallback
                0x0000000008000240        0x4 ./Drivers/STM32F3xx_HAL_Driver/Src/stm32f3xx_hal_adc.o
                0x0000000008000240                HAL_ADC_ConvHalfCpltCallback
 .text.HAL_ADC_ErrorCallback
                0x0000000008000244        0x4 ./Drivers/STM32F3xx_HAL_Driver/Src/stm32f3xx_hal_adc.o
                0x0000000008000244                HAL_ADC_ErrorCallback
 .text.ADC_Disable
                0x0000000008000248       0x80 ./Drivers/STM32F3xx_HAL_Driver/Src/stm32f3xx_hal_adc_ex.o
 .text.ADC_Enable
                0x00000000080002c8       0x6c ./Drivers/STM32F3xx_HAL_Driver/Src/stm32f3xx_hal_adc_ex.o
 .text.ADC_DMAError
                0x0000000008000334       0x18 ./Drivers/STM32F3xx_HAL_Driver/Src/stm32f3xx_hal_adc_ex.o
 .text.ADC_DMAHalfConvCplt
                0x000000000800034c        0x8 ./Drivers/STM32F3xx_HAL_Driver/Src/stm32f3xx_hal_adc_ex.o
 .text.ADC_DMAConvCplt
                0x0000000008000354       0x44 ./Drivers/STM32F3xx_HAL_Driver/Src/stm32f3xx_hal_adc_ex.o
 .text.HAL_ADC_Init
                0x0000000008000398      0x210 ./Drivers/STM32F3xx_HAL_Driver/Src/stm32f3xx_hal_adc_ex.o
                0x0000000008000398                HAL_ADC_Init
 .text.HAL_ADC_Start_DMA
                0x00000000080005a8      0x114 ./Drivers/STM32F3xx_HAL_Driver/Src/stm32f3xx_hal_adc_ex.o
                0x00000000080005a8                HAL_ADC_Start_DMA
 .text.HAL_ADCEx_Calibration_Start
                0x00000000080006bc       0x94 ./Drivers/STM32F3xx_HAL_Driver/Src/stm32f3xx_hal_adc_ex.o
                0x00000000080006bc                HAL_ADCEx_Calibration_Start
 .text.HAL_ADCEx_Calibration_GetValue
                0x0000000008000750       0x14 ./Drivers/STM32F3xx_HAL_Driver/Src/stm32f3xx_hal_adc_ex.o
                0x0000000008000750                HAL_ADCEx_Calibration_GetValue
 .text.HAL_ADCEx_Calibration_SetValue
                0x0000000008000764       0x68 ./Drivers/STM32F3xx_HAL_Driver/Src/stm32f3xx_hal_adc_ex.o
                0x0000000008000764                HAL_ADCEx_Calibration_SetValue
 .text.HAL_ADC_ConfigChannel
                0x00000000080007cc      0x344 ./Drivers/STM32F3xx_HAL_Driver/Src/stm32f3xx_hal_adc_ex.o
                0x00000000080007cc                HAL_ADC_ConfigChannel
 .text.HAL_ADCEx_MultiModeConfigChannel
                0x0000000008000b10       0xe4 ./Drivers/STM32F3xx_HAL_Driver/Src/stm32f3xx_hal_adc_ex.o
                0x0000000008000b10                HAL_ADCEx_MultiModeConfigChannel
 .text.HAL_NVIC_SetPriorityGrouping
                0x0000000008000bf4       0x24 ./Drivers/STM32F3xx_HAL_Driver/Src/stm32f3xx_hal_cortex.o
                0x0000000008000bf4                HAL_NVIC_SetPriorityGrouping
 .text.HAL_NVIC_SetPriority
                0x0000000008000c18       0x7c ./Drivers/STM32F3xx_HAL_Driver/Src/stm32f3xx_hal_cortex.o
                0x0000000008000c18                HAL_NVIC_SetPriority
 .text.HAL_NVIC_EnableIRQ
                0x0000000008000c94       0x1c ./Drivers/STM32F3xx_HAL_Driver/Src/stm32f3xx_hal_cortex.o
                0x0000000008000c94                HAL_NVIC_EnableIRQ
 .text.HAL_CRC_Init
                0x0000000008000cb0       0x7c ./Drivers/STM32F3xx_HAL_Driver/Src/stm32f3xx_hal_crc.o
                0x0000000008000cb0                HAL_CRC_Init
 .text.HAL_CRCEx_Polynomial_Set
                0x0000000008000d2c       0x68 ./Drivers/STM32F3xx_HAL_Driver/Src/stm32f3xx_hal_crc_ex.o
                0x0000000008000d2c                HAL_CRCEx_Polynomial_Set
 .text.HAL_DAC_Init
                0x0000000008000d94       0x2c ./Drivers/STM32F3xx_HAL_Driver/Src/stm32f3xx_hal_dac.o
                0x0000000008000d94                HAL_DAC_Init
 .text.HAL_DAC_DMAUnderrunCallbackCh1
                0x0000000008000dc0        0x4 ./Drivers/STM32F3xx_HAL_Driver/Src/stm32f3xx_hal_dac.o
                0x0000000008000dc0                HAL_DAC_DMAUnderrunCallbackCh1
 .text.HAL_DAC_SetValue
                0x0000000008000dc4       0x30 ./Drivers/STM32F3xx_HAL_Driver/Src/stm32f3xx_hal_dac_ex.o
                0x0000000008000dc4                HAL_DAC_SetValue
 .text.HAL_DAC_Start
                0x0000000008000df4       0x54 ./Drivers/STM32F3xx_HAL_Driver/Src/stm32f3xx_hal_dac_ex.o
                0x0000000008000df4                HAL_DAC_Start
 .text.HAL_DAC_ConfigChannel
                0x0000000008000e48       0x68 ./Drivers/STM32F3xx_HAL_Driver/Src/stm32f3xx_hal_dac_ex.o
                0x0000000008000e48                HAL_DAC_ConfigChannel
 .text.HAL_DACEx_DMAUnderrunCallbackCh2
                0x0000000008000eb0        0x4 ./Drivers/STM32F3xx_HAL_Driver/Src/stm32f3xx_hal_dac_ex.o
                0x0000000008000eb0                HAL_DACEx_DMAUnderrunCallbackCh2
 .text.HAL_DAC_IRQHandler
                0x0000000008000eb4       0x64 ./Drivers/STM32F3xx_HAL_Driver/Src/stm32f3xx_hal_dac_ex.o
                0x0000000008000eb4                HAL_DAC_IRQHandler
 .text.HAL_DMA_Init
                0x0000000008000f18       0x64 ./Drivers/STM32F3xx_HAL_Driver/Src/stm32f3xx_hal_dma.o
                0x0000000008000f18                HAL_DMA_Init
 .text.HAL_DMA_Start_IT
                0x0000000008000f7c       0x84 ./Drivers/STM32F3xx_HAL_Driver/Src/stm32f3xx_hal_dma.o
                0x0000000008000f7c                HAL_DMA_Start_IT
 .text.HAL_DMA_Abort
                0x0000000008001000       0x44 ./Drivers/STM32F3xx_HAL_Driver/Src/stm32f3xx_hal_dma.o
                0x0000000008001000                HAL_DMA_Abort
 .text.HAL_DMA_Abort_IT
                0x0000000008001044       0x44 ./Drivers/STM32F3xx_HAL_Driver/Src/stm32f3xx_hal_dma.o
                0x0000000008001044                HAL_DMA_Abort_IT
 .text.HAL_DMA_IRQHandler
                0x0000000008001088       0x94 ./Drivers/STM32F3xx_HAL_Driver/Src/stm32f3xx_hal_dma.o
                0x0000000008001088                HAL_DMA_IRQHandler
 .text.HAL_GPIO_Init
                0x000000000800111c      0x1c8 ./Drivers/STM32F3xx_HAL_Driver/Src/stm32f3xx_hal_gpio.o
                0x000000000800111c                HAL_GPIO_Init
 .text.HAL_GPIO_ReadPin
                0x00000000080012e4        0xc ./Drivers/STM32F3xx_HAL_Driver/Src/stm32f3xx_hal_gpio.o
                0x00000000080012e4                HAL_GPIO_ReadPin
 .text.HAL_GPIO_WritePin
                0x00000000080012f0        0xc ./Drivers/STM32F3xx_HAL_Driver/Src/stm32f3xx_hal_gpio.o
                0x00000000080012f0                HAL_GPIO_WritePin
 .text.HAL_GPIO_TogglePin
                0x00000000080012fc       0x14 ./Drivers/STM32F3xx_HAL_Driver/Src/stm32f3xx_hal_gpio.o
                0x00000000080012fc                HAL_GPIO_TogglePin
 .text.HAL_GPIO_EXTI_Callback
                0x0000000008001310        0x4 ./Drivers/STM32F3xx_HAL_Driver/Src/stm32f3xx_hal_gpio.o
                0x0000000008001310                HAL_GPIO_EXTI_Callback
 .text.HAL_GPIO_EXTI_IRQHandler
                0x0000000008001314       0x18 ./Drivers/STM32F3xx_HAL_Driver/Src/stm32f3xx_hal_gpio.o
                0x0000000008001314                HAL_GPIO_EXTI_IRQHandler
 .text.HAL_RCC_OscConfig
                0x000000000800132c      0x5d0 ./Drivers/STM32F3xx_HAL_Driver/Src/stm32f3xx_hal_rcc.o
                0x000000000800132c                HAL_RCC_OscConfig
 .text.HAL_RCC_GetSysClockFreq
                0x00000000080018fc       0x6c ./Drivers/STM32F3xx_HAL_Driver/Src/stm32f3xx_hal_rcc.o
                0x00000000080018fc                HAL_RCC_GetSysClockFreq
 .text.HAL_RCC_ClockConfig
                0x0000000008001968      0x184 ./Drivers/STM32F3xx_HAL_Driver/Src/stm32f3xx_hal_rcc.o
                0x0000000008001968                HAL_RCC_ClockConfig
 .text.HAL_RCC_GetPCLK1Freq
                0x0000000008001aec       0x30 ./Drivers/STM32F3xx_HAL_Driver/Src/stm32f3xx_hal_rcc.o
                0x0000000008001aec                HAL_RCC_GetPCLK1Freq
 .text.HAL_RCC_GetPCLK2Freq
                0x0000000008001b1c       0x30 ./Drivers/STM32F3xx_HAL_Driver/Src/stm32f3xx_hal_rcc.o
                0x0000000008001b1c                HAL_RCC_GetPCLK2Freq
 .text.HAL_RCC_GetClockConfig
                0x0000000008001b4c       0x44 ./Drivers/STM32F3xx_HAL_Driver/Src/stm32f3xx_hal_rcc.o
                0x0000000008001b4c                HAL_RCC_GetClockConfig
 .text.HAL_RCCEx_PeriphCLKConfig
                0x0000000008001b90      0x190 ./Drivers/STM32F3xx_HAL_Driver/Src/stm32f3xx_hal_rcc_ex.o
                0x0000000008001b90                HAL_RCCEx_PeriphCLKConfig
 .text.HAL_TIM_Base_Start_IT
                0x0000000008001d20       0x64 ./Drivers/STM32F3xx_HAL_Driver/Src/stm32f3xx_hal_tim.o
                0x0000000008001d20                HAL_TIM_Base_Start_IT
 .text.HAL_TIM_ConfigClockSource
                0x0000000008001d84      0x160 ./Drivers/STM32F3xx_HAL_Driver/Src/stm32f3xx_hal_tim.o
                0x0000000008001d84                HAL_TIM_ConfigClockSource
 .text.HAL_TIM_OC_DelayElapsedCallback
                0x0000000008001ee4        0x4 ./Drivers/STM32F3xx_HAL_Driver/Src/stm32f3xx_hal_tim.o
                0x0000000008001ee4                HAL_TIM_OC_DelayElapsedCallback
 .text.HAL_TIM_IC_CaptureCallback
                0x0000000008001ee8        0x4 ./Drivers/STM32F3xx_HAL_Driver/Src/stm32f3xx_hal_tim.o
                0x0000000008001ee8                HAL_TIM_IC_CaptureCallback
 .text.HAL_TIM_PWM_PulseFinishedCallback
                0x0000000008001eec        0x4 ./Drivers/STM32F3xx_HAL_Driver/Src/stm32f3xx_hal_tim.o
                0x0000000008001eec                HAL_TIM_PWM_PulseFinishedCallback
 .text.HAL_TIM_TriggerCallback
                0x0000000008001ef0        0x4 ./Drivers/STM32F3xx_HAL_Driver/Src/stm32f3xx_hal_tim.o
                0x0000000008001ef0                HAL_TIM_TriggerCallback
 .text.HAL_TIM_IRQHandler
                0x0000000008001ef4      0x170 ./Drivers/STM32F3xx_HAL_Driver/Src/stm32f3xx_hal_tim.o
                0x0000000008001ef4                HAL_TIM_IRQHandler
 .text.TIM_Base_SetConfig
                0x0000000008002064       0xb4 ./Drivers/STM32F3xx_HAL_Driver/Src/stm32f3xx_hal_tim.o
                0x0000000008002064                TIM_Base_SetConfig
 .text.HAL_TIM_Base_Init
                0x0000000008002118       0x64 ./Drivers/STM32F3xx_HAL_Driver/Src/stm32f3xx_hal_tim.o
                0x0000000008002118                HAL_TIM_Base_Init
 .text.HAL_TIMEx_MasterConfigSynchronization
                0x000000000800217c       0x78 ./Drivers/STM32F3xx_HAL_Driver/Src/stm32f3xx_hal_tim_ex.o
                0x000000000800217c                HAL_TIMEx_MasterConfigSynchronization
 .text.HAL_TIMEx_CommutCallback
                0x00000000080021f4        0x4 ./Drivers/STM32F3xx_HAL_Driver/Src/stm32f3xx_hal_tim_ex.o
                0x00000000080021f4                HAL_TIMEx_CommutCallback
 .text.HAL_TIMEx_BreakCallback
                0x00000000080021f8        0x4 ./Drivers/STM32F3xx_HAL_Driver/Src/stm32f3xx_hal_tim_ex.o
                0x00000000080021f8                HAL_TIMEx_BreakCallback
 .text.HAL_TIMEx_Break2Callback
                0x00000000080021fc        0x4 ./Drivers/STM32F3xx_HAL_Driver/Src/stm32f3xx_hal_tim_ex.o
                0x00000000080021fc                HAL_TIMEx_Break2Callback
 .text.UART_EndRxTransfer
                0x0000000008002200       0x60 ./Drivers/STM32F3xx_HAL_Driver/Src/stm32f3xx_hal_uart.o
 .text.HAL_UART_TxCpltCallback
                0x0000000008002260        0x4 ./Drivers/STM32F3xx_HAL_Driver/Src/stm32f3xx_hal_uart.o
                0x0000000008002260                HAL_UART_TxCpltCallback
 .text.HAL_UART_RxCpltCallback
                0x0000000008002264        0x4 ./Drivers/STM32F3xx_HAL_Driver/Src/stm32f3xx_hal_uart.o
                0x0000000008002264                HAL_UART_RxCpltCallback
 .text.HAL_UART_ErrorCallback
                0x0000000008002268        0x4 ./Drivers/STM32F3xx_HAL_Driver/Src/stm32f3xx_hal_uart.o
                0x0000000008002268                HAL_UART_ErrorCallback
 .text.UART_DMAAbortOnError
                0x000000000800226c       0x14 ./Drivers/STM32F3xx_HAL_Driver/Src/stm32f3xx_hal_uart.o
 .text.HAL_UARTEx_RxEventCallback
                0x0000000008002280        0x4 ./Drivers/STM32F3xx_HAL_Driver/Src/stm32f3xx_hal_uart.o
                0x0000000008002280                HAL_UARTEx_RxEventCallback
 .text.HAL_UART_IRQHandler
                0x0000000008002284      0x2b4 ./Drivers/STM32F3xx_HAL_Driver/Src/stm32f3xx_hal_uart.o
                0x0000000008002284                HAL_UART_IRQHandler
 .text.UART_RxISR_8BIT
                0x0000000008002538       0xa0 ./Drivers/STM32F3xx_HAL_Driver/Src/stm32f3xx_hal_uart.o
 .text.UART_RxISR_16BIT
                0x00000000080025d8       0xa0 ./Drivers/STM32F3xx_HAL_Driver/Src/stm32f3xx_hal_uart.o
 .text.UART_SetConfig
                0x0000000008002678      0x184 ./Drivers/STM32F3xx_HAL_Driver/Src/stm32f3xx_hal_uart.o
                0x0000000008002678                UART_SetConfig
 .text.UART_AdvFeatureConfig
                0x00000000080027fc       0xb0 ./Drivers/STM32F3xx_HAL_Driver/Src/stm32f3xx_hal_uart.o
                0x00000000080027fc                UART_AdvFeatureConfig
 .text.UART_WaitOnFlagUntilTimeout
                0x00000000080028ac       0xdc ./Drivers/STM32F3xx_HAL_Driver/Src/stm32f3xx_hal_uart.o
                0x00000000080028ac                UART_WaitOnFlagUntilTimeout
 .text.HAL_UART_Transmit
                0x0000000008002988       0xd8 ./Drivers/STM32F3xx_HAL_Driver/Src/stm32f3xx_hal_uart.o
                0x0000000008002988                HAL_UART_Transmit
 .text.UART_CheckIdleState
                0x0000000008002a60       0x70 ./Drivers/STM32F3xx_HAL_Driver/Src/stm32f3xx_hal_uart.o
                0x0000000008002a60                UART_CheckIdleState
 .text.HAL_UART_Init
                0x0000000008002ad0       0x64 ./Drivers/STM32F3xx_HAL_Driver/Src/stm32f3xx_hal_uart.o
                0x0000000008002ad0                HAL_UART_Init
 .text.UART_Start_Receive_IT
                0x0000000008002b34       0xbc ./Drivers/STM32F3xx_HAL_Driver/Src/stm32f3xx_hal_uart.o
                0x0000000008002b34                UART_Start_Receive_IT
 .text.HAL_UART_Receive_IT
                0x0000000008002bf0       0x44 ./Drivers/STM32F3xx_HAL_Driver/Src/stm32f3xx_hal_uart.o
                0x0000000008002bf0                HAL_UART_Receive_IT
 .text.HAL_UARTEx_WakeupCallback
                0x0000000008002c34        0x4 ./Drivers/STM32F3xx_HAL_Driver/Src/stm32f3xx_hal_uart_ex.o
                0x0000000008002c34                HAL_UARTEx_WakeupCallback
 .text.osKernelInitialize
                0x0000000008002c38       0x34 ./Middlewares/Third_Party/FreeRTOS/Source/CMSIS_RTOS_V2/cmsis_os2.o
                0x0000000008002c38                osKernelInitialize
 .text.osKernelStart
                0x0000000008002c6c       0x44 ./Middlewares/Third_Party/FreeRTOS/Source/CMSIS_RTOS_V2/cmsis_os2.o
                0x0000000008002c6c                osKernelStart
 .text.osThreadNew
                0x0000000008002cb0       0xc4 ./Middlewares/Third_Party/FreeRTOS/Source/CMSIS_RTOS_V2/cmsis_os2.o
                0x0000000008002cb0                osThreadNew
 .text.osDelay  0x0000000008002d74       0x34 ./Middlewares/Third_Party/FreeRTOS/Source/CMSIS_RTOS_V2/cmsis_os2.o
                0x0000000008002d74                osDelay
 .text.vApplicationGetIdleTaskMemory
                0x0000000008002da8       0x1c ./Middlewares/Third_Party/FreeRTOS/Source/CMSIS_RTOS_V2/cmsis_os2.o
                0x0000000008002da8                vApplicationGetIdleTaskMemory
 .text.vApplicationGetTimerTaskMemory
                0x0000000008002dc4       0x20 ./Middlewares/Third_Party/FreeRTOS/Source/CMSIS_RTOS_V2/cmsis_os2.o
                0x0000000008002dc4                vApplicationGetTimerTaskMemory
 .text.vListInitialise
                0x0000000008002de4       0x18 ./Middlewares/Third_Party/FreeRTOS/Source/list.o
                0x0000000008002de4                vListInitialise
 .text.vListInitialiseItem
                0x0000000008002dfc        0x8 ./Middlewares/Third_Party/FreeRTOS/Source/list.o
                0x0000000008002dfc                vListInitialiseItem
 .text.vListInsertEnd
                0x0000000008002e04       0x20 ./Middlewares/Third_Party/FreeRTOS/Source/list.o
                0x0000000008002e04                vListInsertEnd
 .text.vListInsert
                0x0000000008002e24       0x30 ./Middlewares/Third_Party/FreeRTOS/Source/list.o
                0x0000000008002e24                vListInsert
 .text.uxListRemove
                0x0000000008002e54       0x28 ./Middlewares/Third_Party/FreeRTOS/Source/list.o
                0x0000000008002e54                uxListRemove
 .text.prvCopyDataToQueue
                0x0000000008002e7c       0x78 ./Middlewares/Third_Party/FreeRTOS/Source/queue.o
 .text.prvUnlockQueue
                0x0000000008002ef4       0x8c ./Middlewares/Third_Party/FreeRTOS/Source/queue.o
 .text.xQueueGenericReset
                0x0000000008002f80       0x8c ./Middlewares/Third_Party/FreeRTOS/Source/queue.o
                0x0000000008002f80                xQueueGenericReset
 .text.xQueueGenericCreateStatic
                0x000000000800300c       0xb0 ./Middlewares/Third_Party/FreeRTOS/Source/queue.o
                0x000000000800300c                xQueueGenericCreateStatic
 .text.xQueueGenericSend
                0x00000000080030bc      0x180 ./Middlewares/Third_Party/FreeRTOS/Source/queue.o
                0x00000000080030bc                xQueueGenericSend
 .text.xQueueGenericSendFromISR
                0x000000000800323c       0xc8 ./Middlewares/Third_Party/FreeRTOS/Source/queue.o
                0x000000000800323c                xQueueGenericSendFromISR
 .text.xQueueReceive
                0x0000000008003304      0x184 ./Middlewares/Third_Party/FreeRTOS/Source/queue.o
                0x0000000008003304                xQueueReceive
 .text.vQueueAddToRegistry
                0x0000000008003488       0x2c ./Middlewares/Third_Party/FreeRTOS/Source/queue.o
                0x0000000008003488                vQueueAddToRegistry
 .text.vQueueWaitForMessageRestricted
                0x00000000080034b4       0x50 ./Middlewares/Third_Party/FreeRTOS/Source/queue.o
                0x00000000080034b4                vQueueWaitForMessageRestricted
 .text.prvAddNewTaskToReadyList
                0x0000000008003504      0x110 ./Middlewares/Third_Party/FreeRTOS/Source/tasks.o
 .text.prvAddCurrentTaskToDelayedList
                0x0000000008003614       0x74 ./Middlewares/Third_Party/FreeRTOS/Source/tasks.o
 .text.prvDeleteTCB
                0x0000000008003688       0x48 ./Middlewares/Third_Party/FreeRTOS/Source/tasks.o
 .text.prvIdleTask
                0x00000000080036d0       0x68 ./Middlewares/Third_Party/FreeRTOS/Source/tasks.o
 .text.prvInitialiseNewTask.constprop.0
                0x0000000008003738       0xbc ./Middlewares/Third_Party/FreeRTOS/Source/tasks.o
 .text.xTaskCreateStatic
                0x00000000080037f4       0x70 ./Middlewares/Third_Party/FreeRTOS/Source/tasks.o
                0x00000000080037f4                xTaskCreateStatic
 .text.xTaskCreate
                0x0000000008003864       0x64 ./Middlewares/Third_Party/FreeRTOS/Source/tasks.o
                0x0000000008003864                xTaskCreate
 .text.vTaskStartScheduler
                0x00000000080038c8       0xa0 ./Middlewares/Third_Party/FreeRTOS/Source/tasks.o
                0x00000000080038c8                vTaskStartScheduler
 .text.vTaskSuspendAll
                0x0000000008003968       0x10 ./Middlewares/Third_Party/FreeRTOS/Source/tasks.o
                0x0000000008003968                vTaskSuspendAll
 .text.xTaskGetTickCount
                0x0000000008003978        0xc ./Middlewares/Third_Party/FreeRTOS/Source/tasks.o
                0x0000000008003978                xTaskGetTickCount
 .text.xTaskIncrementTick
                0x0000000008003984      0x164 ./Middlewares/Third_Party/FreeRTOS/Source/tasks.o
                0x0000000008003984                xTaskIncrementTick
 .text.xTaskResumeAll.part.0
                0x0000000008003ae8      0x10c ./Middlewares/Third_Party/FreeRTOS/Source/tasks.o
 .text.xTaskResumeAll
                0x0000000008003bf4       0x20 ./Middlewares/Third_Party/FreeRTOS/Source/tasks.o
                0x0000000008003bf4                xTaskResumeAll
 .text.vTaskDelay
                0x0000000008003c14       0x60 ./Middlewares/Third_Party/FreeRTOS/Source/tasks.o
                0x0000000008003c14                vTaskDelay
 .text.vTaskSwitchContext
                0x0000000008003c74       0x94 ./Middlewares/Third_Party/FreeRTOS/Source/tasks.o
                0x0000000008003c74                vTaskSwitchContext
 .text.vTaskPlaceOnEventList
                0x0000000008003d08       0x34 ./Middlewares/Third_Party/FreeRTOS/Source/tasks.o
                0x0000000008003d08                vTaskPlaceOnEventList
 .text.vTaskPlaceOnEventListRestricted
                0x0000000008003d3c       0x3c ./Middlewares/Third_Party/FreeRTOS/Source/tasks.o
                0x0000000008003d3c                vTaskPlaceOnEventListRestricted
 .text.xTaskRemoveFromEventList
                0x0000000008003d78       0x90 ./Middlewares/Third_Party/FreeRTOS/Source/tasks.o
                0x0000000008003d78                xTaskRemoveFromEventList
 .text.vTaskInternalSetTimeOutState
                0x0000000008003e08       0x18 ./Middlewares/Third_Party/FreeRTOS/Source/tasks.o
                0x0000000008003e08                vTaskInternalSetTimeOutState
 .text.xTaskCheckForTimeOut
                0x0000000008003e20       0x90 ./Middlewares/Third_Party/FreeRTOS/Source/tasks.o
                0x0000000008003e20                xTaskCheckForTimeOut
 .text.vTaskMissedYield
                0x0000000008003eb0        0xc ./Middlewares/Third_Party/FreeRTOS/Source/tasks.o
                0x0000000008003eb0                vTaskMissedYield
 .text.xTaskGetSchedulerState
                0x0000000008003ebc       0x20 ./Middlewares/Third_Party/FreeRTOS/Source/tasks.o
                0x0000000008003ebc                xTaskGetSchedulerState
 .text.xTaskPriorityDisinherit
                0x0000000008003edc       0x8c ./Middlewares/Third_Party/FreeRTOS/Source/tasks.o
                0x0000000008003edc                xTaskPriorityDisinherit
 .text.prvCheckForValidListAndQueue
                0x0000000008003f68       0x6c ./Middlewares/Third_Party/FreeRTOS/Source/timers.o
 .text.xTimerCreateTimerTask
                0x0000000008003fd4       0x64 ./Middlewares/Third_Party/FreeRTOS/Source/timers.o
                0x0000000008003fd4                xTimerCreateTimerTask
 .text.xTimerGenericCommand
                0x0000000008004038       0x6c ./Middlewares/Third_Party/FreeRTOS/Source/timers.o
                0x0000000008004038                xTimerGenericCommand
 .text.prvSwitchTimerLists
                0x00000000080040a4       0x88 ./Middlewares/Third_Party/FreeRTOS/Source/timers.o
 .text.prvTimerTask
                0x000000000800412c      0x23c ./Middlewares/Third_Party/FreeRTOS/Source/timers.o
 .text.prvPortStartFirstTask
                0x0000000008004368       0x28 ./Middlewares/Third_Party/FreeRTOS/Source/portable/GCC/ARM_CM4F/port.o
 .text.vPortEnableVFP
                0x0000000008004390       0x14 ./Middlewares/Third_Party/FreeRTOS/Source/portable/GCC/ARM_CM4F/port.o
 .text.prvTaskExitError
                0x00000000080043a4       0x40 ./Middlewares/Third_Party/FreeRTOS/Source/portable/GCC/ARM_CM4F/port.o
 .text.pxPortInitialiseStack
                0x00000000080043e4       0x28 ./Middlewares/Third_Party/FreeRTOS/Source/portable/GCC/ARM_CM4F/port.o
                0x00000000080043e4                pxPortInitialiseStack
 *fill*         0x000000000800440c        0x4 
 .text.SVC_Handler
                0x0000000008004410       0x24 ./Middlewares/Third_Party/FreeRTOS/Source/portable/GCC/ARM_CM4F/port.o
                0x0000000008004410                SVC_Handler
 .text.vPortEnterCritical
                0x0000000008004434       0x44 ./Middlewares/Third_Party/FreeRTOS/Source/portable/GCC/ARM_CM4F/port.o
                0x0000000008004434                vPortEnterCritical
 .text.vPortExitCritical
                0x0000000008004478       0x28 ./Middlewares/Third_Party/FreeRTOS/Source/portable/GCC/ARM_CM4F/port.o
                0x0000000008004478                vPortExitCritical
 .text.PendSV_Handler
                0x00000000080044a0       0x64 ./Middlewares/Third_Party/FreeRTOS/Source/portable/GCC/ARM_CM4F/port.o
                0x00000000080044a0                PendSV_Handler
 .text.SysTick_Handler
                0x0000000008004504       0x2c ./Middlewares/Third_Party/FreeRTOS/Source/portable/GCC/ARM_CM4F/port.o
                0x0000000008004504                SysTick_Handler
 .text.vPortSetupTimerInterrupt
                0x0000000008004530       0x28 ./Middlewares/Third_Party/FreeRTOS/Source/portable/GCC/ARM_CM4F/port.o
                0x0000000008004530                vPortSetupTimerInterrupt
 .text.xPortStartScheduler
                0x0000000008004558      0x114 ./Middlewares/Third_Party/FreeRTOS/Source/portable/GCC/ARM_CM4F/port.o
                0x0000000008004558                xPortStartScheduler
 .text.vPortValidateInterruptPriority
                0x000000000800466c       0x5c ./Middlewares/Third_Party/FreeRTOS/Source/portable/GCC/ARM_CM4F/port.o
                0x000000000800466c                vPortValidateInterruptPriority
 .text.prvInsertBlockIntoFreeList
                0x00000000080046c8       0x64 ./Middlewares/Third_Party/FreeRTOS/Source/portable/MemMang/heap_4.o
 .text.pvPortMalloc
                0x000000000800472c      0x120 ./Middlewares/Third_Party/FreeRTOS/Source/portable/MemMang/heap_4.o
                0x000000000800472c                pvPortMalloc
 .text.vPortFree
                0x000000000800484c       0x74 ./Middlewares/Third_Party/FreeRTOS/Source/portable/MemMang/heap_4.o
                0x000000000800484c                vPortFree
 .text.ADC_CaculationFunc
                0x00000000080048c0      0x490 ./Src/ADC_Calculation.o
                0x00000000080048c0                ADC_CaculationFunc
 .text.BoardCommFunc
                0x0000000008004d50       0xb0 ./Src/BoardComm.o
                0x0000000008004d50                BoardCommFunc
 .text.SputterFunc
                0x0000000008004e00      0x4f0 ./Src/Sputter.o
                0x0000000008004e00                SputterFunc
 .text.StartDefaultTask
                0x00000000080052f0        0xc ./Src/main.o
                0x00000000080052f0                StartDefaultTask
 .text.BoardComm
                0x00000000080052fc        0x4 ./Src/main.o
                0x00000000080052fc                BoardComm
 .text.Sputter  0x0000000008005300        0x4 ./Src/main.o
                0x0000000008005300                Sputter
 .text.ADC_Caculation
                0x0000000008005304        0x4 ./Src/main.o
                0x0000000008005304                ADC_Caculation
 .text.SystemClock_Config
                0x0000000008005308       0x88 ./Src/main.o
                0x0000000008005308                SystemClock_Config
 .text.startup.main
                0x0000000008005390      0x41c ./Src/main.o
                0x0000000008005390                main
 .text.HAL_TIM_PeriodElapsedCallback
                0x00000000080057ac       0x14 ./Src/main.o
                0x00000000080057ac                HAL_TIM_PeriodElapsedCallback
 .text.Error_Handler
                0x00000000080057c0        0x4 ./Src/main.o
                0x00000000080057c0                Error_Handler
 .text.HAL_MspInit
                0x00000000080057c4       0x40 ./Src/stm32f3xx_hal_msp.o
                0x00000000080057c4                HAL_MspInit
 .text.HAL_ADC_MspInit
                0x0000000008005804       0x9c ./Src/stm32f3xx_hal_msp.o
                0x0000000008005804                HAL_ADC_MspInit
 .text.HAL_CRC_MspInit
                0x00000000080058a0       0x2c ./Src/stm32f3xx_hal_msp.o
                0x00000000080058a0                HAL_CRC_MspInit
 .text.HAL_DAC_MspInit
                0x00000000080058cc       0xb8 ./Src/stm32f3xx_hal_msp.o
                0x00000000080058cc                HAL_DAC_MspInit
 .text.HAL_TIM_Base_MspInit
                0x0000000008005984       0x40 ./Src/stm32f3xx_hal_msp.o
                0x0000000008005984                HAL_TIM_Base_MspInit
 .text.HAL_UART_MspInit
                0x00000000080059c4       0x78 ./Src/stm32f3xx_hal_msp.o
                0x00000000080059c4                HAL_UART_MspInit
 .text.HAL_InitTick
                0x0000000008005a3c       0x7c ./Src/stm32f3xx_hal_timebase_tim.o
                0x0000000008005a3c                HAL_InitTick
 .text.DMA1_Channel1_IRQHandler
                0x0000000008005ab8        0xc ./Src/stm32f3xx_it.o
                0x0000000008005ab8                DMA1_Channel1_IRQHandler
 .text.EXTI9_5_IRQHandler
                0x0000000008005ac4       0x18 ./Src/stm32f3xx_it.o
                0x0000000008005ac4                EXTI9_5_IRQHandler
 .text.TIM1_UP_TIM16_IRQHandler
                0x0000000008005adc       0x88 ./Src/stm32f3xx_it.o
                0x0000000008005adc                TIM1_UP_TIM16_IRQHandler
 .text.USART2_IRQHandler
                0x0000000008005b64       0xd4 ./Src/stm32f3xx_it.o
                0x0000000008005b64                USART2_IRQHandler
 .text.TIM6_DAC1_IRQHandler
                0x0000000008005c38       0x1c ./Src/stm32f3xx_it.o
                0x0000000008005c38                TIM6_DAC1_IRQHandler
 .text.SystemInit
                0x0000000008005c54       0x14 ./Src/system_stm32f3xx.o
                0x0000000008005c54                SystemInit
 .text.uart_receiver
                0x0000000008005c68      0x134 ./Src/uart_mgr.o
                0x0000000008005c68                uart_receiver
 .text.Reset_Handler
                0x0000000008005d9c       0x50 ./Startup/startup_stm32f334r8tx.o
                0x0000000008005d9c                Reset_Handler
 .text.Default_Handler
                0x0000000008005dec        0x2 ./Startup/startup_stm32f334r8tx.o
                0x0000000008005dec                RTC_Alarm_IRQHandler
                0x0000000008005dec                HRTIM1_Master_IRQHandler
                0x0000000008005dec                DebugMon_Handler
                0x0000000008005dec                TIM1_CC_IRQHandler
                0x0000000008005dec                HardFault_Handler
                0x0000000008005dec                HRTIM1_FLT_IRQHandler
                0x0000000008005dec                PVD_IRQHandler
                0x0000000008005dec                HRTIM1_TIMD_IRQHandler
                0x0000000008005dec                TAMP_STAMP_IRQHandler
                0x0000000008005dec                NMI_Handler
                0x0000000008005dec                EXTI3_IRQHandler
                0x0000000008005dec                EXTI0_IRQHandler
                0x0000000008005dec                FPU_IRQHandler
                0x0000000008005dec                CAN_TX_IRQHandler
                0x0000000008005dec                UsageFault_Handler
                0x0000000008005dec                ADC1_2_IRQHandler
                0x0000000008005dec                HRTIM1_TIME_IRQHandler
                0x0000000008005dec                SPI1_IRQHandler
                0x0000000008005dec                CAN_SCE_IRQHandler
                0x0000000008005dec                HRTIM1_TIMC_IRQHandler
                0x0000000008005dec                DMA1_Channel4_IRQHandler
                0x0000000008005dec                USART3_IRQHandler
                0x0000000008005dec                DMA1_Channel7_IRQHandler
                0x0000000008005dec                TIM7_DAC2_IRQHandler
                0x0000000008005dec                CAN_RX1_IRQHandler
                0x0000000008005dec                I2C1_EV_IRQHandler
                0x0000000008005dec                DMA1_Channel6_IRQHandler
                0x0000000008005dec                TIM3_IRQHandler
                0x0000000008005dec                RCC_IRQHandler
                0x0000000008005dec                Default_Handler
                0x0000000008005dec                EXTI15_10_IRQHandler
                0x0000000008005dec                COMP2_IRQHandler
                0x0000000008005dec                HRTIM1_TIMA_IRQHandler
                0x0000000008005dec                RTC_WKUP_IRQHandler
                0x0000000008005dec                MemManage_Handler
                0x0000000008005dec                DMA1_Channel5_IRQHandler
                0x0000000008005dec                EXTI4_IRQHandler
                0x0000000008005dec                HRTIM1_TIMB_IRQHandler
                0x0000000008005dec                TIM1_TRG_COM_TIM17_IRQHandler
                0x0000000008005dec                DMA1_Channel3_IRQHandler
                0x0000000008005dec                WWDG_IRQHandler
                0x0000000008005dec                TIM2_IRQHandler
                0x0000000008005dec                EXTI1_IRQHandler
                0x0000000008005dec                COMP4_6_IRQHandler
                0x0000000008005dec                DMA1_Channel2_IRQHandler
                0x0000000008005dec                FLASH_IRQHandler
                0x0000000008005dec                BusFault_Handler
                0x0000000008005dec                USART1_IRQHandler
                0x0000000008005dec                CAN_RX0_IRQHandler
                0x0000000008005dec                I2C1_ER_IRQHandler
                0x0000000008005dec                EXTI2_TSC_IRQHandler
                0x0000000008005dec                TIM1_BRK_TIM15_IRQHandler
 *fill*         0x0000000008005dee        0x2 
 .text.__libc_init_array
                0x0000000008005df0       0x48 d:/st/stm32cubeide_1.9.0/stm32cubeide/plugins/com.st.stm32cube.ide.mcu.externaltools.gnu-tools-for-stm32.10.3-2021.10.win32_1.0.0.202111181127/tools/bin/../lib/gcc/arm-none-eabi/10.3.1/../../../../arm-none-eabi/lib/thumb/v7e-m+fp/hard\libc_nano.a(lib_a-init.o)
                0x0000000008005df0                __libc_init_array
 .text.__retarget_lock_acquire_recursive
                0x0000000008005e38        0x2 d:/st/stm32cubeide_1.9.0/stm32cubeide/plugins/com.st.stm32cube.ide.mcu.externaltools.gnu-tools-for-stm32.10.3-2021.10.win32_1.0.0.202111181127/tools/bin/../lib/gcc/arm-none-eabi/10.3.1/../../../../arm-none-eabi/lib/thumb/v7e-m+fp/hard\libc_nano.a(lib_a-lock.o)
                0x0000000008005e38                __retarget_lock_acquire_recursive
 .text.__retarget_lock_release_recursive
                0x0000000008005e3a        0x2 d:/st/stm32cubeide_1.9.0/stm32cubeide/plugins/com.st.stm32cube.ide.mcu.externaltools.gnu-tools-for-stm32.10.3-2021.10.win32_1.0.0.202111181127/tools/bin/../lib/gcc/arm-none-eabi/10.3.1/../../../../arm-none-eabi/lib/thumb/v7e-m+fp/hard\libc_nano.a(lib_a-lock.o)
                0x0000000008005e3a                __retarget_lock_release_recursive
 .text.memcpy   0x0000000008005e3c       0x1c d:/st/stm32cubeide_1.9.0/stm32cubeide/plugins/com.st.stm32cube.ide.mcu.externaltools.gnu-tools-for-stm32.10.3-2021.10.win32_1.0.0.202111181127/tools/bin/../lib/gcc/arm-none-eabi/10.3.1/../../../../arm-none-eabi/lib/thumb/v7e-m+fp/hard\libc_nano.a(lib_a-memcpy-stub.o)
                0x0000000008005e3c                memcpy
 .text.memset   0x0000000008005e58       0x10 d:/st/stm32cubeide_1.9.0/stm32cubeide/plugins/com.st.stm32cube.ide.mcu.externaltools.gnu-tools-for-stm32.10.3-2021.10.win32_1.0.0.202111181127/tools/bin/../lib/gcc/arm-none-eabi/10.3.1/../../../../arm-none-eabi/lib/thumb/v7e-m+fp/hard\libc_nano.a(lib_a-memset.o)
                0x0000000008005e58                memset
 .text.cleanup_glue
                0x0000000008005e68       0x1a d:/st/stm32cubeide_1.9.0/stm32cubeide/plugins/com.st.stm32cube.ide.mcu.externaltools.gnu-tools-for-stm32.10.3-2021.10.win32_1.0.0.202111181127/tools/bin/../lib/gcc/arm-none-eabi/10.3.1/../../../../arm-none-eabi/lib/thumb/v7e-m+fp/hard\libc_nano.a(lib_a-reent.o)
                0x0000000008005e68                cleanup_glue
 *fill*         0x0000000008005e82        0x2 
 .text._reclaim_reent
                0x0000000008005e84       0xb8 d:/st/stm32cubeide_1.9.0/stm32cubeide/plugins/com.st.stm32cube.ide.mcu.externaltools.gnu-tools-for-stm32.10.3-2021.10.win32_1.0.0.202111181127/tools/bin/../lib/gcc/arm-none-eabi/10.3.1/../../../../arm-none-eabi/lib/thumb/v7e-m+fp/hard\libc_nano.a(lib_a-reent.o)
                0x0000000008005e84                _reclaim_reent
 .text.__malloc_lock
                0x0000000008005f3c        0xc d:/st/stm32cubeide_1.9.0/stm32cubeide/plugins/com.st.stm32cube.ide.mcu.externaltools.gnu-tools-for-stm32.10.3-2021.10.win32_1.0.0.202111181127/tools/bin/../lib/gcc/arm-none-eabi/10.3.1/../../../../arm-none-eabi/lib/thumb/v7e-m+fp/hard\libc_nano.a(lib_a-mlock.o)
                0x0000000008005f3c                __malloc_lock
 .text.__malloc_unlock
                0x0000000008005f48        0xc d:/st/stm32cubeide_1.9.0/stm32cubeide/plugins/com.st.stm32cube.ide.mcu.externaltools.gnu-tools-for-stm32.10.3-2021.10.win32_1.0.0.202111181127/tools/bin/../lib/gcc/arm-none-eabi/10.3.1/../../../../arm-none-eabi/lib/thumb/v7e-m+fp/hard\libc_nano.a(lib_a-mlock.o)
                0x0000000008005f48                __malloc_unlock
 .text._free_r  0x0000000008005f54       0x98 d:/st/stm32cubeide_1.9.0/stm32cubeide/plugins/com.st.stm32cube.ide.mcu.externaltools.gnu-tools-for-stm32.10.3-2021.10.win32_1.0.0.202111181127/tools/bin/../lib/gcc/arm-none-eabi/10.3.1/../../../../arm-none-eabi/lib/thumb/v7e-m+fp/hard\libc_nano.a(lib_a-nano-freer.o)
                0x0000000008005f54                _free_r
 *(.glue_7)
 .glue_7        0x0000000008005fec        0x0 linker stubs
 *(.glue_7t)
 .glue_7t       0x0000000008005fec        0x0 linker stubs
 *(.eh_frame)
 .eh_frame      0x0000000008005fec        0x0 d:/st/stm32cubeide_1.9.0/stm32cubeide/plugins/com.st.stm32cube.ide.mcu.externaltools.gnu-tools-for-stm32.10.3-2021.10.win32_1.0.0.202111181127/tools/bin/../lib/gcc/arm-none-eabi/10.3.1/thumb/v7e-m+fp/hard/crtbegin.o
 *(.init)
 .init          0x0000000008005fec        0x4 d:/st/stm32cubeide_1.9.0/stm32cubeide/plugins/com.st.stm32cube.ide.mcu.externaltools.gnu-tools-for-stm32.10.3-2021.10.win32_1.0.0.202111181127/tools/bin/../lib/gcc/arm-none-eabi/10.3.1/thumb/v7e-m+fp/hard/crti.o
                0x0000000008005fec                _init
 .init          0x0000000008005ff0        0x8 d:/st/stm32cubeide_1.9.0/stm32cubeide/plugins/com.st.stm32cube.ide.mcu.externaltools.gnu-tools-for-stm32.10.3-2021.10.win32_1.0.0.202111181127/tools/bin/../lib/gcc/arm-none-eabi/10.3.1/thumb/v7e-m+fp/hard/crtn.o
 *(.fini)
 .fini          0x0000000008005ff8        0x4 d:/st/stm32cubeide_1.9.0/stm32cubeide/plugins/com.st.stm32cube.ide.mcu.externaltools.gnu-tools-for-stm32.10.3-2021.10.win32_1.0.0.202111181127/tools/bin/../lib/gcc/arm-none-eabi/10.3.1/thumb/v7e-m+fp/hard/crti.o
                0x0000000008005ff8                _fini
 .fini          0x0000000008005ffc        0x8 d:/st/stm32cubeide_1.9.0/stm32cubeide/plugins/com.st.stm32cube.ide.mcu.externaltools.gnu-tools-for-stm32.10.3-2021.10.win32_1.0.0.202111181127/tools/bin/../lib/gcc/arm-none-eabi/10.3.1/thumb/v7e-m+fp/hard/crtn.o
                0x0000000008006004                . = ALIGN (0x4)
                0x0000000008006004                _etext = .

.vfp11_veneer   0x0000000008006004        0x0
 .vfp11_veneer  0x0000000008006004        0x0 linker stubs

.v4_bx          0x0000000008006004        0x0
 .v4_bx         0x0000000008006004        0x0 linker stubs

.iplt           0x0000000008006004        0x0
 .iplt          0x0000000008006004        0x0 d:/st/stm32cubeide_1.9.0/stm32cubeide/plugins/com.st.stm32cube.ide.mcu.externaltools.gnu-tools-for-stm32.10.3-2021.10.win32_1.0.0.202111181127/tools/bin/../lib/gcc/arm-none-eabi/10.3.1/thumb/v7e-m+fp/hard/crtbegin.o

.rodata         0x0000000008006004      0x17c
                0x0000000008006004                . = ALIGN (0x4)
 *(.rodata)
 *(.rodata*)
 .rodata.aPLLMULFactorTable
                0x0000000008006004       0x10 ./Drivers/STM32F3xx_HAL_Driver/Src/stm32f3xx_hal_rcc.o
                0x0000000008006004                aPLLMULFactorTable
 .rodata.aPredivFactorTable
                0x0000000008006014       0x10 ./Drivers/STM32F3xx_HAL_Driver/Src/stm32f3xx_hal_rcc.o
                0x0000000008006014                aPredivFactorTable
 .rodata.CSWTCH.53
                0x0000000008006024        0x3 ./Drivers/STM32F3xx_HAL_Driver/Src/stm32f3xx_hal_uart.o
 *fill*         0x0000000008006027        0x1 
 .rodata.vTaskStartScheduler.str1.4
                0x0000000008006028        0x5 ./Middlewares/Third_Party/FreeRTOS/Source/tasks.o
 *fill*         0x000000000800602d        0x3 
 .rodata.prvCheckForValidListAndQueue.str1.4
                0x0000000008006030        0x5 ./Middlewares/Third_Party/FreeRTOS/Source/timers.o
 *fill*         0x0000000008006035        0x3 
 .rodata.xTimerCreateTimerTask.str1.4
                0x0000000008006038        0x8 ./Middlewares/Third_Party/FreeRTOS/Source/timers.o
 .rodata.str1.4
                0x0000000008006040       0x38 ./Src/main.o
 .rodata.ADC_Caculation__attributes
                0x0000000008006078       0x24 ./Src/main.o
                0x0000000008006078                ADC_Caculation__attributes
 .rodata.BoardCommTask_attributes
                0x000000000800609c       0x24 ./Src/main.o
                0x000000000800609c                BoardCommTask_attributes
 .rodata.SputterTask_attributes
                0x00000000080060c0       0x24 ./Src/main.o
                0x00000000080060c0                SputterTask_attributes
 .rodata.defaultTask_attributes
                0x00000000080060e4       0x24 ./Src/main.o
                0x00000000080060e4                defaultTask_attributes
 .rodata.AHBPrescTable
                0x0000000008006108       0x10 ./Src/system_stm32f3xx.o
                0x0000000008006108                AHBPrescTable
 .rodata.APBPrescTable
                0x0000000008006118        0x8 ./Src/system_stm32f3xx.o
                0x0000000008006118                APBPrescTable
 .rodata.__sf_fake_stderr
                0x0000000008006120       0x20 d:/st/stm32cubeide_1.9.0/stm32cubeide/plugins/com.st.stm32cube.ide.mcu.externaltools.gnu-tools-for-stm32.10.3-2021.10.win32_1.0.0.202111181127/tools/bin/../lib/gcc/arm-none-eabi/10.3.1/../../../../arm-none-eabi/lib/thumb/v7e-m+fp/hard\libc_nano.a(lib_a-findfp.o)
                0x0000000008006120                __sf_fake_stderr
 .rodata.__sf_fake_stdin
                0x0000000008006140       0x20 d:/st/stm32cubeide_1.9.0/stm32cubeide/plugins/com.st.stm32cube.ide.mcu.externaltools.gnu-tools-for-stm32.10.3-2021.10.win32_1.0.0.202111181127/tools/bin/../lib/gcc/arm-none-eabi/10.3.1/../../../../arm-none-eabi/lib/thumb/v7e-m+fp/hard\libc_nano.a(lib_a-findfp.o)
                0x0000000008006140                __sf_fake_stdin
 .rodata.__sf_fake_stdout
                0x0000000008006160       0x20 d:/st/stm32cubeide_1.9.0/stm32cubeide/plugins/com.st.stm32cube.ide.mcu.externaltools.gnu-tools-for-stm32.10.3-2021.10.win32_1.0.0.202111181127/tools/bin/../lib/gcc/arm-none-eabi/10.3.1/../../../../arm-none-eabi/lib/thumb/v7e-m+fp/hard\libc_nano.a(lib_a-findfp.o)
                0x0000000008006160                __sf_fake_stdout
                0x0000000008006180                . = ALIGN (0x4)

.rel.dyn        0x0000000008006180        0x0
 .rel.iplt      0x0000000008006180        0x0 d:/st/stm32cubeide_1.9.0/stm32cubeide/plugins/com.st.stm32cube.ide.mcu.externaltools.gnu-tools-for-stm32.10.3-2021.10.win32_1.0.0.202111181127/tools/bin/../lib/gcc/arm-none-eabi/10.3.1/thumb/v7e-m+fp/hard/crtbegin.o

.ARM.extab      0x0000000008006180        0x0
                0x0000000008006180                . = ALIGN (0x4)
 *(.ARM.extab* .gnu.linkonce.armextab.*)
                0x0000000008006180                . = ALIGN (0x4)

.ARM            0x0000000008006180        0x0
                0x0000000008006180                . = ALIGN (0x4)
                0x0000000008006180                __exidx_start = .
 *(.ARM.exidx*)
                0x0000000008006180                __exidx_end = .
                0x0000000008006180                . = ALIGN (0x4)

.preinit_array  0x0000000008006180        0x0
                0x0000000008006180                . = ALIGN (0x4)
                0x0000000008006180                PROVIDE (__preinit_array_start = .)
 *(.preinit_array*)
                0x0000000008006180                PROVIDE (__preinit_array_end = .)
                0x0000000008006180                . = ALIGN (0x4)

.init_array     0x0000000008006180        0x4
                0x0000000008006180                . = ALIGN (0x4)
                0x0000000008006180                PROVIDE (__init_array_start = .)
 *(SORT_BY_NAME(.init_array.*))
 *(.init_array*)
 .init_array    0x0000000008006180        0x4 d:/st/stm32cubeide_1.9.0/stm32cubeide/plugins/com.st.stm32cube.ide.mcu.externaltools.gnu-tools-for-stm32.10.3-2021.10.win32_1.0.0.202111181127/tools/bin/../lib/gcc/arm-none-eabi/10.3.1/thumb/v7e-m+fp/hard/crtbegin.o
                0x0000000008006184                PROVIDE (__init_array_end = .)
                0x0000000008006184                . = ALIGN (0x4)

.fini_array     0x0000000008006184        0x4
                0x0000000008006184                . = ALIGN (0x4)
                [!provide]                        PROVIDE (__fini_array_start = .)
 *(SORT_BY_NAME(.fini_array.*))
 *(.fini_array*)
 .fini_array    0x0000000008006184        0x4 d:/st/stm32cubeide_1.9.0/stm32cubeide/plugins/com.st.stm32cube.ide.mcu.externaltools.gnu-tools-for-stm32.10.3-2021.10.win32_1.0.0.202111181127/tools/bin/../lib/gcc/arm-none-eabi/10.3.1/thumb/v7e-m+fp/hard/crtbegin.o
                [!provide]                        PROVIDE (__fini_array_end = .)
                0x0000000008006188                . = ALIGN (0x4)
                0x0000000008006188                _sidata = LOADADDR (.data)

.data           0x0000000020000000       0xb4 load address 0x0000000008006188
                0x0000000020000000                . = ALIGN (0x4)
                0x0000000020000000                _sdata = .
 *(.data)
 *(.data*)
 .data.uwTickFreq
                0x0000000020000000        0x1 ./Drivers/STM32F3xx_HAL_Driver/Src/stm32f3xx_hal.o
                0x0000000020000000                uwTickFreq
 *fill*         0x0000000020000001        0x3 
 .data.uwTickPrio
                0x0000000020000004        0x4 ./Drivers/STM32F3xx_HAL_Driver/Src/stm32f3xx_hal.o
                0x0000000020000004                uwTickPrio
 .data.uxCriticalNesting
                0x0000000020000008        0x4 ./Middlewares/Third_Party/FreeRTOS/Source/portable/GCC/ARM_CM4F/port.o
 .data.CC_Level_Calibration_Coefficient
                0x000000002000000c        0x4 ./Src/ADC_Calculation.o
                0x000000002000000c                CC_Level_Calibration_Coefficient
 .data.Current_Calibration_Coefficient
                0x0000000020000010        0x4 ./Src/ADC_Calculation.o
                0x0000000020000010                Current_Calibration_Coefficient
 .data.Current_Calibration_Offset
                0x0000000020000014        0x4 ./Src/ADC_Calculation.o
                0x0000000020000014                Current_Calibration_Offset
 .data.Nextion_Current_IL300_Coefficient
                0x0000000020000018        0x4 ./Src/ADC_Calculation.o
                0x0000000020000018                Nextion_Current_IL300_Coefficient
 .data.Nextion_Voltage_IL300_Coefficient
                0x000000002000001c        0x4 ./Src/ADC_Calculation.o
                0x000000002000001c                Nextion_Voltage_IL300_Coefficient
 .data.SP_Step  0x0000000020000020        0x4 ./Src/ADC_Calculation.o
                0x0000000020000020                SP_Step
 .data.Voltage_Calibration_Coefficient
                0x0000000020000024        0x4 ./Src/ADC_Calculation.o
                0x0000000020000024                Voltage_Calibration_Coefficient
 .data.Voltage_Calibration_Offset
                0x0000000020000028        0x4 ./Src/ADC_Calculation.o
                0x0000000020000028                Voltage_Calibration_Offset
 .data.sent_data
                0x000000002000002c       0x10 ./Src/ADC_Calculation.o
                0x000000002000002c                sent_data
 .data.Setpoint_Limit_Coefficient_C
                0x000000002000003c        0x4 ./Src/BoardComm.o
                0x000000002000003c                Setpoint_Limit_Coefficient_C
 .data.Setpoint_Limit_Coefficient_V
                0x0000000020000040        0x4 ./Src/BoardComm.o
                0x0000000020000040                Setpoint_Limit_Coefficient_V
 .data.SP_Step_v
                0x0000000020000044        0x4 ./Src/Sputter.o
                0x0000000020000044                SP_Step_v
 .data.state    0x0000000020000048        0x1 ./Src/Sputter.o
                0x0000000020000048                state
 *fill*         0x0000000020000049        0x3 
 .data.SystemCoreClock
                0x000000002000004c        0x4 ./Src/system_stm32f3xx.o
                0x000000002000004c                SystemCoreClock
 .data._impure_ptr
                0x0000000020000050        0x4 d:/st/stm32cubeide_1.9.0/stm32cubeide/plugins/com.st.stm32cube.ide.mcu.externaltools.gnu-tools-for-stm32.10.3-2021.10.win32_1.0.0.202111181127/tools/bin/../lib/gcc/arm-none-eabi/10.3.1/../../../../arm-none-eabi/lib/thumb/v7e-m+fp/hard\libc_nano.a(lib_a-impure.o)
                0x0000000020000050                _impure_ptr
 .data.impure_data
                0x0000000020000054       0x60 d:/st/stm32cubeide_1.9.0/stm32cubeide/plugins/com.st.stm32cube.ide.mcu.externaltools.gnu-tools-for-stm32.10.3-2021.10.win32_1.0.0.202111181127/tools/bin/../lib/gcc/arm-none-eabi/10.3.1/../../../../arm-none-eabi/lib/thumb/v7e-m+fp/hard\libc_nano.a(lib_a-impure.o)
 *(.RamFunc)
 *(.RamFunc*)
                0x00000000200000b4                . = ALIGN (0x4)
                0x00000000200000b4                _edata = .
                0x000000000800623c                _siccmram = LOADADDR (.ccmram)

.igot.plt       0x00000000200000b4        0x0 load address 0x000000000800623c
 .igot.plt      0x00000000200000b4        0x0 d:/st/stm32cubeide_1.9.0/stm32cubeide/plugins/com.st.stm32cube.ide.mcu.externaltools.gnu-tools-for-stm32.10.3-2021.10.win32_1.0.0.202111181127/tools/bin/../lib/gcc/arm-none-eabi/10.3.1/thumb/v7e-m+fp/hard/crtbegin.o

.ccmram         0x0000000010000000        0x0 load address 0x000000000800623c
                0x0000000010000000                . = ALIGN (0x4)
                0x0000000010000000                _sccmram = .
 *(.ccmram)
 *(.ccmram*)
                0x0000000010000000                . = ALIGN (0x4)
                0x0000000010000000                _eccmram = .
                0x0000000010000000                . = ALIGN (0x4)

.bss            0x00000000200000b4     0x2148
                0x00000000200000b4                _sbss = .
                0x00000000200000b4                __bss_start__ = _sbss
 *(.bss)
 .bss           0x00000000200000b4       0x1c d:/st/stm32cubeide_1.9.0/stm32cubeide/plugins/com.st.stm32cube.ide.mcu.externaltools.gnu-tools-for-stm32.10.3-2021.10.win32_1.0.0.202111181127/tools/bin/../lib/gcc/arm-none-eabi/10.3.1/thumb/v7e-m+fp/hard/crtbegin.o
 *(.bss*)
 .bss.uwTick    0x00000000200000d0        0x4 ./Drivers/STM32F3xx_HAL_Driver/Src/stm32f3xx_hal.o
                0x00000000200000d0                uwTick
 .bss.Idle_Stack
                0x00000000200000d4      0x200 ./Middlewares/Third_Party/FreeRTOS/Source/CMSIS_RTOS_V2/cmsis_os2.o
 .bss.Idle_TCB  0x00000000200002d4       0xbc ./Middlewares/Third_Party/FreeRTOS/Source/CMSIS_RTOS_V2/cmsis_os2.o
 .bss.KernelState
                0x0000000020000390        0x4 ./Middlewares/Third_Party/FreeRTOS/Source/CMSIS_RTOS_V2/cmsis_os2.o
 .bss.Timer_Stack
                0x0000000020000394      0x400 ./Middlewares/Third_Party/FreeRTOS/Source/CMSIS_RTOS_V2/cmsis_os2.o
 .bss.Timer_TCB
                0x0000000020000794       0xbc ./Middlewares/Third_Party/FreeRTOS/Source/CMSIS_RTOS_V2/cmsis_os2.o
 .bss.xQueueRegistry
                0x0000000020000850       0x40 ./Middlewares/Third_Party/FreeRTOS/Source/queue.o
                0x0000000020000850                xQueueRegistry
 .bss.pxCurrentTCB
                0x0000000020000890        0x4 ./Middlewares/Third_Party/FreeRTOS/Source/tasks.o
                0x0000000020000890                pxCurrentTCB
 .bss.pxDelayedTaskList
                0x0000000020000894        0x4 ./Middlewares/Third_Party/FreeRTOS/Source/tasks.o
 .bss.pxOverflowDelayedTaskList
                0x0000000020000898        0x4 ./Middlewares/Third_Party/FreeRTOS/Source/tasks.o
 .bss.pxReadyTasksLists
                0x000000002000089c      0x460 ./Middlewares/Third_Party/FreeRTOS/Source/tasks.o
 .bss.uxCurrentNumberOfTasks
                0x0000000020000cfc        0x4 ./Middlewares/Third_Party/FreeRTOS/Source/tasks.o
 .bss.uxDeletedTasksWaitingCleanUp
                0x0000000020000d00        0x4 ./Middlewares/Third_Party/FreeRTOS/Source/tasks.o
 .bss.uxPendedTicks
                0x0000000020000d04        0x4 ./Middlewares/Third_Party/FreeRTOS/Source/tasks.o
 .bss.uxSchedulerSuspended
                0x0000000020000d08        0x4 ./Middlewares/Third_Party/FreeRTOS/Source/tasks.o
 .bss.uxTaskNumber
                0x0000000020000d0c        0x4 ./Middlewares/Third_Party/FreeRTOS/Source/tasks.o
 .bss.uxTopReadyPriority
                0x0000000020000d10        0x4 ./Middlewares/Third_Party/FreeRTOS/Source/tasks.o
 .bss.xDelayedTaskList1
                0x0000000020000d14       0x14 ./Middlewares/Third_Party/FreeRTOS/Source/tasks.o
 .bss.xDelayedTaskList2
                0x0000000020000d28       0x14 ./Middlewares/Third_Party/FreeRTOS/Source/tasks.o
 .bss.xNextTaskUnblockTime
                0x0000000020000d3c        0x4 ./Middlewares/Third_Party/FreeRTOS/Source/tasks.o
 .bss.xNumOfOverflows
                0x0000000020000d40        0x4 ./Middlewares/Third_Party/FreeRTOS/Source/tasks.o
 .bss.xPendingReadyList
                0x0000000020000d44       0x14 ./Middlewares/Third_Party/FreeRTOS/Source/tasks.o
 .bss.xSchedulerRunning
                0x0000000020000d58        0x4 ./Middlewares/Third_Party/FreeRTOS/Source/tasks.o
 .bss.xSuspendedTaskList
                0x0000000020000d5c       0x14 ./Middlewares/Third_Party/FreeRTOS/Source/tasks.o
 .bss.xTasksWaitingTermination
                0x0000000020000d70       0x14 ./Middlewares/Third_Party/FreeRTOS/Source/tasks.o
 .bss.xTickCount
                0x0000000020000d84        0x4 ./Middlewares/Third_Party/FreeRTOS/Source/tasks.o
 .bss.xYieldPending
                0x0000000020000d88        0x4 ./Middlewares/Third_Party/FreeRTOS/Source/tasks.o
 .bss.pxCurrentTimerList
                0x0000000020000d8c        0x4 ./Middlewares/Third_Party/FreeRTOS/Source/timers.o
 .bss.pxOverflowTimerList
                0x0000000020000d90        0x4 ./Middlewares/Third_Party/FreeRTOS/Source/timers.o
 .bss.ucStaticTimerQueueStorage.1
                0x0000000020000d94       0xa0 ./Middlewares/Third_Party/FreeRTOS/Source/timers.o
 .bss.xActiveTimerList1
                0x0000000020000e34       0x14 ./Middlewares/Third_Party/FreeRTOS/Source/timers.o
 .bss.xActiveTimerList2
                0x0000000020000e48       0x14 ./Middlewares/Third_Party/FreeRTOS/Source/timers.o
 .bss.xLastTime.2
                0x0000000020000e5c        0x4 ./Middlewares/Third_Party/FreeRTOS/Source/timers.o
 .bss.xStaticTimerQueue.0
                0x0000000020000e60       0x50 ./Middlewares/Third_Party/FreeRTOS/Source/timers.o
 .bss.xTimerQueue
                0x0000000020000eb0        0x4 ./Middlewares/Third_Party/FreeRTOS/Source/timers.o
 .bss.xTimerTaskHandle
                0x0000000020000eb4        0x4 ./Middlewares/Third_Party/FreeRTOS/Source/timers.o
 .bss.ucMaxSysCallPriority
                0x0000000020000eb8        0x1 ./Middlewares/Third_Party/FreeRTOS/Source/portable/GCC/ARM_CM4F/port.o
 *fill*         0x0000000020000eb9        0x3 
 .bss.ulMaxPRIGROUPValue
                0x0000000020000ebc        0x4 ./Middlewares/Third_Party/FreeRTOS/Source/portable/GCC/ARM_CM4F/port.o
 .bss.pxEnd     0x0000000020000ec0        0x4 ./Middlewares/Third_Party/FreeRTOS/Source/portable/MemMang/heap_4.o
 .bss.ucHeap    0x0000000020000ec4     0x1000 ./Middlewares/Third_Party/FreeRTOS/Source/portable/MemMang/heap_4.o
 .bss.xBlockAllocatedBit
                0x0000000020001ec4        0x4 ./Middlewares/Third_Party/FreeRTOS/Source/portable/MemMang/heap_4.o
 .bss.xFreeBytesRemaining
                0x0000000020001ec8        0x4 ./Middlewares/Third_Party/FreeRTOS/Source/portable/MemMang/heap_4.o
 .bss.xMinimumEverFreeBytesRemaining
                0x0000000020001ecc        0x4 ./Middlewares/Third_Party/FreeRTOS/Source/portable/MemMang/heap_4.o
 .bss.xStart    0x0000000020001ed0        0x8 ./Middlewares/Third_Party/FreeRTOS/Source/portable/MemMang/heap_4.o
 .bss.ADC0_Buffer_Sum
                0x0000000020001ed8        0x4 ./Src/ADC_Calculation.o
                0x0000000020001ed8                ADC0_Buffer_Sum
 .bss.ADC1_Buffer_Sum
                0x0000000020001edc        0x4 ./Src/ADC_Calculation.o
                0x0000000020001edc                ADC1_Buffer_Sum
 .bss.Averaged_ADC0_Buffer
                0x0000000020001ee0        0x4 ./Src/ADC_Calculation.o
                0x0000000020001ee0                Averaged_ADC0_Buffer
 .bss.Averaged_ADC1_Buffer
                0x0000000020001ee4        0x4 ./Src/ADC_Calculation.o
                0x0000000020001ee4                Averaged_ADC1_Buffer
 .bss.Averaged_Power
                0x0000000020001ee8        0x4 ./Src/ADC_Calculation.o
                0x0000000020001ee8                Averaged_Power
 .bss.Avg_Cnt1  0x0000000020001eec        0x1 ./Src/ADC_Calculation.o
                0x0000000020001eec                Avg_Cnt1
 .bss.Avg_Cnt2  0x0000000020001eed        0x1 ./Src/ADC_Calculation.o
                0x0000000020001eed                Avg_Cnt2
 .bss.Avg_Cnt3  0x0000000020001eee        0x1 ./Src/ADC_Calculation.o
                0x0000000020001eee                Avg_Cnt3
 *fill*         0x0000000020001eef        0x1 
 .bss.CC_Level_Calibration_Offset
                0x0000000020001ef0        0x4 ./Src/ADC_Calculation.o
                0x0000000020001ef0                CC_Level_Calibration_Offset
 .bss.DC_OK     0x0000000020001ef4        0x1 ./Src/ADC_Calculation.o
                0x0000000020001ef4                DC_OK
 .bss.FB_OTP    0x0000000020001ef5        0x1 ./Src/ADC_Calculation.o
                0x0000000020001ef5                FB_OTP
 .bss.Hiccup    0x0000000020001ef6        0x1 ./Src/ADC_Calculation.o
                0x0000000020001ef6                Hiccup
 *fill*         0x0000000020001ef7        0x1 
 .bss.Iout      0x0000000020001ef8        0x4 ./Src/ADC_Calculation.o
                0x0000000020001ef8                Iout
 .bss.Iout_NotCalibrated
                0x0000000020001efc        0x4 ./Src/ADC_Calculation.o
                0x0000000020001efc                Iout_NotCalibrated
 .bss.Moving_Average_Buffer_Current
                0x0000000020001f00        0x4 ./Src/ADC_Calculation.o
                0x0000000020001f00                Moving_Average_Buffer_Current
 .bss.Moving_Average_Buffer_Voltage
                0x0000000020001f04        0x4 ./Src/ADC_Calculation.o
                0x0000000020001f04                Moving_Average_Buffer_Voltage
 .bss.Moving_Average_Power
                0x0000000020001f08        0x4 ./Src/ADC_Calculation.o
                0x0000000020001f08                Moving_Average_Power
 .bss.Output_Power
                0x0000000020001f0c        0x4 ./Src/ADC_Calculation.o
                0x0000000020001f0c                Output_Power
 .bss.PFC_OK    0x0000000020001f10        0x1 ./Src/ADC_Calculation.o
                0x0000000020001f10                PFC_OK
 *fill*         0x0000000020001f11        0x3 
 .bss.Pout      0x0000000020001f14        0x4 ./Src/ADC_Calculation.o
                0x0000000020001f14                Pout
 .bss.Power_Buffer
                0x0000000020001f18        0x4 ./Src/ADC_Calculation.o
                0x0000000020001f18                Power_Buffer
 .bss.Quanch_Time_Flage
                0x0000000020001f1c        0x1 ./Src/ADC_Calculation.o
                0x0000000020001f1c                Quanch_Time_Flage
 *fill*         0x0000000020001f1d        0x3 
 .bss.Read_Current
                0x0000000020001f20        0x5 ./Src/ADC_Calculation.o
                0x0000000020001f20                Read_Current
 *fill*         0x0000000020001f25        0x3 
 .bss.Read_Voltage
                0x0000000020001f28        0x5 ./Src/ADC_Calculation.o
                0x0000000020001f28                Read_Voltage
 *fill*         0x0000000020001f2d        0x3 
 .bss.Vout      0x0000000020001f30        0x4 ./Src/ADC_Calculation.o
                0x0000000020001f30                Vout
 .bss.Vout_NotCalibrated
                0x0000000020001f34        0x4 ./Src/ADC_Calculation.o
                0x0000000020001f34                Vout_NotCalibrated
 .bss.cn1       0x0000000020001f38        0x1 ./Src/ADC_Calculation.o
                0x0000000020001f38                cn1
 .bss.ii        0x0000000020001f39        0x1 ./Src/ADC_Calculation.o
                0x0000000020001f39                ii
 .bss.jj        0x0000000020001f3a        0x1 ./Src/ADC_Calculation.o
                0x0000000020001f3a                jj
 .bss.kk        0x0000000020001f3b        0x1 ./Src/ADC_Calculation.o
                0x0000000020001f3b                kk
 .bss.rec_D     0x0000000020001f3c        0x1 ./Src/ADC_Calculation.o
                0x0000000020001f3c                rec_D
 .bss.Control_Mode
                0x0000000020001f3d        0x1 ./Src/BoardComm.o
                0x0000000020001f3d                Control_Mode
 *fill*         0x0000000020001f3e        0x2 
 .bss.Setpoint_Limit_Current
                0x0000000020001f40        0x4 ./Src/BoardComm.o
                0x0000000020001f40                Setpoint_Limit_Current
 .bss.Setpoint_Limit_Offset_C1
                0x0000000020001f44        0x4 ./Src/BoardComm.o
                0x0000000020001f44                Setpoint_Limit_Offset_C1
 .bss.Setpoint_Limit_Offset_V1
                0x0000000020001f48        0x4 ./Src/BoardComm.o
                0x0000000020001f48                Setpoint_Limit_Offset_V1
 .bss.Setpoint_Limit_Voltage
                0x0000000020001f4c        0x4 ./Src/BoardComm.o
                0x0000000020001f4c                Setpoint_Limit_Voltage
 .bss.hmi_config_data
                0x0000000020001f50       0x14 ./Src/BoardComm.o
                0x0000000020001f50                hmi_config_data
 .bss.CC_Level_DAC
                0x0000000020001f64        0x4 ./Src/Sputter.o
                0x0000000020001f64                CC_Level_DAC
 .bss.Cnt_DC_OK
                0x0000000020001f68        0x4 ./Src/Sputter.o
                0x0000000020001f68                Cnt_DC_OK
 .bss.Cnt_FB_OTP
                0x0000000020001f6c        0x4 ./Src/Sputter.o
                0x0000000020001f6c                Cnt_FB_OTP
 .bss.Cnt_Hiccup
                0x0000000020001f70        0x4 ./Src/Sputter.o
                0x0000000020001f70                Cnt_Hiccup
 .bss.Com_Failure
                0x0000000020001f74        0x2 ./Src/Sputter.o
                0x0000000020001f74                Com_Failure
 .bss.Fan_Timer
                0x0000000020001f76        0x2 ./Src/Sputter.o
                0x0000000020001f76                Fan_Timer
 .bss.Fan_Timer_Enable
                0x0000000020001f78        0x2 ./Src/Sputter.o
                0x0000000020001f78                Fan_Timer_Enable
 *fill*         0x0000000020001f7a        0x2 
 .bss.Inrush_Cnt
                0x0000000020001f7c        0x4 ./Src/Sputter.o
                0x0000000020001f7c                Inrush_Cnt
 .bss.Inrush_OK
                0x0000000020001f80        0x1 ./Src/Sputter.o
                0x0000000020001f80                Inrush_OK
 *fill*         0x0000000020001f81        0x3 
 .bss.Setpoint  0x0000000020001f84        0x4 ./Src/Sputter.o
                0x0000000020001f84                Setpoint
 .bss.Setpoint_v
                0x0000000020001f88        0x4 ./Src/Sputter.o
                0x0000000020001f88                Setpoint_v
 .bss.Usart_Counter
                0x0000000020001f8c        0x2 ./Src/Sputter.o
                0x0000000020001f8c                Usart_Counter
 *fill*         0x0000000020001f8e        0x2 
 .bss.falg_Fan  0x0000000020001f90        0x4 ./Src/Sputter.o
                0x0000000020001f90                falg_Fan
 .bss.flag_DC_OK
                0x0000000020001f94        0x4 ./Src/Sputter.o
                0x0000000020001f94                flag_DC_OK
 .bss.flag_FB_OTP
                0x0000000020001f98        0x4 ./Src/Sputter.o
                0x0000000020001f98                flag_FB_OTP
 .bss.flag_Hiccup
                0x0000000020001f9c        0x4 ./Src/Sputter.o
                0x0000000020001f9c                flag_Hiccup
 .bss.flag_PFC_OK
                0x0000000020001fa0        0x4 ./Src/Sputter.o
                0x0000000020001fa0                flag_PFC_OK
 .bss.flag_PFC_OTP
                0x0000000020001fa4        0x4 ./Src/Sputter.o
                0x0000000020001fa4                flag_PFC_OTP
 .bss.tacho2    0x0000000020001fa8        0x2 ./Src/Sputter.o
                0x0000000020001fa8                tacho2
 .bss.tacho2_Backup
                0x0000000020001faa        0x2 ./Src/Sputter.o
                0x0000000020001faa                tacho2_Backup
 .bss.tacho2_Disable
                0x0000000020001fac        0x2 ./Src/Sputter.o
                0x0000000020001fac                tacho2_Disable
 *fill*         0x0000000020001fae        0x2 
 .bss.ADC_Buffer
                0x0000000020001fb0       0x14 ./Src/main.o
                0x0000000020001fb0                ADC_Buffer
 .bss.ADC_Caculation_Handle
                0x0000000020001fc4        0x4 ./Src/main.o
                0x0000000020001fc4                ADC_Caculation_Handle
 .bss.ADC_Calibration_Factor
                0x0000000020001fc8        0x4 ./Src/main.o
                0x0000000020001fc8                ADC_Calibration_Factor
 .bss.BoardCommTaskHandle
                0x0000000020001fcc        0x4 ./Src/main.o
                0x0000000020001fcc                BoardCommTaskHandle
 .bss.SputterTaskHandle
                0x0000000020001fd0        0x4 ./Src/main.o
                0x0000000020001fd0                SputterTaskHandle
 .bss.defaultTaskHandle
                0x0000000020001fd4        0x4 ./Src/main.o
                0x0000000020001fd4                defaultTaskHandle
 .bss.hadc1     0x0000000020001fd8       0x50 ./Src/main.o
                0x0000000020001fd8                hadc1
 .bss.hcrc      0x0000000020002028       0x24 ./Src/main.o
                0x0000000020002028                hcrc
 .bss.hdac1     0x000000002000204c       0x14 ./Src/main.o
                0x000000002000204c                hdac1
 .bss.hdac2     0x0000000020002060       0x14 ./Src/main.o
                0x0000000020002060                hdac2
 .bss.hdma_adc1
                0x0000000020002074       0x44 ./Src/main.o
                0x0000000020002074                hdma_adc1
 .bss.htim1     0x00000000200020b8       0x4c ./Src/main.o
                0x00000000200020b8                htim1
 .bss.huart2    0x0000000020002104       0x84 ./Src/main.o
                0x0000000020002104                huart2
 .bss.htim6     0x0000000020002188       0x4c ./Src/stm32f3xx_hal_timebase_tim.o
                0x0000000020002188                htim6
 .bss.cn2       0x00000000200021d4        0x1 ./Src/stm32f3xx_it.o
                0x00000000200021d4                cn2
 .bss.index_usart
                0x00000000200021d5        0x1 ./Src/stm32f3xx_it.o
                0x00000000200021d5                index_usart
 .bss.rcv_flg   0x00000000200021d6        0x1 ./Src/stm32f3xx_it.o
                0x00000000200021d6                rcv_flg
 *fill*         0x00000000200021d7        0x1 
 .bss.buffer_usart2
                0x00000000200021d8       0x18 ./Src/uart_mgr.o
                0x00000000200021d8                buffer_usart2
 .bss.temporary_data
                0x00000000200021f0        0x4 ./Src/uart_mgr.o
                0x00000000200021f0                temporary_data
 .bss.__lock___malloc_recursive_mutex
                0x00000000200021f4        0x1 d:/st/stm32cubeide_1.9.0/stm32cubeide/plugins/com.st.stm32cube.ide.mcu.externaltools.gnu-tools-for-stm32.10.3-2021.10.win32_1.0.0.202111181127/tools/bin/../lib/gcc/arm-none-eabi/10.3.1/../../../../arm-none-eabi/lib/thumb/v7e-m+fp/hard\libc_nano.a(lib_a-lock.o)
                0x00000000200021f4                __lock___malloc_recursive_mutex
 *fill*         0x00000000200021f5        0x3 
 .bss.__malloc_free_list
                0x00000000200021f8        0x4 d:/st/stm32cubeide_1.9.0/stm32cubeide/plugins/com.st.stm32cube.ide.mcu.externaltools.gnu-tools-for-stm32.10.3-2021.10.win32_1.0.0.202111181127/tools/bin/../lib/gcc/arm-none-eabi/10.3.1/../../../../arm-none-eabi/lib/thumb/v7e-m+fp/hard\libc_nano.a(lib_a-nano-mallocr.o)
                0x00000000200021f8                __malloc_free_list
 *(COMMON)
                0x00000000200021fc                . = ALIGN (0x4)
                0x00000000200021fc                _ebss = .
                0x00000000200021fc                __bss_end__ = _ebss

._user_heap_stack
                0x00000000200021fc      0x604
                0x0000000020002200                . = ALIGN (0x8)
 *fill*         0x00000000200021fc        0x4 
                [!provide]                        PROVIDE (end = .)
                0x0000000020002200                PROVIDE (_end = .)
                0x0000000020002400                . = (. + _Min_Heap_Size)
 *fill*         0x0000000020002200      0x200 
                0x0000000020002800                . = (. + _Min_Stack_Size)
 *fill*         0x0000000020002400      0x400 
                0x0000000020002800                . = ALIGN (0x8)

/DISCARD/
 libc.a(*)
 libm.a(*)
 libgcc.a(*)

.ARM.attributes
                0x0000000000000000       0x30
 *(.ARM.attributes)
 .ARM.attributes
                0x0000000000000000       0x1e d:/st/stm32cubeide_1.9.0/stm32cubeide/plugins/com.st.stm32cube.ide.mcu.externaltools.gnu-tools-for-stm32.10.3-2021.10.win32_1.0.0.202111181127/tools/bin/../lib/gcc/arm-none-eabi/10.3.1/thumb/v7e-m+fp/hard/crti.o
 .ARM.attributes
                0x000000000000001e       0x34 d:/st/stm32cubeide_1.9.0/stm32cubeide/plugins/com.st.stm32cube.ide.mcu.externaltools.gnu-tools-for-stm32.10.3-2021.10.win32_1.0.0.202111181127/tools/bin/../lib/gcc/arm-none-eabi/10.3.1/thumb/v7e-m+fp/hard/crtbegin.o
 .ARM.attributes
                0x0000000000000052       0x34 ./Drivers/STM32F3xx_HAL_Driver/Src/stm32f3xx_hal.o
 .ARM.attributes
                0x0000000000000086       0x34 ./Drivers/STM32F3xx_HAL_Driver/Src/stm32f3xx_hal_adc.o
 .ARM.attributes
                0x00000000000000ba       0x34 ./Drivers/STM32F3xx_HAL_Driver/Src/stm32f3xx_hal_adc_ex.o
 .ARM.attributes
                0x00000000000000ee       0x34 ./Drivers/STM32F3xx_HAL_Driver/Src/stm32f3xx_hal_cortex.o
 .ARM.attributes
                0x0000000000000122       0x34 ./Drivers/STM32F3xx_HAL_Driver/Src/stm32f3xx_hal_crc.o
 .ARM.attributes
                0x0000000000000156       0x34 ./Drivers/STM32F3xx_HAL_Driver/Src/stm32f3xx_hal_crc_ex.o
 .ARM.attributes
                0x000000000000018a       0x34 ./Drivers/STM32F3xx_HAL_Driver/Src/stm32f3xx_hal_dac.o
 .ARM.attributes
                0x00000000000001be       0x34 ./Drivers/STM32F3xx_HAL_Driver/Src/stm32f3xx_hal_dac_ex.o
 .ARM.attributes
                0x00000000000001f2       0x34 ./Drivers/STM32F3xx_HAL_Driver/Src/stm32f3xx_hal_dma.o
 .ARM.attributes
                0x0000000000000226       0x34 ./Drivers/STM32F3xx_HAL_Driver/Src/stm32f3xx_hal_gpio.o
 .ARM.attributes
                0x000000000000025a       0x34 ./Drivers/STM32F3xx_HAL_Driver/Src/stm32f3xx_hal_rcc.o
 .ARM.attributes
                0x000000000000028e       0x34 ./Drivers/STM32F3xx_HAL_Driver/Src/stm32f3xx_hal_rcc_ex.o
 .ARM.attributes
                0x00000000000002c2       0x34 ./Drivers/STM32F3xx_HAL_Driver/Src/stm32f3xx_hal_tim.o
 .ARM.attributes
                0x00000000000002f6       0x34 ./Drivers/STM32F3xx_HAL_Driver/Src/stm32f3xx_hal_tim_ex.o
 .ARM.attributes
                0x000000000000032a       0x34 ./Drivers/STM32F3xx_HAL_Driver/Src/stm32f3xx_hal_uart.o
 .ARM.attributes
                0x000000000000035e       0x34 ./Drivers/STM32F3xx_HAL_Driver/Src/stm32f3xx_hal_uart_ex.o
 .ARM.attributes
                0x0000000000000392       0x34 ./Middlewares/Third_Party/FreeRTOS/Source/CMSIS_RTOS_V2/cmsis_os2.o
 .ARM.attributes
                0x00000000000003c6       0x34 ./Middlewares/Third_Party/FreeRTOS/Source/list.o
 .ARM.attributes
                0x00000000000003fa       0x34 ./Middlewares/Third_Party/FreeRTOS/Source/queue.o
 .ARM.attributes
                0x000000000000042e       0x34 ./Middlewares/Third_Party/FreeRTOS/Source/tasks.o
 .ARM.attributes
                0x0000000000000462       0x34 ./Middlewares/Third_Party/FreeRTOS/Source/timers.o
 .ARM.attributes
                0x0000000000000496       0x34 ./Middlewares/Third_Party/FreeRTOS/Source/portable/GCC/ARM_CM4F/port.o
 .ARM.attributes
                0x00000000000004ca       0x34 ./Middlewares/Third_Party/FreeRTOS/Source/portable/MemMang/heap_4.o
 .ARM.attributes
                0x00000000000004fe       0x34 ./Src/ADC_Calculation.o
 .ARM.attributes
                0x0000000000000532       0x34 ./Src/BoardComm.o
 .ARM.attributes
                0x0000000000000566       0x34 ./Src/Sputter.o
 .ARM.attributes
                0x000000000000059a       0x34 ./Src/main.o
 .ARM.attributes
                0x00000000000005ce       0x34 ./Src/stm32f3xx_hal_msp.o
 .ARM.attributes
                0x0000000000000602       0x34 ./Src/stm32f3xx_hal_timebase_tim.o
 .ARM.attributes
                0x0000000000000636       0x34 ./Src/stm32f3xx_it.o
 .ARM.attributes
                0x000000000000066a       0x34 ./Src/system_stm32f3xx.o
 .ARM.attributes
                0x000000000000069e       0x34 ./Src/uart_mgr.o
 .ARM.attributes
                0x00000000000006d2       0x21 ./Startup/startup_stm32f334r8tx.o
 .ARM.attributes
                0x00000000000006f3       0x34 d:/st/stm32cubeide_1.9.0/stm32cubeide/plugins/com.st.stm32cube.ide.mcu.externaltools.gnu-tools-for-stm32.10.3-2021.10.win32_1.0.0.202111181127/tools/bin/../lib/gcc/arm-none-eabi/10.3.1/../../../../arm-none-eabi/lib/thumb/v7e-m+fp/hard\libc_nano.a(lib_a-findfp.o)
 .ARM.attributes
                0x0000000000000727       0x34 d:/st/stm32cubeide_1.9.0/stm32cubeide/plugins/com.st.stm32cube.ide.mcu.externaltools.gnu-tools-for-stm32.10.3-2021.10.win32_1.0.0.202111181127/tools/bin/../lib/gcc/arm-none-eabi/10.3.1/../../../../arm-none-eabi/lib/thumb/v7e-m+fp/hard\libc_nano.a(lib_a-impure.o)
 .ARM.attributes
                0x000000000000075b       0x34 d:/st/stm32cubeide_1.9.0/stm32cubeide/plugins/com.st.stm32cube.ide.mcu.externaltools.gnu-tools-for-stm32.10.3-2021.10.win32_1.0.0.202111181127/tools/bin/../lib/gcc/arm-none-eabi/10.3.1/../../../../arm-none-eabi/lib/thumb/v7e-m+fp/hard\libc_nano.a(lib_a-init.o)
 .ARM.attributes
                0x000000000000078f       0x34 d:/st/stm32cubeide_1.9.0/stm32cubeide/plugins/com.st.stm32cube.ide.mcu.externaltools.gnu-tools-for-stm32.10.3-2021.10.win32_1.0.0.202111181127/tools/bin/../lib/gcc/arm-none-eabi/10.3.1/../../../../arm-none-eabi/lib/thumb/v7e-m+fp/hard\libc_nano.a(lib_a-lock.o)
 .ARM.attributes
                0x00000000000007c3       0x34 d:/st/stm32cubeide_1.9.0/stm32cubeide/plugins/com.st.stm32cube.ide.mcu.externaltools.gnu-tools-for-stm32.10.3-2021.10.win32_1.0.0.202111181127/tools/bin/../lib/gcc/arm-none-eabi/10.3.1/../../../../arm-none-eabi/lib/thumb/v7e-m+fp/hard\libc_nano.a(lib_a-memcpy-stub.o)
 .ARM.attributes
                0x00000000000007f7       0x34 d:/st/stm32cubeide_1.9.0/stm32cubeide/plugins/com.st.stm32cube.ide.mcu.externaltools.gnu-tools-for-stm32.10.3-2021.10.win32_1.0.0.202111181127/tools/bin/../lib/gcc/arm-none-eabi/10.3.1/../../../../arm-none-eabi/lib/thumb/v7e-m+fp/hard\libc_nano.a(lib_a-memset.o)
 .ARM.attributes
                0x000000000000082b       0x34 d:/st/stm32cubeide_1.9.0/stm32cubeide/plugins/com.st.stm32cube.ide.mcu.externaltools.gnu-tools-for-stm32.10.3-2021.10.win32_1.0.0.202111181127/tools/bin/../lib/gcc/arm-none-eabi/10.3.1/../../../../arm-none-eabi/lib/thumb/v7e-m+fp/hard\libc_nano.a(lib_a-nano-mallocr.o)
 .ARM.attributes
                0x000000000000085f       0x34 d:/st/stm32cubeide_1.9.0/stm32cubeide/plugins/com.st.stm32cube.ide.mcu.externaltools.gnu-tools-for-stm32.10.3-2021.10.win32_1.0.0.202111181127/tools/bin/../lib/gcc/arm-none-eabi/10.3.1/../../../../arm-none-eabi/lib/thumb/v7e-m+fp/hard\libc_nano.a(lib_a-reent.o)
 .ARM.attributes
                0x0000000000000893       0x34 d:/st/stm32cubeide_1.9.0/stm32cubeide/plugins/com.st.stm32cube.ide.mcu.externaltools.gnu-tools-for-stm32.10.3-2021.10.win32_1.0.0.202111181127/tools/bin/../lib/gcc/arm-none-eabi/10.3.1/../../../../arm-none-eabi/lib/thumb/v7e-m+fp/hard\libc_nano.a(lib_a-mlock.o)
 .ARM.attributes
                0x00000000000008c7       0x34 d:/st/stm32cubeide_1.9.0/stm32cubeide/plugins/com.st.stm32cube.ide.mcu.externaltools.gnu-tools-for-stm32.10.3-2021.10.win32_1.0.0.202111181127/tools/bin/../lib/gcc/arm-none-eabi/10.3.1/../../../../arm-none-eabi/lib/thumb/v7e-m+fp/hard\libc_nano.a(lib_a-nano-freer.o)
 .ARM.attributes
                0x00000000000008fb       0x1e d:/st/stm32cubeide_1.9.0/stm32cubeide/plugins/com.st.stm32cube.ide.mcu.externaltools.gnu-tools-for-stm32.10.3-2021.10.win32_1.0.0.202111181127/tools/bin/../lib/gcc/arm-none-eabi/10.3.1/thumb/v7e-m+fp/hard/crtn.o
OUTPUT(NSC_PowerSupply_1200V.elf elf32-littlearm)
LOAD linker stubs
LOAD d:/st/stm32cubeide_1.9.0/stm32cubeide/plugins/com.st.stm32cube.ide.mcu.externaltools.gnu-tools-for-stm32.10.3-2021.10.win32_1.0.0.202111181127/tools/bin/../lib/gcc/arm-none-eabi/10.3.1/../../../../arm-none-eabi/lib/thumb/v7e-m+fp/hard\libc.a
LOAD d:/st/stm32cubeide_1.9.0/stm32cubeide/plugins/com.st.stm32cube.ide.mcu.externaltools.gnu-tools-for-stm32.10.3-2021.10.win32_1.0.0.202111181127/tools/bin/../lib/gcc/arm-none-eabi/10.3.1/../../../../arm-none-eabi/lib/thumb/v7e-m+fp/hard\libm.a
LOAD d:/st/stm32cubeide_1.9.0/stm32cubeide/plugins/com.st.stm32cube.ide.mcu.externaltools.gnu-tools-for-stm32.10.3-2021.10.win32_1.0.0.202111181127/tools/bin/../lib/gcc/arm-none-eabi/10.3.1/thumb/v7e-m+fp/hard\libgcc.a

.debug_info     0x0000000000000000    0x2cf44
 .debug_info    0x0000000000000000      0x87b ./Drivers/STM32F3xx_HAL_Driver/Src/stm32f3xx_hal.o
 .debug_info    0x000000000000087b      0xb48 ./Drivers/STM32F3xx_HAL_Driver/Src/stm32f3xx_hal_adc.o
 .debug_info    0x00000000000013c3     0x1dce ./Drivers/STM32F3xx_HAL_Driver/Src/stm32f3xx_hal_adc_ex.o
 .debug_info    0x0000000000003191      0xdb5 ./Drivers/STM32F3xx_HAL_Driver/Src/stm32f3xx_hal_cortex.o
 .debug_info    0x0000000000003f46      0x642 ./Drivers/STM32F3xx_HAL_Driver/Src/stm32f3xx_hal_crc.o
 .debug_info    0x0000000000004588      0x3b6 ./Drivers/STM32F3xx_HAL_Driver/Src/stm32f3xx_hal_crc_ex.o
 .debug_info    0x000000000000493e      0x8d2 ./Drivers/STM32F3xx_HAL_Driver/Src/stm32f3xx_hal_dac.o
 .debug_info    0x0000000000005210      0xbe4 ./Drivers/STM32F3xx_HAL_Driver/Src/stm32f3xx_hal_dac_ex.o
 .debug_info    0x0000000000005df4      0x8af ./Drivers/STM32F3xx_HAL_Driver/Src/stm32f3xx_hal_dma.o
 .debug_info    0x00000000000066a3      0x78e ./Drivers/STM32F3xx_HAL_Driver/Src/stm32f3xx_hal_gpio.o
 .debug_info    0x0000000000006e31     0x168d ./Drivers/STM32F3xx_HAL_Driver/Src/stm32f3xx_hal_rcc.o
 .debug_info    0x00000000000084be      0x6bf ./Drivers/STM32F3xx_HAL_Driver/Src/stm32f3xx_hal_rcc_ex.o
 .debug_info    0x0000000000008b7d     0x4a38 ./Drivers/STM32F3xx_HAL_Driver/Src/stm32f3xx_hal_tim.o
 .debug_info    0x000000000000d5b5     0x1cb0 ./Drivers/STM32F3xx_HAL_Driver/Src/stm32f3xx_hal_tim_ex.o
 .debug_info    0x000000000000f265     0x5018 ./Drivers/STM32F3xx_HAL_Driver/Src/stm32f3xx_hal_uart.o
 .debug_info    0x000000000001427d      0xefe ./Drivers/STM32F3xx_HAL_Driver/Src/stm32f3xx_hal_uart_ex.o
 .debug_info    0x000000000001517b     0x55d1 ./Middlewares/Third_Party/FreeRTOS/Source/CMSIS_RTOS_V2/cmsis_os2.o
 .debug_info    0x000000000001a74c      0x2de ./Middlewares/Third_Party/FreeRTOS/Source/list.o
 .debug_info    0x000000000001aa2a     0x2ffc ./Middlewares/Third_Party/FreeRTOS/Source/queue.o
 .debug_info    0x000000000001da26     0x3ed8 ./Middlewares/Third_Party/FreeRTOS/Source/tasks.o
 .debug_info    0x00000000000218fe     0x252a ./Middlewares/Third_Party/FreeRTOS/Source/timers.o
 .debug_info    0x0000000000023e28      0x5b0 ./Middlewares/Third_Party/FreeRTOS/Source/portable/GCC/ARM_CM4F/port.o
 .debug_info    0x00000000000243d8      0x4df ./Middlewares/Third_Party/FreeRTOS/Source/portable/MemMang/heap_4.o
 .debug_info    0x00000000000248b7      0x569 ./Src/ADC_Calculation.o
 .debug_info    0x0000000000024e20      0x84d ./Src/BoardComm.o
 .debug_info    0x000000000002566d      0xd8d ./Src/Sputter.o
 .debug_info    0x00000000000263fa     0x2b1b ./Src/main.o
 .debug_info    0x0000000000028f15     0x19ea ./Src/stm32f3xx_hal_msp.o
 .debug_info    0x000000000002a8ff      0xafe ./Src/stm32f3xx_hal_timebase_tim.o
 .debug_info    0x000000000002b3fd      0xff4 ./Src/stm32f3xx_it.o
 .debug_info    0x000000000002c3f1      0x42a ./Src/system_stm32f3xx.o
 .debug_info    0x000000000002c81b      0x707 ./Src/uart_mgr.o
 .debug_info    0x000000000002cf22       0x22 ./Startup/startup_stm32f334r8tx.o

.debug_abbrev   0x0000000000000000     0x579d
 .debug_abbrev  0x0000000000000000      0x28a ./Drivers/STM32F3xx_HAL_Driver/Src/stm32f3xx_hal.o
 .debug_abbrev  0x000000000000028a      0x1f0 ./Drivers/STM32F3xx_HAL_Driver/Src/stm32f3xx_hal_adc.o
 .debug_abbrev  0x000000000000047a      0x378 ./Drivers/STM32F3xx_HAL_Driver/Src/stm32f3xx_hal_adc_ex.o
 .debug_abbrev  0x00000000000007f2      0x33a ./Drivers/STM32F3xx_HAL_Driver/Src/stm32f3xx_hal_cortex.o
 .debug_abbrev  0x0000000000000b2c      0x21e ./Drivers/STM32F3xx_HAL_Driver/Src/stm32f3xx_hal_crc.o
 .debug_abbrev  0x0000000000000d4a      0x14f ./Drivers/STM32F3xx_HAL_Driver/Src/stm32f3xx_hal_crc_ex.o
 .debug_abbrev  0x0000000000000e99      0x1e5 ./Drivers/STM32F3xx_HAL_Driver/Src/stm32f3xx_hal_dac.o
 .debug_abbrev  0x000000000000107e      0x2c6 ./Drivers/STM32F3xx_HAL_Driver/Src/stm32f3xx_hal_dac_ex.o
 .debug_abbrev  0x0000000000001344      0x262 ./Drivers/STM32F3xx_HAL_Driver/Src/stm32f3xx_hal_dma.o
 .debug_abbrev  0x00000000000015a6      0x1fd ./Drivers/STM32F3xx_HAL_Driver/Src/stm32f3xx_hal_gpio.o
 .debug_abbrev  0x00000000000017a3      0x36c ./Drivers/STM32F3xx_HAL_Driver/Src/stm32f3xx_hal_rcc.o
 .debug_abbrev  0x0000000000001b0f      0x2b0 ./Drivers/STM32F3xx_HAL_Driver/Src/stm32f3xx_hal_rcc_ex.o
 .debug_abbrev  0x0000000000001dbf      0x38b ./Drivers/STM32F3xx_HAL_Driver/Src/stm32f3xx_hal_tim.o
 .debug_abbrev  0x000000000000214a      0x340 ./Drivers/STM32F3xx_HAL_Driver/Src/stm32f3xx_hal_tim_ex.o
 .debug_abbrev  0x000000000000248a      0x40a ./Drivers/STM32F3xx_HAL_Driver/Src/stm32f3xx_hal_uart.o
 .debug_abbrev  0x0000000000002894      0x307 ./Drivers/STM32F3xx_HAL_Driver/Src/stm32f3xx_hal_uart_ex.o
 .debug_abbrev  0x0000000000002b9b      0x589 ./Middlewares/Third_Party/FreeRTOS/Source/CMSIS_RTOS_V2/cmsis_os2.o
 .debug_abbrev  0x0000000000003124      0x109 ./Middlewares/Third_Party/FreeRTOS/Source/list.o
 .debug_abbrev  0x000000000000322d      0x502 ./Middlewares/Third_Party/FreeRTOS/Source/queue.o
 .debug_abbrev  0x000000000000372f      0x588 ./Middlewares/Third_Party/FreeRTOS/Source/tasks.o
 .debug_abbrev  0x0000000000003cb7      0x440 ./Middlewares/Third_Party/FreeRTOS/Source/timers.o
 .debug_abbrev  0x00000000000040f7      0x29f ./Middlewares/Third_Party/FreeRTOS/Source/portable/GCC/ARM_CM4F/port.o
 .debug_abbrev  0x0000000000004396      0x28a ./Middlewares/Third_Party/FreeRTOS/Source/portable/MemMang/heap_4.o
 .debug_abbrev  0x0000000000004620      0x143 ./Src/ADC_Calculation.o
 .debug_abbrev  0x0000000000004763      0x1c6 ./Src/BoardComm.o
 .debug_abbrev  0x0000000000004929      0x1be ./Src/Sputter.o
 .debug_abbrev  0x0000000000004ae7      0x378 ./Src/main.o
 .debug_abbrev  0x0000000000004e5f      0x2a4 ./Src/stm32f3xx_hal_msp.o
 .debug_abbrev  0x0000000000005103      0x219 ./Src/stm32f3xx_hal_timebase_tim.o
 .debug_abbrev  0x000000000000531c      0x200 ./Src/stm32f3xx_it.o
 .debug_abbrev  0x000000000000551c      0x11c ./Src/system_stm32f3xx.o
 .debug_abbrev  0x0000000000005638      0x153 ./Src/uart_mgr.o
 .debug_abbrev  0x000000000000578b       0x12 ./Startup/startup_stm32f334r8tx.o

.debug_loc      0x0000000000000000    0x1eb24
 .debug_loc     0x0000000000000000      0x168 ./Drivers/STM32F3xx_HAL_Driver/Src/stm32f3xx_hal.o
 .debug_loc     0x0000000000000168      0x128 ./Drivers/STM32F3xx_HAL_Driver/Src/stm32f3xx_hal_adc.o
 .debug_loc     0x0000000000000290     0x21c2 ./Drivers/STM32F3xx_HAL_Driver/Src/stm32f3xx_hal_adc_ex.o
 .debug_loc     0x0000000000002452      0x75e ./Drivers/STM32F3xx_HAL_Driver/Src/stm32f3xx_hal_cortex.o
 .debug_loc     0x0000000000002bb0      0x5b5 ./Drivers/STM32F3xx_HAL_Driver/Src/stm32f3xx_hal_crc.o
 .debug_loc     0x0000000000003165      0x1b7 ./Drivers/STM32F3xx_HAL_Driver/Src/stm32f3xx_hal_crc_ex.o
 .debug_loc     0x000000000000331c      0x284 ./Drivers/STM32F3xx_HAL_Driver/Src/stm32f3xx_hal_dac.o
 .debug_loc     0x00000000000035a0      0x9ba ./Drivers/STM32F3xx_HAL_Driver/Src/stm32f3xx_hal_dac_ex.o
 .debug_loc     0x0000000000003f5a      0x8f9 ./Drivers/STM32F3xx_HAL_Driver/Src/stm32f3xx_hal_dma.o
 .debug_loc     0x0000000000004853      0x3fd ./Drivers/STM32F3xx_HAL_Driver/Src/stm32f3xx_hal_gpio.o
 .debug_loc     0x0000000000004c50      0xdb8 ./Drivers/STM32F3xx_HAL_Driver/Src/stm32f3xx_hal_rcc.o
 .debug_loc     0x0000000000005a08      0x5c6 ./Drivers/STM32F3xx_HAL_Driver/Src/stm32f3xx_hal_rcc_ex.o
 .debug_loc     0x0000000000005fce     0x6163 ./Drivers/STM32F3xx_HAL_Driver/Src/stm32f3xx_hal_tim.o