Archive member included to satisfy reference by file (symbol)

c:/st/stm32cubeide_1.8.0/stm32cubeide/plugins/com.st.stm32cube.ide.mcu.externaltools.gnu-tools-for-stm32.9-2020-q2-update.win32_2.0.0.202105311346/tools/bin/../lib/gcc/arm-none-eabi/9.3.1/../../../../arm-none-eabi/lib/thumb/v7e-m+fp/hard\libc_nano.a(lib_a-errno.o)
                              ./Src/syscalls.o (__errno)
c:/st/stm32cubeide_1.8.0/stm32cubeide/plugins/com.st.stm32cube.ide.mcu.externaltools.gnu-tools-for-stm32.9-2020-q2-update.win32_2.0.0.202105311346/tools/bin/../lib/gcc/arm-none-eabi/9.3.1/../../../../arm-none-eabi/lib/thumb/v7e-m+fp/hard\libc_nano.a(lib_a-exit.o)
                              c:/st/stm32cubeide_1.8.0/stm32cubeide/plugins/com.st.stm32cube.ide.mcu.externaltools.gnu-tools-for-stm32.9-2020-q2-update.win32_2.0.0.202105311346/tools/bin/../lib/gcc/arm-none-eabi/9.3.1/../../../../arm-none-eabi/lib/thumb/v7e-m+fp/hard/crt0.o (exit)
c:/st/stm32cubeide_1.8.0/stm32cubeide/plugins/com.st.stm32cube.ide.mcu.externaltools.gnu-tools-for-stm32.9-2020-q2-update.win32_2.0.0.202105311346/tools/bin/../lib/gcc/arm-none-eabi/9.3.1/../../../../arm-none-eabi/lib/thumb/v7e-m+fp/hard\libc_nano.a(lib_a-impure.o)
                              c:/st/stm32cubeide_1.8.0/stm32cubeide/plugins/com.st.stm32cube.ide.mcu.externaltools.gnu-tools-for-stm32.9-2020-q2-update.win32_2.0.0.202105311346/tools/bin/../lib/gcc/arm-none-eabi/9.3.1/../../../../arm-none-eabi/lib/thumb/v7e-m+fp/hard\libc_nano.a(lib_a-exit.o) (_global_impure_ptr)
c:/st/stm32cubeide_1.8.0/stm32cubeide/plugins/com.st.stm32cube.ide.mcu.externaltools.gnu-tools-for-stm32.9-2020-q2-update.win32_2.0.0.202105311346/tools/bin/../lib/gcc/arm-none-eabi/9.3.1/../../../../arm-none-eabi/lib/thumb/v7e-m+fp/hard\libc_nano.a(lib_a-init.o)
                              c:/st/stm32cubeide_1.8.0/stm32cubeide/plugins/com.st.stm32cube.ide.mcu.externaltools.gnu-tools-for-stm32.9-2020-q2-update.win32_2.0.0.202105311346/tools/bin/../lib/gcc/arm-none-eabi/9.3.1/../../../../arm-none-eabi/lib/thumb/v7e-m+fp/hard/crt0.o (__libc_init_array)
c:/st/stm32cubeide_1.8.0/stm32cubeide/plugins/com.st.stm32cube.ide.mcu.externaltools.gnu-tools-for-stm32.9-2020-q2-update.win32_2.0.0.202105311346/tools/bin/../lib/gcc/arm-none-eabi/9.3.1/../../../../arm-none-eabi/lib/thumb/v7e-m+fp/hard\libc_nano.a(lib_a-memset.o)
                              c:/st/stm32cubeide_1.8.0/stm32cubeide/plugins/com.st.stm32cube.ide.mcu.externaltools.gnu-tools-for-stm32.9-2020-q2-update.win32_2.0.0.202105311346/tools/bin/../lib/gcc/arm-none-eabi/9.3.1/../../../../arm-none-eabi/lib/thumb/v7e-m+fp/hard/crt0.o (memset)
c:/st/stm32cubeide_1.8.0/stm32cubeide/plugins/com.st.stm32cube.ide.mcu.externaltools.gnu-tools-for-stm32.9-2020-q2-update.win32_2.0.0.202105311346/tools/bin/../lib/gcc/arm-none-eabi/9.3.1/thumb/v7e-m+fp/hard\libgcc.a(_arm_addsubdf3.o)
                              ./Src/main.o (__aeabi_dadd)
c:/st/stm32cubeide_1.8.0/stm32cubeide/plugins/com.st.stm32cube.ide.mcu.externaltools.gnu-tools-for-stm32.9-2020-q2-update.win32_2.0.0.202105311346/tools/bin/../lib/gcc/arm-none-eabi/9.3.1/thumb/v7e-m+fp/hard\libgcc.a(_arm_truncdfsf2.o)
                              ./Src/main.o (__aeabi_d2f)

Allocating common symbols
Common symbol       size              file

jj                  0x1               ./Src/main.o
Iout_NotCalibrated  0x4               ./Src/main.o
Read_Voltage        0x5               ./Src/main.o
hdac2               0x14              ./Src/main.o
CV_Level            0x4               ./Src/main.o
AC_OK               0x1               ./Src/main.o
Nextion_Setpoint    0x4               ./Src/main.o
Quanch_Time         0x4               ./Src/main.o
ADC_Buffer          0x14              ./Src/main.o
hdac1               0x14              ./Src/main.o
rec_D               0x1               ./Src/main.o
Moving_Average_Buffer_Voltage
                    0x4               ./Src/main.o
Setpoint_v          0x4               ./Src/main.o
Iout                0x4               ./Src/main.o
Avg_Cnt1            0x1               ./Src/main.o
Averaged_Power      0x4               ./Src/main.o
cn3                 0x1               ./Src/stm32f3xx_it.o
hcrc                0x24              ./Src/main.o
Setpoint            0x4               ./Src/main.o
Power_Buffer        0x4               ./Src/main.o
Pout_P              0x4               ./Src/main.o
buffer_usart        0x18              ./Src/main.o
flag                0x1               ./Src/main.o
Read_Current        0x5               ./Src/main.o
PFC_OTP             0x1               ./Src/main.o
uwTick              0x4               ./Drivers/STM32F3xx_HAL_Driver/Src/stm32f3xx_hal.o
pFlash              0x20              ./Drivers/STM32F3xx_HAL_Driver/Src/stm32f3xx_hal_flash.o
cn2                 0x1               ./Src/stm32f3xx_it.o
Moving_Average_Power
                    0x4               ./Src/main.o
Pout_PID            0x4               ./Src/main.o
[...]
Memory Configuration

Name             Origin             Length             Attributes
CCMRAM           0x0000000010000000 0x0000000000001000 xrw
RAM              0x0000000020000000 0x0000000000003000 xrw
FLASH            0x0000000008000000 0x0000000000010000 xr
*default*        0x0000000000000000 0xffffffffffffffff

Linker script and memory map

LOAD c:/st/stm32cubeide_1.8.0/stm32cubeide/plugins/com.st.stm32cube.ide.mcu.externaltools.gnu-tools-for-stm32.9-2020-q2-update.win32_2.0.0.202105311346/tools/bin/../lib/gcc/arm-none-eabi/9.3.1/thumb/v7e-m+fp/hard/crti.o
LOAD c:/st/stm32cubeide_1.8.0/stm32cubeide/plugins/com.st.stm32cube.ide.mcu.externaltools.gnu-tools-for-stm32.9-2020-q2-update.win32_2.0.0.202105311346/tools/bin/../lib/gcc/arm-none-eabi/9.3.1/thumb/v7e-m+fp/hard/crtbegin.o
LOAD c:/st/stm32cubeide_1.8.0/stm32cubeide/plugins/com.st.stm32cube.ide.mcu.externaltools.gnu-tools-for-stm32.9-2020-q2-update.win32_2.0.0.202105311346/tools/bin/../lib/gcc/arm-none-eabi/9.3.1/../../../../arm-none-eabi/lib/thumb/v7e-m+fp/hard/crt0.o
LOAD ./Drivers/STM32F3xx_HAL_Driver/Src/stm32f3xx_hal.o
LOAD ./Drivers/STM32F3xx_HAL_Driver/Src/stm32f3xx_hal_adc.o
LOAD ./Drivers/STM32F3xx_HAL_Driver/Src/stm32f3xx_hal_adc_ex.o
LOAD ./Drivers/STM32F3xx_HAL_Driver/Src/stm32f3xx_hal_cortex.o
LOAD ./Drivers/STM32F3xx_HAL_Driver/Src/stm32f3xx_hal_crc.o
LOAD ./Drivers/STM32F3xx_HAL_Driver/Src/stm32f3xx_hal_crc_ex.o
LOAD ./Drivers/STM32F3xx_HAL_Driver/Src/stm32f3xx_hal_dac.o
LOAD ./Drivers/STM32F3xx_HAL_Driver/Src/stm32f3xx_hal_dac_ex.o
LOAD ./Drivers/STM32F3xx_HAL_Driver/Src/stm32f3xx_hal_dma.o
LOAD ./Drivers/STM32F3xx_HAL_Driver/Src/stm32f3xx_hal_exti.o
LOAD ./Drivers/STM32F3xx_HAL_Driver/Src/stm32f3xx_hal_flash.o
LOAD ./Drivers/STM32F3xx_HAL_Driver/Src/stm32f3xx_hal_flash_ex.o
LOAD ./Drivers/STM32F3xx_HAL_Driver/Src/stm32f3xx_hal_gpio.o
LOAD ./Drivers/STM32F3xx_HAL_Driver/Src/stm32f3xx_hal_i2c.o
LOAD ./Drivers/STM32F3xx_HAL_Driver/Src/stm32f3xx_hal_i2c_ex.o
LOAD ./Drivers/STM32F3xx_HAL_Driver/Src/stm32f3xx_hal_pwr.o
LOAD ./Drivers/STM32F3xx_HAL_Driver/Src/stm32f3xx_hal_pwr_ex.o
LOAD ./Drivers/STM32F3xx_HAL_Driver/Src/stm32f3xx_hal_rcc.o
LOAD ./Drivers/STM32F3xx_HAL_Driver/Src/stm32f3xx_hal_rcc_ex.o
LOAD ./Drivers/STM32F3xx_HAL_Driver/Src/stm32f3xx_hal_tim.o
LOAD ./Drivers/STM32F3xx_HAL_Driver/Src/stm32f3xx_hal_tim_ex.o
LOAD ./Drivers/STM32F3xx_HAL_Driver/Src/stm32f3xx_hal_uart.o
LOAD ./Drivers/STM32F3xx_HAL_Driver/Src/stm32f3xx_hal_uart_ex.o
LOAD ./Src/main.o
LOAD ./Src/stm32f3xx_hal_msp.o
LOAD ./Src/stm32f3xx_it.o
LOAD ./Src/syscalls.o
LOAD ./Src/sysmem.o
LOAD ./Src/system_stm32f3xx.o
LOAD ./Startup/startup_stm32f334r8tx.o
START GROUP
LOAD c:/st/stm32cubeide_1.8.0/stm32cubeide/plugins/com.st.stm32cube.ide.mcu.externaltools.gnu-tools-for-stm32.9-2020-q2-update.win32_2.0.0.202105311346/tools/bin/../lib/gcc/arm-none-eabi/9.3.1/../../../../arm-none-eabi/lib/thumb/v7e-m+fp/hard\libc_nano.a
LOAD c:/st/stm32cubeide_1.8.0/stm32cubeide/plugins/com.st.stm32cube.ide.mcu.externaltools.gnu-tools-for-stm32.9-2020-q2-update.win32_2.0.0.202105311346/tools/bin/../lib/gcc/arm-none-eabi/9.3.1/../../../../arm-none-eabi/lib/thumb/v7e-m+fp/hard\libm.a
END GROUP
START GROUP
LOAD c:/st/stm32cubeide_1.8.0/stm32cubeide/plugins/com.st.stm32cube.ide.mcu.externaltools.gnu-tools-for-stm32.9-2020-q2-update.win32_2.0.0.202105311346/tools/bin/../lib/gcc/arm-none-eabi/9.3.1/thumb/v7e-m+fp/hard\libgcc.a
LOAD c:/st/stm32cubeide_1.8.0/stm32cubeide/plugins/com.st.stm32cube.ide.mcu.externaltools.gnu-tools-for-stm32.9-2020-q2-update.win32_2.0.0.202105311346/tools/bin/../lib/gcc/arm-none-eabi/9.3.1/../../../../arm-none-eabi/lib/thumb/v7e-m+fp/hard\libc_nano.a
END GROUP
START GROUP
LOAD c:/st/stm32cubeide_1.8.0/stm32cubeide/plugins/com.st.stm32cube.ide.mcu.externaltools.gnu-tools-for-stm32.9-2020-q2-update.win32_2.0.0.202105311346/tools/bin/../lib/gcc/arm-none-eabi/9.3.1/thumb/v7e-m+fp/hard\libgcc.a
LOAD c:/st/stm32cubeide_1.8.0/stm32cubeide/plugins/com.st.stm32cube.ide.mcu.externaltools.gnu-tools-for-stm32.9-2020-q2-update.win32_2.0.0.202105311346/tools/bin/../lib/gcc/arm-none-eabi/9.3.1/../../../../arm-none-eabi/lib/thumb/v7e-m+fp/hard\libc_nano.a
LOAD c:/st/stm32cubeide_1.8.0/stm32cubeide/plugins/com.st.stm32cube.ide.mcu.externaltools.gnu-tools-for-stm32.9-2020-q2-update.win32_2.0.0.202105311346/tools/bin/../lib/gcc/arm-none-eabi/9.3.1/../../../../arm-none-eabi/lib/thumb/v7e-m+fp/hard\libnosys.a
END GROUP
START GROUP
LOAD c:/st/stm32cubeide_1.8.0/stm32cubeide/plugins/com.st.stm32cube.ide.mcu.externaltools.gnu-tools-for-stm32.9-2020-q2-update.win32_2.0.0.202105311346/tools/bin/../lib/gcc/arm-none-eabi/9.3.1/thumb/v7e-m+fp/hard\libgcc.a
LOAD c:/st/stm32cubeide_1.8.0/stm32cubeide/plugins/com.st.stm32cube.ide.mcu.externaltools.gnu-tools-for-stm32.9-2020-q2-update.win32_2.0.0.202105311346/tools/bin/../lib/gcc/arm-none-eabi/9.3.1/../../../../arm-none-eabi/lib/thumb/v7e-m+fp/hard\libc_nano.a
LOAD c:/st/stm32cubeide_1.8.0/stm32cubeide/plugins/com.st.stm32cube.ide.mcu.externaltools.gnu-tools-for-stm32.9-2020-q2-update.win32_2.0.0.202105311346/tools/bin/../lib/gcc/arm-none-eabi/9.3.1/../../../../arm-none-eabi/lib/thumb/v7e-m+fp/hard\libnosys.a
END GROUP
LOAD c:/st/stm32cubeide_1.8.0/stm32cubeide/plugins/com.st.stm32cube.ide.mcu.externaltools.gnu-tools-for-stm32.9-2020-q2-update.win32_2.0.0.202105311346/tools/bin/../lib/gcc/arm-none-eabi/9.3.1/thumb/v7e-m+fp/hard/crtend.o
LOAD c:/st/stm32cubeide_1.8.0/stm32cubeide/plugins/com.st.stm32cube.ide.mcu.externaltools.gnu-tools-for-stm32.9-2020-q2-update.win32_2.0.0.202105311346/tools/bin/../lib/gcc/arm-none-eabi/9.3.1/thumb/v7e-m+fp/hard/crtn.o
                0x0000000020003000                _estack = (ORIGIN (RAM) + LENGTH (RAM))
                0x0000000000000200                _Min_Heap_Size = 0x200
                0x0000000000000400                _Min_Stack_Size = 0x400

.isr_vector     0x0000000008000000      0x188
                0x0000000008000000                . = ALIGN (0x4)
 *(.isr_vector)
 .isr_vector    0x0000000008000000      0x188 ./Startup/startup_stm32f334r8tx.o
                0x0000000008000000                g_pfnVectors
                0x0000000008000188                . = ALIGN (0x4)

.text           0x0000000008000188     0x3c60
                0x0000000008000188                . = ALIGN (0x4)
 *(.text)
 .text          0x0000000008000188       0x40 c:/st/stm32cubeide_1.8.0/stm32cubeide/plugins/com.st.stm32cube.ide.mcu.externaltools.gnu-tools-for-stm32.9-2020-q2-update.win32_2.0.0.202105311346/tools/bin/../lib/gcc/arm-none-eabi/9.3.1/thumb/v7e-m+fp/hard/crtbegin.o
 .text          0x00000000080001c8      0x378 c:/st/stm32cubeide_1.8.0/stm32cubeide/plugins/com.st.stm32cube.ide.mcu.externaltools.gnu-tools-for-stm32.9-2020-q2-update.win32_2.0.0.202105311346/tools/bin/../lib/gcc/arm-none-eabi/9.3.1/thumb/v7e-m+fp/hard\libgcc.a(_arm_addsubdf3.o)
                0x00000000080001c8                __aeabi_drsub
                0x00000000080001d0                __aeabi_dsub
                0x00000000080001d0                __subdf3
                0x00000000080001d4                __aeabi_dadd
                0x00000000080001d4                __adddf3
                0x000000000800044c                __floatunsidf
                0x000000000800044c                __aeabi_ui2d
                0x000000000800046c                __floatsidf
                0x000000000800046c                __aeabi_i2d
                0x0000000008000490                __aeabi_f2d
                0x0000000008000490                __extendsfdf2
                0x00000000080004d4                __floatundidf
                0x00000000080004d4                __aeabi_ul2d
                0x00000000080004e4                __floatdidf
                0x00000000080004e4                __aeabi_l2d
 .text          0x0000000008000540       0xa0 c:/st/stm32cubeide_1.8.0/stm32cubeide/plugins/com.st.stm32cube.ide.mcu.externaltools.gnu-tools-for-stm32.9-2020-q2-update.win32_2.0.0.202105311346/tools/bin/../lib/gcc/arm-none-eabi/9.3.1/thumb/v7e-m+fp/hard\libgcc.a(_arm_truncdfsf2.o)
                0x0000000008000540                __truncdfsf2
                0x0000000008000540                __aeabi_d2f
 *(.text*)
 .text.HAL_InitTick
                0x00000000080005e0       0x48 ./Drivers/STM32F3xx_HAL_Driver/Src/stm32f3xx_hal.o
                0x00000000080005e0                HAL_InitTick
 .text.HAL_Init
                0x0000000008000628       0x24 ./Drivers/STM32F3xx_HAL_Driver/Src/stm32f3xx_hal.o
                0x0000000008000628                HAL_Init
 .text.HAL_IncTick
                0x000000000800064c       0x18 ./Drivers/STM32F3xx_HAL_Driver/Src/stm32f3xx_hal.o
                0x000000000800064c                HAL_IncTick
 .text.HAL_GetTick
                0x0000000008000664        0xc ./Drivers/STM32F3xx_HAL_Driver/Src/stm32f3xx_hal.o
                0x0000000008000664                HAL_GetTick
 .text.HAL_Delay
                0x0000000008000670       0x24 ./Drivers/STM32F3xx_HAL_Driver/Src/stm32f3xx_hal.o
                0x0000000008000670                HAL_Delay
 .text.HAL_ADC_ConvCpltCallback
                0x0000000008000694        0x4 ./Drivers/STM32F3xx_HAL_Driver/Src/stm32f3xx_hal_adc.o
                0x0000000008000694                HAL_ADC_ConvCpltCallback
 .text.HAL_ADC_ConvHalfCpltCallback
                0x0000000008000698        0x4 ./Drivers/STM32F3xx_HAL_Driver/Src/stm32f3xx_hal_adc.o
                0x0000000008000698                HAL_ADC_ConvHalfCpltCallback
 .text.HAL_ADC_ErrorCallback
                0x000000000800069c        0x4 ./Drivers/STM32F3xx_HAL_Driver/Src/stm32f3xx_hal_adc.o
                0x000000000800069c                HAL_ADC_ErrorCallback
 .text.ADC_Disable
                0x00000000080006a0       0x80 ./Drivers/STM32F3xx_HAL_Driver/Src/stm32f3xx_hal_adc_ex.o
 .text.ADC_Enable
                0x0000000008000720       0x6c ./Drivers/STM32F3xx_HAL_Driver/Src/stm32f3xx_hal_adc_ex.o
 .text.ADC_DMAError
                0x000000000800078c       0x18 ./Drivers/STM32F3xx_HAL_Driver/Src/stm32f3xx_hal_adc_ex.o
 .text.ADC_DMAHalfConvCplt
                0x00000000080007a4        0x8 ./Drivers/STM32F3xx_HAL_Driver/Src/stm32f3xx_hal_adc_ex.o
 .text.ADC_DMAConvCplt
                0x00000000080007ac       0x44 ./Drivers/STM32F3xx_HAL_Driver/Src/stm32f3xx_hal_adc_ex.o
 .text.HAL_ADC_Init
                0x00000000080007f0      0x20c ./Drivers/STM32F3xx_HAL_Driver/Src/stm32f3xx_hal_adc_ex.o
                0x00000000080007f0                HAL_ADC_Init
 .text.HAL_ADC_Start_DMA
                0x00000000080009fc      0x108 ./Drivers/STM32F3xx_HAL_Driver/Src/stm32f3xx_hal_adc_ex.o
                0x00000000080009fc                HAL_ADC_Start_DMA
 .text.HAL_ADCEx_Calibration_Start
                0x0000000008000b04       0x98 ./Drivers/STM32F3xx_HAL_Driver/Src/stm32f3xx_hal_adc_ex.o
                0x0000000008000b04                HAL_ADCEx_Calibration_Start
 .text.HAL_ADCEx_Calibration_GetValue
                0x0000000008000b9c       0x14 ./Drivers/STM32F3xx_HAL_Driver/Src/stm32f3xx_hal_adc_ex.o
                0x0000000008000b9c                HAL_ADCEx_Calibration_GetValue
 .text.HAL_ADCEx_Calibration_SetValue
                0x0000000008000bb0       0x68 ./Drivers/STM32F3xx_HAL_Driver/Src/stm32f3xx_hal_adc_ex.o
                0x0000000008000bb0                HAL_ADCEx_Calibration_SetValue
 .text.HAL_ADC_ConfigChannel
                0x0000000008000c18      0x330 ./Drivers/STM32F3xx_HAL_Driver/Src/stm32f3xx_hal_adc_ex.o
                0x0000000008000c18                HAL_ADC_ConfigChannel
 .text.HAL_ADCEx_MultiModeConfigChannel
                0x0000000008000f48       0xe4 ./Drivers/STM32F3xx_HAL_Driver/Src/stm32f3xx_hal_adc_ex.o
                0x0000000008000f48                HAL_ADCEx_MultiModeConfigChannel
 .text.HAL_NVIC_SetPriorityGrouping
                0x000000000800102c       0x28 ./Drivers/STM32F3xx_HAL_Driver/Src/stm32f3xx_hal_cortex.o
                0x000000000800102c                HAL_NVIC_SetPriorityGrouping
 .text.HAL_NVIC_SetPriority
                0x0000000008001054       0x70 ./Drivers/STM32F3xx_HAL_Driver/Src/stm32f3xx_hal_cortex.o
                0x0000000008001054                HAL_NVIC_SetPriority
 .text.HAL_NVIC_EnableIRQ
                0x00000000080010c4       0x1c ./Drivers/STM32F3xx_HAL_Driver/Src/stm32f3xx_hal_cortex.o
                0x00000000080010c4                HAL_NVIC_EnableIRQ
 .text.HAL_SYSTICK_Config
                0x00000000080010e0       0x34 ./Drivers/STM32F3xx_HAL_Driver/Src/stm32f3xx_hal_cortex.o
                0x00000000080010e0                HAL_SYSTICK_Config
 .text.HAL_CRC_Init
                0x0000000008001114       0x7c ./Drivers/STM32F3xx_HAL_Driver/Src/stm32f3xx_hal_crc.o
                0x0000000008001114                HAL_CRC_Init
 .text.HAL_CRCEx_Polynomial_Set
                0x0000000008001190       0x64 ./Drivers/STM32F3xx_HAL_Driver/Src/stm32f3xx_hal_crc_ex.o
                0x0000000008001190                HAL_CRCEx_Polynomial_Set
 .text.HAL_DAC_Init
                0x00000000080011f4       0x2c ./Drivers/STM32F3xx_HAL_Driver/Src/stm32f3xx_hal_dac.o
                0x00000000080011f4                HAL_DAC_Init
 .text.HAL_DAC_SetValue
                0x0000000008001220       0x30 ./Drivers/STM32F3xx_HAL_Driver/Src/stm32f3xx_hal_dac_ex.o
                0x0000000008001220                HAL_DAC_SetValue
 .text.HAL_DAC_Start
                0x0000000008001250       0x54 ./Drivers/STM32F3xx_HAL_Driver/Src/stm32f3xx_hal_dac_ex.o
                0x0000000008001250                HAL_DAC_Start
 .text.HAL_DAC_ConfigChannel
                0x00000000080012a4       0x6c ./Drivers/STM32F3xx_HAL_Driver/Src/stm32f3xx_hal_dac_ex.o
                0x00000000080012a4                HAL_DAC_ConfigChannel
 .text.HAL_DMA_Init
                0x0000000008001310       0x64 ./Drivers/STM32F3xx_HAL_Driver/Src/stm32f3xx_hal_dma.o
                0x0000000008001310                HAL_DMA_Init
 .text.HAL_DMA_Start_IT
                0x0000000008001374       0x84 ./Drivers/STM32F3xx_HAL_Driver/Src/stm32f3xx_hal_dma.o
                0x0000000008001374                HAL_DMA_Start_IT
 .text.HAL_DMA_Abort
                0x00000000080013f8       0x44 ./Drivers/STM32F3xx_HAL_Driver/Src/stm32f3xx_hal_dma.o
                0x00000000080013f8                HAL_DMA_Abort
 .text.HAL_DMA_Abort_IT
                0x000000000800143c       0x44 ./Drivers/STM32F3xx_HAL_Driver/Src/stm32f3xx_hal_dma.o
                0x000000000800143c                HAL_DMA_Abort_IT
 .text.HAL_DMA_IRQHandler
                0x0000000008001480       0x94 ./Drivers/STM32F3xx_HAL_Driver/Src/stm32f3xx_hal_dma.o
                0x0000000008001480                HAL_DMA_IRQHandler
 .text.HAL_GPIO_Init
                0x0000000008001514      0x1d0 ./Drivers/STM32F3xx_HAL_Driver/Src/stm32f3xx_hal_gpio.o
                0x0000000008001514                HAL_GPIO_Init
 .text.HAL_GPIO_ReadPin
                0x00000000080016e4        0xc ./Drivers/STM32F3xx_HAL_Driver/Src/stm32f3xx_hal_gpio.o
                0x00000000080016e4                HAL_GPIO_ReadPin
 .text.HAL_GPIO_WritePin
                0x00000000080016f0        0xc ./Drivers/STM32F3xx_HAL_Driver/Src/stm32f3xx_hal_gpio.o
                0x00000000080016f0                HAL_GPIO_WritePin
 .text.HAL_GPIO_TogglePin
                0x00000000080016fc       0x14 ./Drivers/STM32F3xx_HAL_Driver/Src/stm32f3xx_hal_gpio.o
                0x00000000080016fc                HAL_GPIO_TogglePin
 .text.HAL_RCC_OscConfig
                0x0000000008001710      0x5d8 ./Drivers/STM32F3xx_HAL_Driver/Src/stm32f3xx_hal_rcc.o
                0x0000000008001710                HAL_RCC_OscConfig
 .text.HAL_RCC_ClockConfig
                0x0000000008001ce8      0x1e8 ./Drivers/STM32F3xx_HAL_Driver/Src/stm32f3xx_hal_rcc.o
                0x0000000008001ce8                HAL_RCC_ClockConfig
 .text.HAL_RCC_GetSysClockFreq
                0x0000000008001ed0       0x6c ./Drivers/STM32F3xx_HAL_Driver/Src/stm32f3xx_hal_rcc.o
                0x0000000008001ed0                HAL_RCC_GetSysClockFreq
 .text.HAL_RCC_GetPCLK1Freq
                0x0000000008001f3c       0x30 ./Drivers/STM32F3xx_HAL_Driver/Src/stm32f3xx_hal_rcc.o
                0x0000000008001f3c                HAL_RCC_GetPCLK1Freq
 .text.HAL_RCC_GetPCLK2Freq
                0x0000000008001f6c       0x30 ./Drivers/STM32F3xx_HAL_Driver/Src/stm32f3xx_hal_rcc.o
                0x0000000008001f6c                HAL_RCC_GetPCLK2Freq
 .text.HAL_RCCEx_PeriphCLKConfig
                0x0000000008001f9c      0x188 ./Drivers/STM32F3xx_HAL_Driver/Src/stm32f3xx_hal_rcc_ex.o
                0x0000000008001f9c                HAL_RCCEx_PeriphCLKConfig
 .text.HAL_UART_TxCpltCallback
                0x0000000008002124        0x4 ./Drivers/STM32F3xx_HAL_Driver/Src/stm32f3xx_hal_uart.o
                0x0000000008002124                HAL_UART_TxCpltCallback
 .text.HAL_UART_RxCpltCallback
                0x0000000008002128        0x4 ./Drivers/STM32F3xx_HAL_Driver/Src/stm32f3xx_hal_uart.o
                0x0000000008002128                HAL_UART_RxCpltCallback
 .text.HAL_UART_ErrorCallback
                0x000000000800212c        0x4 ./Drivers/STM32F3xx_HAL_Driver/Src/stm32f3xx_hal_uart.o
                0x000000000800212c                HAL_UART_ErrorCallback
 .text.UART_DMAAbortOnError
                0x0000000008002130       0x14 ./Drivers/STM32F3xx_HAL_Driver/Src/stm32f3xx_hal_uart.o
 .text.HAL_UARTEx_RxEventCallback
                0x0000000008002144        0x4 ./Drivers/STM32F3xx_HAL_Driver/Src/stm32f3xx_hal_uart.o
                0x0000000008002144                HAL_UARTEx_RxEventCallback
 .text.HAL_UART_IRQHandler
                0x0000000008002148      0x300 ./Drivers/STM32F3xx_HAL_Driver/Src/stm32f3xx_hal_uart.o
                0x0000000008002148                HAL_UART_IRQHandler
 .text.UART_RxISR_8BIT.part.0
                0x0000000008002448       0x64 ./Drivers/STM32F3xx_HAL_Driver/Src/stm32f3xx_hal_uart.o
 .text.UART_RxISR_16BIT
                0x00000000080024ac       0x48 ./Drivers/STM32F3xx_HAL_Driver/Src/stm32f3xx_hal_uart.o
 .text.UART_RxISR_8BIT
                0x00000000080024f4       0x4c ./Drivers/STM32F3xx_HAL_Driver/Src/stm32f3xx_hal_uart.o
 .text.UART_AdvFeatureConfig
                0x0000000008002540       0xb0 ./Drivers/STM32F3xx_HAL_Driver/Src/stm32f3xx_hal_uart.o
                0x0000000008002540                UART_AdvFeatureConfig
 .text.UART_WaitOnFlagUntilTimeout
                0x00000000080025f0       0xe8 ./Drivers/STM32F3xx_HAL_Driver/Src/stm32f3xx_hal_uart.o
                0x00000000080025f0                UART_WaitOnFlagUntilTimeout
 .text.HAL_UART_Transmit
                0x00000000080026d8      0x17c ./Drivers/STM32F3xx_HAL_Driver/Src/stm32f3xx_hal_uart.o
                0x00000000080026d8                HAL_UART_Transmit
 .text.HAL_UART_Init
                0x0000000008002854      0x25c ./Drivers/STM32F3xx_HAL_Driver/Src/stm32f3xx_hal_uart.o
                0x0000000008002854                HAL_UART_Init
 .text.UART_Start_Receive_IT
                0x0000000008002ab0       0xbc ./Drivers/STM32F3xx_HAL_Driver/Src/stm32f3xx_hal_uart.o
                0x0000000008002ab0                UART_Start_Receive_IT
 .text.HAL_UART_Receive_IT
                0x0000000008002b6c       0x44 ./Drivers/STM32F3xx_HAL_Driver/Src/stm32f3xx_hal_uart.o
                0x0000000008002b6c                HAL_UART_Receive_IT
 .text.HAL_UARTEx_WakeupCallback
                0x0000000008002bb0        0x4 ./Drivers/STM32F3xx_HAL_Driver/Src/stm32f3xx_hal_uart_ex.o
                0x0000000008002bb0                HAL_UARTEx_WakeupCallback
 .text.SystemClock_Config
                0x0000000008002bb4       0x88 ./Src/main.o
                0x0000000008002bb4                SystemClock_Config
 *fill*         0x0000000008002c3c        0x4 
 .text.startup.main
                0x0000000008002c40      0xde8 ./Src/main.o
                0x0000000008002c40                main
 .text.Error_Handler
                0x0000000008003a28        0x4 ./Src/main.o
                0x0000000008003a28                Error_Handler
 .text.HAL_MspInit
                0x0000000008003a2c       0x30 ./Src/stm32f3xx_hal_msp.o
                0x0000000008003a2c                HAL_MspInit
 .text.HAL_ADC_MspInit
                0x0000000008003a5c       0x9c ./Src/stm32f3xx_hal_msp.o
                0x0000000008003a5c                HAL_ADC_MspInit
 .text.HAL_CRC_MspInit
                0x0000000008003af8       0x2c ./Src/stm32f3xx_hal_msp.o
                0x0000000008003af8                HAL_CRC_MspInit
 .text.HAL_DAC_MspInit
                0x0000000008003b24       0xac ./Src/stm32f3xx_hal_msp.o
                0x0000000008003b24                HAL_DAC_MspInit
 .text.HAL_UART_MspInit
                0x0000000008003bd0       0x7c ./Src/stm32f3xx_hal_msp.o
                0x0000000008003bd0                HAL_UART_MspInit
 .text.SysTick_Handler
                0x0000000008003c4c        0x4 ./Src/stm32f3xx_it.o
                0x0000000008003c4c                SysTick_Handler
 .text.DMA1_Channel1_IRQHandler
                0x0000000008003c50        0xc ./Src/stm32f3xx_it.o
                0x0000000008003c50                DMA1_Channel1_IRQHandler
 .text.USART2_IRQHandler
                0x0000000008003c5c       0xc4 ./Src/stm32f3xx_it.o
                0x0000000008003c5c                USART2_IRQHandler
 .text.SystemInit
                0x0000000008003d20       0x14 ./Src/system_stm32f3xx.o
                0x0000000008003d20                SystemInit
 .text.Reset_Handler
                0x0000000008003d34       0x50 ./Startup/startup_stm32f334r8tx.o
                0x0000000008003d34                Reset_Handler
 .text.Default_Handler
                0x0000000008003d84        0x2 ./Startup/startup_stm32f334r8tx.o
                0x0000000008003d84                RTC_Alarm_IRQHandler
                0x0000000008003d84                HRTIM1_Master_IRQHandler
                0x0000000008003d84                DebugMon_Handler
                0x0000000008003d84                TIM1_CC_IRQHandler
                0x0000000008003d84                HardFault_Handler
                0x0000000008003d84                HRTIM1_FLT_IRQHandler
                0x0000000008003d84                PVD_IRQHandler
                0x0000000008003d84                HRTIM1_TIMD_IRQHandler
                0x0000000008003d84                TAMP_STAMP_IRQHandler
                0x0000000008003d84                PendSV_Handler
                0x0000000008003d84                NMI_Handler
                0x0000000008003d84                EXTI3_IRQHandler
                0x0000000008003d84                EXTI0_IRQHandler
                0x0000000008003d84                FPU_IRQHandler
                0x0000000008003d84                CAN_TX_IRQHandler
                0x0000000008003d84                TIM1_UP_TIM16_IRQHandler
                0x0000000008003d84                UsageFault_Handler
                0x0000000008003d84                ADC1_2_IRQHandler
                0x0000000008003d84                HRTIM1_TIME_IRQHandler
                0x0000000008003d84                SPI1_IRQHandler
                0x0000000008003d84                CAN_SCE_IRQHandler
                0x0000000008003d84                HRTIM1_TIMC_IRQHandler
                0x0000000008003d84                DMA1_Channel4_IRQHandler
                0x0000000008003d84                USART3_IRQHandler
                0x0000000008003d84                DMA1_Channel7_IRQHandler
                0x0000000008003d84                TIM7_DAC2_IRQHandler
                0x0000000008003d84                CAN_RX1_IRQHandler
                0x0000000008003d84                I2C1_EV_IRQHandler
                0x0000000008003d84                DMA1_Channel6_IRQHandler
                0x0000000008003d84                TIM3_IRQHandler
                0x0000000008003d84                RCC_IRQHandler
                0x0000000008003d84                Default_Handler
                0x0000000008003d84                EXTI15_10_IRQHandler
                0x0000000008003d84                COMP2_IRQHandler
                0x0000000008003d84                HRTIM1_TIMA_IRQHandler
                0x0000000008003d84                TIM6_DAC1_IRQHandler
                0x0000000008003d84                EXTI9_5_IRQHandler
                0x0000000008003d84                RTC_WKUP_IRQHandler
                0x0000000008003d84                MemManage_Handler
                0x0000000008003d84                SVC_Handler
                0x0000000008003d84                DMA1_Channel5_IRQHandler
                0x0000000008003d84                EXTI4_IRQHandler
                0x0000000008003d84                HRTIM1_TIMB_IRQHandler
                0x0000000008003d84                TIM1_TRG_COM_TIM17_IRQHandler
                0x0000000008003d84                DMA1_Channel3_IRQHandler
                0x0000000008003d84                WWDG_IRQHandler
                0x0000000008003d84                TIM2_IRQHandler
                0x0000000008003d84                EXTI1_IRQHandler
                0x0000000008003d84                COMP4_6_IRQHandler
                0x0000000008003d84                DMA1_Channel2_IRQHandler
                0x0000000008003d84                FLASH_IRQHandler
                0x0000000008003d84                BusFault_Handler
                0x0000000008003d84                USART1_IRQHandler
                0x0000000008003d84                CAN_RX0_IRQHandler
                0x0000000008003d84                I2C1_ER_IRQHandler
                0x0000000008003d84                EXTI2_TSC_IRQHandler
                0x0000000008003d84                TIM1_BRK_TIM15_IRQHandler
 *fill*         0x0000000008003d86        0x2 
 .text.__libc_init_array
                0x0000000008003d88       0x48 c:/st/stm32cubeide_1.8.0/stm32cubeide/plugins/com.st.stm32cube.ide.mcu.externaltools.gnu-tools-for-stm32.9-2020-q2-update.win32_2.0.0.202105311346/tools/bin/../lib/gcc/arm-none-eabi/9.3.1/../../../../arm-none-eabi/lib/thumb/v7e-m+fp/hard\libc_nano.a(lib_a-init.o)
                0x0000000008003d88                __libc_init_array
 *(.glue_7)
 .glue_7        0x0000000008003dd0        0x0 linker stubs
 *(.glue_7t)
 .glue_7t       0x0000000008003dd0        0x0 linker stubs
 *(.eh_frame)
 .eh_frame      0x0000000008003dd0        0x0 c:/st/stm32cubeide_1.8.0/stm32cubeide/plugins/com.st.stm32cube.ide.mcu.externaltools.gnu-tools-for-stm32.9-2020-q2-update.win32_2.0.0.202105311346/tools/bin/../lib/gcc/arm-none-eabi/9.3.1/thumb/v7e-m+fp/hard/crtbegin.o
 *(.init)
 .init          0x0000000008003dd0        0x4 c:/st/stm32cubeide_1.8.0/stm32cubeide/plugins/com.st.stm32cube.ide.mcu.externaltools.gnu-tools-for-stm32.9-2020-q2-update.win32_2.0.0.202105311346/tools/bin/../lib/gcc/arm-none-eabi/9.3.1/thumb/v7e-m+fp/hard/crti.o
                0x0000000008003dd0                _init
 .init          0x0000000008003dd4        0x8 c:/st/stm32cubeide_1.8.0/stm32cubeide/plugins/com.st.stm32cube.ide.mcu.externaltools.gnu-tools-for-stm32.9-2020-q2-update.win32_2.0.0.202105311346/tools/bin/../lib/gcc/arm-none-eabi/9.3.1/thumb/v7e-m+fp/hard/crtn.o
 *(.fini)
 .fini          0x0000000008003ddc        0x4 c:/st/stm32cubeide_1.8.0/stm32cubeide/plugins/com.st.stm32cube.ide.mcu.externaltools.gnu-tools-for-stm32.9-2020-q2-update.win32_2.0.0.202105311346/tools/bin/../lib/gcc/arm-none-eabi/9.3.1/thumb/v7e-m+fp/hard/crti.o
                0x0000000008003ddc                _fini
 .fini          0x0000000008003de0        0x8 c:/st/stm32cubeide_1.8.0/stm32cubeide/plugins/com.st.stm32cube.ide.mcu.externaltools.gnu-tools-for-stm32.9-2020-q2-update.win32_2.0.0.202105311346/tools/bin/../lib/gcc/arm-none-eabi/9.3.1/thumb/v7e-m+fp/hard/crtn.o
                0x0000000008003de8                . = ALIGN (0x4)
                0x0000000008003de8                _etext = .

.vfp11_veneer   0x0000000008003de8        0x0
 .vfp11_veneer  0x0000000008003de8        0x0 linker stubs

.v4_bx          0x0000000008003de8        0x0
 .v4_bx         0x0000000008003de8        0x0 linker stubs

.iplt           0x0000000008003de8        0x0
 .iplt          0x0000000008003de8        0x0 c:/st/stm32cubeide_1.8.0/stm32cubeide/plugins/com.st.stm32cube.ide.mcu.externaltools.gnu-tools-for-stm32.9-2020-q2-update.win32_2.0.0.202105311346/tools/bin/../lib/gcc/arm-none-eabi/9.3.1/thumb/v7e-m+fp/hard/crtbegin.o

.rodata         0x0000000008003de8       0x3c
                0x0000000008003de8                . = ALIGN (0x4)
 *(.rodata)
 *(.rodata*)
 .rodata.aPLLMULFactorTable
                0x0000000008003de8       0x10 ./Drivers/STM32F3xx_HAL_Driver/Src/stm32f3xx_hal_rcc.o
                0x0000000008003de8                aPLLMULFactorTable
 .rodata.aPredivFactorTable
                0x0000000008003df8       0x10 ./Drivers/STM32F3xx_HAL_Driver/Src/stm32f3xx_hal_rcc.o
                0x0000000008003df8                aPredivFactorTable
 .rodata.CSWTCH.53
                0x0000000008003e08        0x3 ./Drivers/STM32F3xx_HAL_Driver/Src/stm32f3xx_hal_uart.o
 *fill*         0x0000000008003e0b        0x1 
 .rodata.AHBPrescTable
                0x0000000008003e0c       0x10 ./Src/system_stm32f3xx.o
                0x0000000008003e0c                AHBPrescTable
 .rodata.APBPrescTable
                0x0000000008003e1c        0x8 ./Src/system_stm32f3xx.o
                0x0000000008003e1c                APBPrescTable
                0x0000000008003e24                . = ALIGN (0x4)

.rel.dyn        0x0000000008003e24        0x0
 .rel.iplt      0x0000000008003e24        0x0 c:/st/stm32cubeide_1.8.0/stm32cubeide/plugins/com.st.stm32cube.ide.mcu.externaltools.gnu-tools-for-stm32.9-2020-q2-update.win32_2.0.0.202105311346/tools/bin/../lib/gcc/arm-none-eabi/9.3.1/thumb/v7e-m+fp/hard/crtbegin.o

.ARM.extab      0x0000000008003e24        0x0
                0x0000000008003e24                . = ALIGN (0x4)
 *(.ARM.extab* .gnu.linkonce.armextab.*)
                0x0000000008003e24                . = ALIGN (0x4)

.ARM            0x0000000008003e24        0x0
                0x0000000008003e24                . = ALIGN (0x4)
                0x0000000008003e24                __exidx_start = .
 *(.ARM.exidx*)
                0x0000000008003e24                __exidx_end = .
                0x0000000008003e24                . = ALIGN (0x4)

.preinit_array  0x0000000008003e24        0x0
                0x0000000008003e24                . = ALIGN (0x4)
                0x0000000008003e24                PROVIDE (__preinit_array_start = .)
 *(.preinit_array*)
                0x0000000008003e24                PROVIDE (__preinit_array_end = .)
                0x0000000008003e24                . = ALIGN (0x4)

.init_array     0x0000000008003e24        0x4
                0x0000000008003e24                . = ALIGN (0x4)
                0x0000000008003e24                PROVIDE (__init_array_start = .)
 *(SORT_BY_NAME(.init_array.*))
 *(.init_array*)
 .init_array    0x0000000008003e24        0x4 c:/st/stm32cubeide_1.8.0/stm32cubeide/plugins/com.st.stm32cube.ide.mcu.externaltools.gnu-tools-for-stm32.9-2020-q2-update.win32_2.0.0.202105311346/tools/bin/../lib/gcc/arm-none-eabi/9.3.1/thumb/v7e-m+fp/hard/crtbegin.o
                0x0000000008003e28                PROVIDE (__init_array_end = .)
                0x0000000008003e28                . = ALIGN (0x4)

.fini_array     0x0000000008003e28        0x4
                0x0000000008003e28                . = ALIGN (0x4)
                [!provide]                        PROVIDE (__fini_array_start = .)
 *(SORT_BY_NAME(.fini_array.*))
 *(.fini_array*)
 .fini_array    0x0000000008003e28        0x4 c:/st/stm32cubeide_1.8.0/stm32cubeide/plugins/com.st.stm32cube.ide.mcu.externaltools.gnu-tools-for-stm32.9-2020-q2-update.win32_2.0.0.202105311346/tools/bin/../lib/gcc/arm-none-eabi/9.3.1/thumb/v7e-m+fp/hard/crtbegin.o
                [!provide]                        PROVIDE (__fini_array_end = .)
                0x0000000008003e2c                . = ALIGN (0x4)
                0x0000000008003e2c                _sidata = LOADADDR (.data)

.data           0x0000000020000000       0x4c load address 0x0000000008003e2c
                0x0000000020000000                . = ALIGN (0x4)
                0x0000000020000000                _sdata = .
 *(.data)
 *(.data*)
 .data.uwTickFreq
                0x0000000020000000        0x1 ./Drivers/STM32F3xx_HAL_Driver/Src/stm32f3xx_hal.o
                0x0000000020000000                uwTickFreq
 *fill*         0x0000000020000001        0x3 
 .data.uwTickPrio
                0x0000000020000004        0x4 ./Drivers/STM32F3xx_HAL_Driver/Src/stm32f3xx_hal.o
                0x0000000020000004                uwTickPrio
 .data.CC_Level_Calibration_Coefficient
                0x0000000020000008        0x4 ./Src/main.o
                0x0000000020000008                CC_Level_Calibration_Coefficient
 .data.Current_Calibration_Coefficient
                0x000000002000000c        0x4 ./Src/main.o
                0x000000002000000c                Current_Calibration_Coefficient
 .data.Current_Calibration_Offset
                0x0000000020000010        0x4 ./Src/main.o
                0x0000000020000010                Current_Calibration_Offset
 .data.Nextion_Current_IL300_Coefficient
                0x0000000020000014        0x4 ./Src/main.o
                0x0000000020000014                Nextion_Current_IL300_Coefficient
 .data.Nextion_Voltage_IL300_Coefficient
                0x0000000020000018        0x4 ./Src/main.o
                0x0000000020000018                Nextion_Voltage_IL300_Coefficient
 .data.SP_Step  0x000000002000001c        0x4 ./Src/main.o
                0x000000002000001c                SP_Step
 .data.SP_Step_v
                0x0000000020000020        0x4 ./Src/main.o
                0x0000000020000020                SP_Step_v
 .data.Setpoint_Limit_Coefficient_C
                0x0000000020000024        0x4 ./Src/main.o
                0x0000000020000024                Setpoint_Limit_Coefficient_C
 .data.Setpoint_Limit_Coefficient_V
                0x0000000020000028        0x4 ./Src/main.o
                0x0000000020000028                Setpoint_Limit_Coefficient_V
 .data.Voltage_Calibration_Coefficient
                0x000000002000002c        0x4 ./Src/main.o
                0x000000002000002c                Voltage_Calibration_Coefficient
 .data.Voltage_Calibration_Offset
                0x0000000020000030        0x4 ./Src/main.o
                0x0000000020000030                Voltage_Calibration_Offset
 .data.sent_data
                0x0000000020000034       0x10 ./Src/main.o
                0x0000000020000034                sent_data
 .data.state    0x0000000020000044        0x1 ./Src/main.o
                0x0000000020000044                state
 *fill*         0x0000000020000045        0x3 
 .data.SystemCoreClock
                0x0000000020000048        0x4 ./Src/system_stm32f3xx.o
                0x0000000020000048                SystemCoreClock
 *(.RamFunc)
 *(.RamFunc*)
                0x000000002000004c                . = ALIGN (0x4)
                0x000000002000004c                _edata = .
                0x0000000008003e78                _siccmram = LOADADDR (.ccmram)

.igot.plt       0x000000002000004c        0x0 load address 0x0000000008003e78
 .igot.plt      0x000000002000004c        0x0 c:/st/stm32cubeide_1.8.0/stm32cubeide/plugins/com.st.stm32cube.ide.mcu.externaltools.gnu-tools-for-stm32.9-2020-q2-update.win32_2.0.0.202105311346/tools/bin/../lib/gcc/arm-none-eabi/9.3.1/thumb/v7e-m+fp/hard/crtbegin.o

.ccmram         0x0000000010000000        0x0 load address 0x0000000008003e78
                0x0000000010000000                . = ALIGN (0x4)
                0x0000000010000000                _sccmram = .
 *(.ccmram)
 *(.ccmram*)
                0x0000000010000000                . = ALIGN (0x4)
                0x0000000010000000                _eccmram = .
                0x0000000010000000                . = ALIGN (0x4)

.bss            0x000000002000004c      0x2b4
                0x000000002000004c                _sbss = .
                0x000000002000004c                __bss_start__ = _sbss
 *(.bss)
 .bss           0x000000002000004c       0x1c c:/st/stm32cubeide_1.8.0/stm32cubeide/plugins/com.st.stm32cube.ide.mcu.externaltools.gnu-tools-for-stm32.9-2020-q2-update.win32_2.0.0.202105311346/tools/bin/../lib/gcc/arm-none-eabi/9.3.1/thumb/v7e-m+fp/hard/crtbegin.o
 *(.bss*)
 .bss.CC_Level_Calibration_Offset
                0x0000000020000068        0x4 ./Src/main.o
                0x0000000020000068                CC_Level_Calibration_Offset
 .bss.Cnt_AC_OK
                0x000000002000006c        0x4 ./Src/main.o
                0x000000002000006c                Cnt_AC_OK
 .bss.Cnt_FB_OTP
                0x0000000020000070        0x4 ./Src/main.o
                0x0000000020000070                Cnt_FB_OTP
 .bss.Cnt_Fan   0x0000000020000074        0x4 ./Src/main.o
                0x0000000020000074                Cnt_Fan
 .bss.Cnt_Hiccup
                0x0000000020000078        0x4 ./Src/main.o
                0x0000000020000078                Cnt_Hiccup
 .bss.HMI_Current_Setpoint
                0x000000002000007c        0x4 ./Src/main.o
                0x000000002000007c                HMI_Current_Setpoint
 .bss.HMI_Voltage_Setpoint
                0x0000000020000080        0x4 ./Src/main.o
                0x0000000020000080                HMI_Voltage_Setpoint
 .bss.Pout      0x0000000020000084        0x4 ./Src/main.o
                0x0000000020000084                Pout
 .bss.Setpoint_Limit_Offset_C1
                0x0000000020000088        0x4 ./Src/main.o
                0x0000000020000088                Setpoint_Limit_Offset_C1
 .bss.Setpoint_Limit_Offset_V1
                0x000000002000008c        0x4 ./Src/main.o
                0x000000002000008c                Setpoint_Limit_Offset_V1
 .bss.falg_Fan  0x0000000020000090        0x4 ./Src/main.o
                0x0000000020000090                falg_Fan
 .bss.flag_AC_OK
                0x0000000020000094        0x4 ./Src/main.o
                0x0000000020000094                flag_AC_OK
 .bss.flag_FB_OTP
                0x0000000020000098        0x4 ./Src/main.o
                0x0000000020000098                flag_FB_OTP
 .bss.flag_Hiccup
                0x000000002000009c        0x4 ./Src/main.o
                0x000000002000009c                flag_Hiccup
 .bss.flag_PFC_OK
                0x00000000200000a0        0x4 ./Src/main.o
                0x00000000200000a0                flag_PFC_OK
 .bss.flag_PFC_OTP
                0x00000000200000a4        0x4 ./Src/main.o
                0x00000000200000a4                flag_PFC_OTP
 *(COMMON)
 COMMON         0x00000000200000a8        0x4 ./Drivers/STM32F3xx_HAL_Driver/Src/stm32f3xx_hal.o
                0x00000000200000a8                uwTick
 COMMON         0x00000000200000ac      0x250 ./Src/main.o
                0x00000000200000ac                jj
                0x00000000200000b0                Iout_NotCalibrated
                0x00000000200000b4                Read_Voltage
                0x00000000200000bc                hdac2
                0x00000000200000d0                CV_Level
                0x00000000200000d4                AC_OK
                0x00000000200000d8                Nextion_Setpoint
                0x00000000200000dc                Quanch_Time
                0x00000000200000e0                ADC_Buffer
                0x00000000200000f4                hdac1
                0x0000000020000108                rec_D
                0x000000002000010c                Moving_Average_Buffer_Voltage
                0x0000000020000110                Setpoint_v
                0x0000000020000114                Iout
                0x0000000020000118                Avg_Cnt1
                0x000000002000011c                Averaged_Power
                0x0000000020000120                hcrc
                0x0000000020000144                Setpoint
                0x0000000020000148                Power_Buffer
                0x000000002000014c                Pout_P
                0x0000000020000150                buffer_usart
                0x0000000020000168                flag
                0x000000002000016c                Read_Current
                0x0000000020000171                PFC_OTP
                0x0000000020000174                Moving_Average_Power
                0x0000000020000178                Pout_PID
                0x000000002000017c                ADC0_Buffer_Sum
                0x0000000020000180                Setpoint_Limit_Current
                0x0000000020000184                PFC_OK
                0x0000000020000188                My_var
                0x000000002000018c                hadc1
                0x00000000200001dc                Moving_Average_Buffer_Current
                0x00000000200001e0                Control_Mode
                0x00000000200001e1                Enable_Sputter
                0x00000000200001e4                Power_Setpoint
                0x00000000200001e8                Avg_Cnt2
                0x00000000200001e9                Enable_PFC
                0x00000000200001ec                Vout
                0x00000000200001f0                hdma_adc1
                0x0000000020000234                CC_Level
                0x0000000020000238                Averaged_ADC1_Buffer
                0x000000002000023c                Hiccup
                0x000000002000023d                ii
                0x000000002000023e                TSW_PFC_Fan
                0x0000000020000240                ADC_Calibration_Factor
                0x0000000020000244                Setpoint_Limit_Voltage
                0x0000000020000248                Pout_Error
                0x000000002000024c                FB_OTP
                0x0000000020000250                Output_Power
                0x0000000020000254                ADC1_Buffer_Sum
                0x0000000020000258                kk
                0x0000000020000259                Quanch_Time_Flage
                0x000000002000025c                huart2
                0x00000000200002e0                Pout_I
                0x00000000200002e4                Avg_Cnt3
                0x00000000200002e8                Pout_Total_Error
                0x00000000200002ec                Vout_NotCalibrated
                0x00000000200002f0                Arc_Level
                0x00000000200002f4                CC_Level_DAC
                0x00000000200002f8                Averaged_ADC0_Buffer
 COMMON         0x00000000200002fc        0x4 ./Src/stm32f3xx_it.o
                0x00000000200002fc                cn3
                0x00000000200002fd                cn2
                0x00000000200002fe                rcv_flg
                0x00000000200002ff                index_usart
                0x0000000020000300                . = ALIGN (0x4)
                0x0000000020000300                _ebss = .
                0x0000000020000300                __bss_end__ = _ebss

._user_heap_stack
                0x0000000020000300      0x600
                0x0000000020000300                . = ALIGN (0x8)
                [!provide]                        PROVIDE (end = .)
                0x0000000020000300                PROVIDE (_end = .)
                0x0000000020000500                . = (. + _Min_Heap_Size)
 *fill*         0x0000000020000300      0x200 
                0x0000000020000900                . = (. + _Min_Stack_Size)
 *fill*         0x0000000020000500      0x400 
                0x0000000020000900                . = ALIGN (0x8)

/DISCARD/
 libc.a(*)
 libm.a(*)
 libgcc.a(*)

.ARM.attributes
                0x0000000000000000       0x30
 *(.ARM.attributes)
 .ARM.attributes
                0x0000000000000000       0x1e c:/st/stm32cubeide_1.8.0/stm32cubeide/plugins/com.st.stm32cube.ide.mcu.externaltools.gnu-tools-for-stm32.9-2020-q2-update.win32_2.0.0.202105311346/tools/bin/../lib/gcc/arm-none-eabi/9.3.1/thumb/v7e-m+fp/hard/crti.o
 .ARM.attributes
                0x000000000000001e       0x34 c:/st/stm32cubeide_1.8.0/stm32cubeide/plugins/com.st.stm32cube.ide.mcu.externaltools.gnu-tools-for-stm32.9-2020-q2-update.win32_2.0.0.202105311346/tools/bin/../lib/gcc/arm-none-eabi/9.3.1/thumb/v7e-m+fp/hard/crtbegin.o
 .ARM.attributes
                0x0000000000000052       0x30 ./Drivers/STM32F3xx_HAL_Driver/Src/stm32f3xx_hal.o
 .ARM.attributes
                0x0000000000000082       0x30 ./Drivers/STM32F3xx_HAL_Driver/Src/stm32f3xx_hal_adc.o
 .ARM.attributes
                0x00000000000000b2       0x30 ./Drivers/STM32F3xx_HAL_Driver/Src/stm32f3xx_hal_adc_ex.o
 .ARM.attributes
                0x00000000000000e2       0x30 ./Drivers/STM32F3xx_HAL_Driver/Src/stm32f3xx_hal_cortex.o
 .ARM.attributes
                0x0000000000000112       0x30 ./Drivers/STM32F3xx_HAL_Driver/Src/stm32f3xx_hal_crc.o
 .ARM.attributes
                0x0000000000000142       0x30 ./Drivers/STM32F3xx_HAL_Driver/Src/stm32f3xx_hal_crc_ex.o
 .ARM.attributes
                0x0000000000000172       0x30 ./Drivers/STM32F3xx_HAL_Driver/Src/stm32f3xx_hal_dac.o
 .ARM.attributes
                0x00000000000001a2       0x30 ./Drivers/STM32F3xx_HAL_Driver/Src/stm32f3xx_hal_dac_ex.o
 .ARM.attributes
                0x00000000000001d2       0x30 ./Drivers/STM32F3xx_HAL_Driver/Src/stm32f3xx_hal_dma.o
 .ARM.attributes
                0x0000000000000202       0x30 ./Drivers/STM32F3xx_HAL_Driver/Src/stm32f3xx_hal_gpio.o
 .ARM.attributes
                0x0000000000000232       0x30 ./Drivers/STM32F3xx_HAL_Driver/Src/stm32f3xx_hal_rcc.o
 .ARM.attributes
                0x0000000000000262       0x30 ./Drivers/STM32F3xx_HAL_Driver/Src/stm32f3xx_hal_rcc_ex.o
 .ARM.attributes
                0x0000000000000292       0x30 ./Drivers/STM32F3xx_HAL_Driver/Src/stm32f3xx_hal_uart.o
 .ARM.attributes
                0x00000000000002c2       0x30 ./Drivers/STM32F3xx_HAL_Driver/Src/stm32f3xx_hal_uart_ex.o
 .ARM.attributes
                0x00000000000002f2       0x30 ./Src/main.o
 .ARM.attributes
                0x0000000000000322       0x30 ./Src/stm32f3xx_hal_msp.o
 .ARM.attributes
                0x0000000000000352       0x30 ./Src/stm32f3xx_it.o
 .ARM.attributes
                0x0000000000000382       0x30 ./Src/system_stm32f3xx.o
 .ARM.attributes
                0x00000000000003b2       0x21 ./Startup/startup_stm32f334r8tx.o
 .ARM.attributes
                0x00000000000003d3       0x34 c:/st/stm32cubeide_1.8.0/stm32cubeide/plugins/com.st.stm32cube.ide.mcu.externaltools.gnu-tools-for-stm32.9-2020-q2-update.win32_2.0.0.202105311346/tools/bin/../lib/gcc/arm-none-eabi/9.3.1/../../../../arm-none-eabi/lib/thumb/v7e-m+fp/hard\libc_nano.a(lib_a-init.o)
 .ARM.attributes
                0x0000000000000407       0x1e c:/st/stm32cubeide_1.8.0/stm32cubeide/plugins/com.st.stm32cube.ide.mcu.externaltools.gnu-tools-for-stm32.9-2020-q2-update.win32_2.0.0.202105311346/tools/bin/../lib/gcc/arm-none-eabi/9.3.1/thumb/v7e-m+fp/hard\libgcc.a(_arm_addsubdf3.o)
 .ARM.attributes
                0x0000000000000425       0x1e c:/st/stm32cubeide_1.8.0/stm32cubeide/plugins/com.st.stm32cube.ide.mcu.externaltools.gnu-tools-for-stm32.9-2020-q2-update.win32_2.0.0.202105311346/tools/bin/../lib/gcc/arm-none-eabi/9.3.1/thumb/v7e-m+fp/hard\libgcc.a(_arm_truncdfsf2.o)
 .ARM.attributes
                0x0000000000000443       0x1e c:/st/stm32cubeide_1.8.0/stm32cubeide/plugins/com.st.stm32cube.ide.mcu.externaltools.gnu-tools-for-stm32.9-2020-q2-update.win32_2.0.0.202105311346/tools/bin/../lib/gcc/arm-none-eabi/9.3.1/thumb/v7e-m+fp/hard/crtn.o
OUTPUT(tst.elf elf32-littlearm)
LOAD linker stubs
LOAD c:/st/stm32cubeide_1.8.0/stm32cubeide/plugins/com.st.stm32cube.ide.mcu.externaltools.gnu-tools-for-stm32.9-2020-q2-update.win32_2.0.0.202105311346/tools/bin/../lib/gcc/arm-none-eabi/9.3.1/../../../../arm-none-eabi/lib/thumb/v7e-m+fp/hard\libc.a
LOAD c:/st/stm32cubeide_1.8.0/stm32cubeide/plugins/com.st.stm32cube.ide.mcu.externaltools.gnu-tools-for-stm32.9-2020-q2-update.win32_2.0.0.202105311346/tools/bin/../lib/gcc/arm-none-eabi/9.3.1/../../../../arm-none-eabi/lib/thumb/v7e-m+fp/hard\libm.a
LOAD c:/st/stm32cubeide_1.8.0/stm32cubeide/plugins/com.st.stm32cube.ide.mcu.externaltools.gnu-tools-for-stm32.9-2020-q2-update.win32_2.0.0.202105311346/tools/bin/../lib/gcc/arm-none-eabi/9.3.1/thumb/v7e-m+fp/hard\libgcc.a

.debug_info     0x0000000000000000    0x15c82
 .debug_info    0x0000000000000000      0x8dc ./Drivers/STM32F3xx_HAL_Driver/Src/stm32f3xx_hal.o
 .debug_info    0x00000000000008dc      0xc37 ./Drivers/STM32F3xx_HAL_Driver/Src/stm32f3xx_hal_adc.o
 .debug_info    0x0000000000001513     0x1e51 ./Drivers/STM32F3xx_HAL_Driver/Src/stm32f3xx_hal_adc_ex.o
 .debug_info    0x0000000000003364      0xe70 ./Drivers/STM32F3xx_HAL_Driver/Src/stm32f3xx_hal_cortex.o
 .debug_info    0x00000000000041d4      0x754 ./Drivers/STM32F3xx_HAL_Driver/Src/stm32f3xx_hal_crc.o
 .debug_info    0x0000000000004928      0x48d ./Drivers/STM32F3xx_HAL_Driver/Src/stm32f3xx_hal_crc_ex.o
 .debug_info    0x0000000000004db5      0x9bb ./Drivers/STM32F3xx_HAL_Driver/Src/stm32f3xx_hal_dac.o
 .debug_info    0x0000000000005770      0xca6 ./Drivers/STM32F3xx_HAL_Driver/Src/stm32f3xx_hal_dac_ex.o
 .debug_info    0x0000000000006416      0x9a2 ./Drivers/STM32F3xx_HAL_Driver/Src/stm32f3xx_hal_dma.o
 .debug_info    0x0000000000006db8      0x873 ./Drivers/STM32F3xx_HAL_Driver/Src/stm32f3xx_hal_gpio.o
 .debug_info    0x000000000000762b     0x17c5 ./Drivers/STM32F3xx_HAL_Driver/Src/stm32f3xx_hal_rcc.o
 .debug_info    0x0000000000008df0      0x78e ./Drivers/STM32F3xx_HAL_Driver/Src/stm32f3xx_hal_rcc_ex.o
 .debug_info    0x000000000000957e     0x612f ./Drivers/STM32F3xx_HAL_Driver/Src/stm32f3xx_hal_uart.o
 .debug_info    0x000000000000f6ad      0xf57 ./Drivers/STM32F3xx_HAL_Driver/Src/stm32f3xx_hal_uart_ex.o
 .debug_info    0x0000000000010604     0x320d ./Src/main.o
 .debug_info    0x0000000000013811     0x15b7 ./Src/stm32f3xx_hal_msp.o
 .debug_info    0x0000000000014dc8      0x9ea ./Src/stm32f3xx_it.o
 .debug_info    0x00000000000157b2      0x4ae ./Src/system_stm32f3xx.o
 .debug_info    0x0000000000015c60       0x22 ./Startup/startup_stm32f334r8tx.o

.debug_abbrev   0x0000000000000000     0x3037
 .debug_abbrev  0x0000000000000000      0x27e ./Drivers/STM32F3xx_HAL_Driver/Src/stm32f3xx_hal.o
 .debug_abbrev  0x000000000000027e      0x21d ./Drivers/STM32F3xx_HAL_Driver/Src/stm32f3xx_hal_adc.o
 .debug_abbrev  0x000000000000049b      0x377 ./Drivers/STM32F3xx_HAL_Driver/Src/stm32f3xx_hal_adc_ex.o
 .debug_abbrev  0x0000000000000812      0x360 ./Drivers/STM32F3xx_HAL_Driver/Src/stm32f3xx_hal_cortex.o
 .debug_abbrev  0x0000000000000b72      0x2b0 ./Drivers/STM32F3xx_HAL_Driver/Src/stm32f3xx_hal_crc.o
 .debug_abbrev  0x0000000000000e22      0x18e ./Drivers/STM32F3xx_HAL_Driver/Src/stm32f3xx_hal_crc_ex.o
 .debug_abbrev  0x0000000000000fb0      0x222 ./Drivers/STM32F3xx_HAL_Driver/Src/stm32f3xx_hal_dac.o
 .debug_abbrev  0x00000000000011d2      0x2ee ./Drivers/STM32F3xx_HAL_Driver/Src/stm32f3xx_hal_dac_ex.o
 .debug_abbrev  0x00000000000014c0      0x283 ./Drivers/STM32F3xx_HAL_Driver/Src/stm32f3xx_hal_dma.o
 .debug_abbrev  0x0000000000001743      0x214 ./Drivers/STM32F3xx_HAL_Driver/Src/stm32f3xx_hal_gpio.o
 .debug_abbrev  0x0000000000001957      0x360 ./Drivers/STM32F3xx_HAL_Driver/Src/stm32f3xx_hal_rcc.o
 .debug_abbrev  0x0000000000001cb7      0x2b5 ./Drivers/STM32F3xx_HAL_Driver/Src/stm32f3xx_hal_rcc_ex.o
 .debug_abbrev  0x0000000000001f6c      0x466 ./Drivers/STM32F3xx_HAL_Driver/Src/stm32f3xx_hal_uart.o
 .debug_abbrev  0x00000000000023d2      0x31b ./Drivers/STM32F3xx_HAL_Driver/Src/stm32f3xx_hal_uart_ex.o
 .debug_abbrev  0x00000000000026ed      0x3ab ./Src/main.o
 .debug_abbrev  0x0000000000002a98      0x281 ./Src/stm32f3xx_hal_msp.o
 .debug_abbrev  0x0000000000002d19      0x1c1 ./Src/stm32f3xx_it.o
 .debug_abbrev  0x0000000000002eda      0x14b ./Src/system_stm32f3xx.o
 .debug_abbrev  0x0000000000003025       0x12 ./Startup/startup_stm32f334r8tx.o

.debug_loc      0x0000000000000000     0xcba5
 .debug_loc     0x0000000000000000      0x168 ./Drivers/STM32F3xx_HAL_Driver/Src/stm32f3xx_hal.o
 .debug_loc     0x0000000000000168      0x128 ./Drivers/STM32F3xx_HAL_Driver/Src/stm32f3xx_hal_adc.o
 .debug_loc     0x0000000000000290     0x212c ./Drivers/STM32F3xx_HAL_Driver/Src/stm32f3xx_hal_adc_ex.o
 .debug_loc     0x00000000000023bc      0x782 ./Drivers/STM32F3xx_HAL_Driver/Src/stm32f3xx_hal_cortex.o
 .debug_loc     0x0000000000002b3e      0x60f ./Drivers/STM32F3xx_HAL_Driver/Src/stm32f3xx_hal_crc.o
 .debug_loc     0x000000000000314d      0x1b7 ./Drivers/STM32F3xx_HAL_Driver/Src/stm32f3xx_hal_crc_ex.o
 .debug_loc     0x0000000000003304      0x284 ./Drivers/STM32F3xx_HAL_Driver/Src/stm32f3xx_hal_dac.o
 .debug_loc     0x0000000000003588      0x999 ./Drivers/STM32F3xx_HAL_Driver/Src/stm32f3xx_hal_dac_ex.o
 .debug_loc     0x0000000000003f21      0x863 ./Drivers/STM32F3xx_HAL_Driver/Src/stm32f3xx_hal_dma.o
 .debug_loc     0x0000000000004784      0x3b4 ./Drivers/STM32F3xx_HAL_Driver/Src/stm32f3xx_hal_gpio.o
 .debug_loc     0x0000000000004b38      0xee9 ./Drivers/STM32F3xx_HAL_Driver/Src/stm32f3xx_hal_rcc.o
 .debug_loc     0x0000000000005a21      0x600 ./Drivers/STM32F3xx_HAL_Driver/Src/stm32f3xx_hal_rcc_ex.o
 .debug_loc     0x0000000000006021     0x5e3e ./Drivers/STM32F3xx_HAL_Driver/Src/stm32f3xx_hal_uart.o
 .debug_loc     0x000000000000be5f      0xa74 ./Drivers/STM32F3xx_HAL_Driver/Src/stm32f3xx_hal_uart_ex.o
 .debug_loc     0x000000000000c8d3       0x85 ./Src/main.o
 .debug_loc     0x000000000000c958      0x122 ./Src/stm32f3xx_hal_msp.o
 .debug_loc     0x000000000000ca7a      0x12b ./Src/system_stm32f3xx.o

.debug_aranges  0x0000000000000000      0x980
 .debug_aranges
                0x0000000000000000       0xd8 ./Drivers/STM32F3xx_HAL_Driver/Src/stm32f3xx_hal.o
 .debug_aranges
                0x00000000000000d8       0x60 ./Drivers/STM32F3xx_HAL_Driver/Src/stm32f3xx_hal_adc.o
 .debug_aranges
                0x0000000000000138      0x150 ./Drivers/STM32F3xx_HAL_Driver/Src/stm32f3xx_hal_adc_ex.o
 .debug_aranges
                0x0000000000000288       0x90 ./Drivers/STM32F3xx_HAL_Driver/Src/stm32f3xx_hal_cortex.o
 .debug_aranges
                0x0000000000000318       0x50 ./Drivers/STM32F3xx_HAL_Driver/Src/stm32f3xx_hal_crc.o
 .debug_aranges
                0x0000000000000368       0x30 ./Drivers/STM32F3xx_HAL_Driver/Src/stm32f3xx_hal_crc_ex.o
 .debug_aranges
                0x0000000000000398       0x78 ./Drivers/STM32F3xx_HAL_Driver/Src/stm32f3xx_hal_dac.o
 .debug_aranges
                0x0000000000000410       0xa0 ./Drivers/STM32F3xx_HAL_Driver/Src/stm32f3xx_hal_dac_ex.o
 .debug_aranges
                0x00000000000004b0       0x78 ./Drivers/STM32F3xx_HAL_Driver/Src/stm32f3xx_hal_dma.o
 .debug_aranges
                0x0000000000000528       0x58 ./Drivers/STM32F3xx_HAL_Driver/Src/stm32f3xx_hal_gpio.o
 .debug_aranges
                0x0000000000000580       0x88 ./Drivers/STM32F3xx_HAL_Driver/Src/stm32f3xx_hal_rcc.o
 .debug_aranges
                0x0000000000000608       0x30 ./Drivers/STM32F3xx_HAL_Driver/Src/stm32f3xx_hal_rcc_ex.o
 .debug_aranges
                0x0000000000000638      0x1d0 ./Drivers/STM32F3xx_HAL_Driver/Src/stm32f3xx_hal_uart.o
 .debug_aranges
                0x0000000000000808       0x60 ./Drivers/STM32F3xx_HAL_Driver/Src/stm32f3xx_hal_uart_ex.o
 .debug_aranges
                0x0000000000000868       0x38 ./Src/main.o
 .debug_aranges
                0x00000000000008a0       0x60 ./Src/stm32f3xx_hal_msp.o
 .debug_aranges
                0x0000000000000900       0x30 ./Src/stm32f3xx_it.o
 .debug_aranges
                0x0000000000000930       0x28 ./Src/system_stm32f3xx.o
 .debug_aranges
                0x0000000000000958       0x28 ./Startup/startup_stm32f334r8tx.o

.debug_ranges   0x0000000000000000     0x17c8
 .debug_ranges  0x0000000000000000       0xc8 ./Drivers/STM32F3xx_HAL_Driver/Src/stm32f3xx_hal.o
 .debug_ranges  0x00000000000000c8       0x50 ./Drivers/STM32F3xx_HAL_Driver/Src/stm32f3xx_hal_adc.o
 .debug_ranges  0x0000000000000118      0x140 ./Drivers/STM32F3xx_HAL_Driver/Src/stm32f3xx_hal_adc_ex.o
 .debug_ranges  0x0000000000000258      0x1a8 ./Drivers/STM32F3xx_HAL_Driver/Src/stm32f3xx_hal_cortex.o
 .debug_ranges  0x0000000000000400       0x70 ./Drivers/STM32F3xx_HAL_Driver/Src/stm32f3xx_hal_crc.o
 .debug_ranges  0x0000000000000470       0x20 ./Drivers/STM32F3xx_HAL_Driver/Src/stm32f3xx_hal_crc_ex.o
 .debug_ranges  0x0000000000000490       0x68 ./Drivers/STM32F3xx_HAL_Driver/Src/stm32f3xx_hal_dac.o
 .debug_ranges  0x00000000000004f8       0x90 ./Drivers/STM32F3xx_HAL_Driver/Src/stm32f3xx_hal_dac_ex.o
 .debug_ranges  0x0000000000000588      0x128 ./Drivers/STM32F3xx_HAL_Driver/Src/stm32f3xx_hal_dma.o
 .debug_ranges  0x00000000000006b0       0x60 ./Drivers/STM32F3xx_HAL_Driver/Src/stm32f3xx_hal_gpio.o
 .debug_ranges  0x0000000000000710      0x408 ./Drivers/STM32F3xx_HAL_Driver/Src/stm32f3xx_hal_rcc.o
 .debug_ranges  0x0000000000000b18       0xc8 ./Drivers/STM32F3xx_HAL_Driver/Src/stm32f3xx_hal_rcc_ex.o
 .debug_ranges  0x0000000000000be0      0x678 ./Drivers/STM32F3xx_HAL_Driver/Src/stm32f3xx_hal_uart.o
 .debug_ranges  0x0000000000001258       0x68 ./Drivers/STM32F3xx_HAL_Driver/Src/stm32f3xx_hal_uart_ex.o
 .debug_ranges  0x00000000000012c0      0x380 ./Src/main.o
 .debug_ranges  0x0000000000001640      0x130 ./Src/stm32f3xx_hal_msp.o
 .debug_ranges  0x0000000000001770       0x20 ./Src/stm32f3xx_it.o
 .debug_ranges  0x0000000000001790       0x18 ./Src/system_stm32f3xx.o
 .debug_ranges  0x00000000000017a8       0x20 ./Startup/startup_stm32f334r8tx.o

.debug_macro    0x0000000000000000    0x210b0
 .debug_macro   0x0000000000000000      0x217 ./Drivers/STM32F3xx_HAL_Driver/Src/stm32f3xx_hal.o
 .debug_macro   0x0000000000000217      0xab4 ./Drivers/STM32F3xx_HAL_Driver/Src/stm32f3xx_hal.o
 .debug_macro   0x0000000000000ccb      0x163 ./Drivers/STM32F3xx_HAL_Driver/Src/stm32f3xx_hal.o
 .debug_macro   0x0000000000000e2e       0x2e ./Drivers/STM32F3xx_HAL_Driver/Src/stm32f3xx_hal.o
 .debug_macro   0x0000000000000e5c       0x28 ./Drivers/STM32F3xx_HAL_Driver/Src/stm32f3xx_hal.o
 .debug_macro   0x0000000000000e84       0x22 ./Drivers/STM32F3xx_HAL_Driver/Src/stm32f3xx_hal.o
 .debug_macro   0x0000000000000ea6       0x8e ./Drivers/STM32F3xx_HAL_Driver/Src/stm32f3xx_hal.o
 .debug_macro   0x0000000000000f34       0x51 ./Drivers/STM32F3xx_HAL_Driver/Src/stm32f3xx_hal.o
 .debug_macro   0x0000000000000f85      0x103 ./Drivers/STM32F3xx_HAL_Driver/Src/stm32f3xx_hal.o
 .debug_macro   0x0000000000001088       0x6a ./Drivers/STM32F3xx_HAL_Driver/Src/stm32f3xx_hal.o
 .debug_macro   0x00000000000010f2      0x1df ./Drivers/STM32F3xx_HAL_Driver/Src/stm32f3xx_hal.o
 .debug_macro   0x00000000000012d1       0x1c ./Drivers/STM32F3xx_HAL_Driver/Src/stm32f3xx_hal.o
 .debug_macro   0x00000000000012ed       0x22 ./Drivers/STM32F3xx_HAL_Driver/Src/stm32f3xx_hal.o
 .debug_macro   0x000000000000130f       0xdf ./Drivers/STM32F3xx_HAL_Driver/Src/stm32f3xx_hal.o
 .debug_macro   0x00000000000013ee      0xf07 ./Drivers/STM32F3xx_HAL_Driver/Src/stm32f3xx_hal.o
 .debug_macro   0x00000000000022f5    0x1585b ./Drivers/STM32F3xx_HAL_Driver/Src/stm32f3xx_hal.o
 .debug_macro   0x0000000000017b50       0x6d ./Drivers/STM32F3xx_HAL_Driver/Src/stm32f3xx_hal.o
 .debug_macro   0x0000000000017bbd     0x3540 ./Drivers/STM32F3xx_HAL_Driver/Src/stm32f3xx_hal.o
 .debug_macro   0x000000000001b0fd      0x174 ./Drivers/STM32F3xx_HAL_Driver/Src/stm32f3xx_hal.o
 .debug_macro   0x000000000001b271       0x55 ./Drivers/STM32F3xx_HAL_Driver/Src/stm32f3xx_hal.o
 .debug_macro   0x000000000001b2c6      0x8f9 ./Drivers/STM32F3xx_HAL_Driver/Src/stm32f3xx_hal.o
 .debug_macro   0x000000000001bbbf      0x358 ./Drivers/STM32F3xx_HAL_Driver/Src/stm32f3xx_hal.o
 .debug_macro   0x000000000001bf17      0x1b6 ./Drivers/STM32F3xx_HAL_Driver/Src/stm32f3xx_hal.o
 .debug_macro   0x000000000001c0cd      0x130 ./Drivers/STM32F3xx_HAL_Driver/Src/stm32f3xx_hal.o
 .debug_macro   0x000000000001c1fd      0x1d5 ./Drivers/STM32F3xx_HAL_Driver/Src/stm32f3xx_hal.o
 .debug_macro   0x000000000001c3d2      0x1bc ./Drivers/STM32F3xx_HAL_Driver/Src/stm32f3xx_hal.o
 .debug_macro   0x000000000001c58e       0x34 ./Drivers/STM32F3xx_HAL_Driver/Src/stm32f3xx_hal.o
 .debug_macro   0x000000000001c5c2       0x3c ./Drivers/STM32F3xx_HAL_Driver/Src/stm32f3xx_hal.o
 .debug_macro   0x000000000001c5fe       0x57 ./Drivers/STM32F3xx_HAL_Driver/Src/stm32f3xx_hal.o
 .debug_macro   0x000000000001c655      0x845 ./Drivers/STM32F3xx_HAL_Driver/Src/stm32f3xx_hal.o
 .debug_macro   0x000000000001ce9a       0x77 ./Drivers/STM32F3xx_HAL_Driver/Src/stm32f3xx_hal.o
 .debug_macro   0x000000000001cf11       0xc7 ./Drivers/STM32F3xx_HAL_Driver/Src/stm32f3xx_hal.o
 .debug_macro   0x000000000001cfd8       0x4c ./Drivers/STM32F3xx_HAL_Driver/Src/stm32f3xx_hal.o
 .debug_macro   0x000000000001d024      0x18b ./Drivers/STM32F3xx_HAL_Driver/Src/stm32f3xx_hal.o
 .debug_macro   0x000000000001d1af       0x73 ./Drivers/STM32F3xx_HAL_Driver/Src/stm32f3xx_hal.o
 .debug_macro   0x000000000001d222       0xc5 ./Drivers/STM32F3xx_HAL_Driver/Src/stm32f3xx_hal.o
 .debug_macro   0x000000000001d2e7      0x19f ./Drivers/STM32F3xx_HAL_Driver/Src/stm32f3xx_hal.o
 .debug_macro   0x000000000001d486      0x22c ./Drivers/STM32F3xx_HAL_Driver/Src/stm32f3xx_hal.o
 .debug_macro   0x000000000001d6b2       0x5b ./Drivers/STM32F3xx_HAL_Driver/Src/stm32f3xx_hal.o
 .debug_macro   0x000000000001d70d       0xa5 ./Drivers/STM32F3xx_HAL_Driver/Src/stm32f3xx_hal.o
 .debug_macro   0x000000000001d7b2       0x81 ./Drivers/STM32F3xx_HAL_Driver/Src/stm32f3xx_hal.o
 .debug_macro   0x000000000001d833       0xd3 ./Drivers/STM32F3xx_HAL_Driver/Src/stm32f3xx_hal.o
 .debug_macro   0x000000000001d906      0x5a5 ./Drivers/STM32F3xx_HAL_Driver/Src/stm32f3xx_hal.o
 .debug_macro   0x000000000001deab       0x44 ./Drivers/STM32F3xx_HAL_Driver/Src/stm32f3xx_hal.o
 .debug_macro   0x000000000001deef      0x2a1 ./Drivers/STM32F3xx_HAL_Driver/Src/stm32f3xx_hal.o
 .debug_macro   0x000000000001e190      0x1f4 ./Drivers/STM32F3xx_HAL_Driver/Src/stm32f3xx_hal_adc.o
 .debug_macro   0x000000000001e384      0x21d ./Drivers/STM32F3xx_HAL_Driver/Src/stm32f3xx_hal_adc_ex.o
 .debug_macro   0x000000000001e5a1      0x1f3 ./Drivers/STM32F3xx_HAL_Driver/Src/stm32f3xx_hal_cortex.o
 .debug_macro   0x000000000001e794      0x1f3 ./Drivers/STM32F3xx_HAL_Driver/Src/stm32f3xx_hal_crc.o
 .debug_macro   0x000000000001e987      0x1f3 ./Drivers/STM32F3xx_HAL_Driver/Src/stm32f3xx_hal_crc_ex.o
 .debug_macro   0x000000000001eb7a      0x1f4 ./Drivers/STM32F3xx_HAL_Driver/Src/stm32f3xx_hal_dac.o
 .debug_macro   0x000000000001ed6e      0x1f3 ./Drivers/STM32F3xx_HAL_Driver/Src/stm32f3xx_hal_dac_ex.o
 .debug_macro   0x000000000001ef61      0x1f3 ./Drivers/STM32F3xx_HAL_Driver/Src/stm32f3xx_hal_dma.o
 .debug_macro   0x000000000001f154      0x1fa ./Drivers/STM32F3xx_HAL_Driver/Src/stm32f3xx_hal_gpio.o
 .debug_macro   0x000000000001f34e      0x217 ./Drivers/STM32F3xx_HAL_Driver/Src/stm32f3xx_hal_rcc.o
 .debug_macro   0x000000000001f565      0x1f3 ./Drivers/STM32F3xx_HAL_Driver/Src/stm32f3xx_hal_rcc_ex.o
 .debug_macro   0x000000000001f758      0x210 ./Drivers/STM32F3xx_HAL_Driver/Src/stm32f3xx_hal_uart.o
 .debug_macro   0x000000000001f968      0x1f3 ./Drivers/STM32F3xx_HAL_Driver/Src/stm32f3xx_hal_uart_ex.o
 .debug_macro   0x000000000001fb5b      0x391 ./Src/main.o
 .debug_macro   0x000000000001feec      0x100 ./Src/main.o
 .debug_macro   0x000000000001ffec       0x52 ./Src/main.o
 .debug_macro   0x000000000002003e       0x18 ./Src/main.o
 .debug_macro   0x0000000000020056       0x3c ./Src/main.o
 .debug_macro   0x0000000000020092       0x34 ./Src/main.o
 .debug_macro   0x00000000000200c6       0x16 ./Src/main.o
 .debug_macro   0x00000000000200dc       0x43 ./Src/main.o
 .debug_macro   0x000000000002011f       0x34 ./Src/main.o
 .debug_macro   0x0000000000020153       0x10 ./Src/main.o
 .debug_macro   0x0000000000020163       0x58 ./Src/main.o
 .debug_macro   0x00000000000201bb       0x71 ./Src/main.o
 .debug_macro   0x000000000002022c       0x1c ./Src/main.o
 .debug_macro   0x0000000000020248      0x12a ./Src/main.o
 .debug_macro   0x0000000000020372      0x333 ./Src/main.o
 .debug_macro   0x00000000000206a5       0x10 ./Src/main.o
 .debug_macro   0x00000000000206b5       0x35 ./Src/main.o
 .debug_macro   0x00000000000206ea       0x20 ./Src/main.o
 .debug_macro   0x000000000002070a       0x1c ./Src/main.o
 .debug_macro   0x0000000000020726       0x10 ./Src/main.o
 .debug_macro   0x0000000000020736       0x10 ./Src/main.o
 .debug_macro   0x0000000000020746       0x1c ./Src/main.o
 .debug_macro   0x0000000000020762       0x52 ./Src/main.o
 .debug_macro   0x00000000000207b4       0x22 ./Src/main.o
 .debug_macro   0x00000000000207d6       0x10 ./Src/main.o
 .debug_macro   0x00000000000207e6       0x40 ./Src/main.o
 .debug_macro   0x0000000000020826       0xd5 ./Src/main.o
 .debug_macro   0x00000000000208fb       0x1c ./Src/main.o
 .debug_macro   0x0000000000020917       0x3d ./Src/main.o
 .debug_macro   0x0000000000020954       0x16 ./Src/main.o
 .debug_macro   0x000000000002096a      0x145 ./Src/main.o
 .debug_macro   0x0000000000020aaf      0x202 ./Src/stm32f3xx_hal_msp.o
 .debug_macro   0x0000000000020cb1      0x20c ./Src/stm32f3xx_it.o
 .debug_macro   0x0000000000020ebd      0x1f3 ./Src/system_stm32f3xx.o

.debug_line     0x0000000000000000    0x15b24
 .debug_line    0x0000000000000000      0xa94 ./Drivers/STM32F3xx_HAL_Driver/Src/stm32f3xx_hal.o
 .debug_line    0x0000000000000a94      0x833 ./Drivers/STM32F3xx_HAL_Driver/Src/stm32f3xx_hal_adc.o
 .debug_line    0x00000000000012c7     0x2eba ./Drivers/STM32F3xx_HAL_Driver/Src/stm32f3xx_hal_adc_ex.o
 .debug_line    0x0000000000004181      0xc5c ./Drivers/STM32F3xx_HAL_Driver/Src/stm32f3xx_hal_cortex.o
 .debug_line    0x0000000000004ddd      0xbdc ./Drivers/STM32F3xx_HAL_Driver/Src/stm32f3xx_hal_crc.o
 .debug_line    0x00000000000059b9      0x853 ./Drivers/STM32F3xx_HAL_Driver/Src/stm32f3xx_hal_crc_ex.o
 .debug_line    0x000000000000620c      0x98c ./Drivers/STM32F3xx_HAL_Driver/Src/stm32f3xx_hal_dac.o
 .debug_line    0x0000000000006b98      0xe51 ./Drivers/STM32F3xx_HAL_Driver/Src/stm32f3xx_hal_dac_ex.o
 .debug_line    0x00000000000079e9     0x10ae ./Drivers/STM32F3xx_HAL_Driver/Src/stm32f3xx_hal_dma.o
 .debug_line    0x0000000000008a97      0xc79 ./Drivers/STM32F3xx_HAL_Driver/Src/stm32f3xx_hal_gpio.o
 .debug_line    0x0000000000009710     0x1a38 ./Drivers/STM32F3xx_HAL_Driver/Src/stm32f3xx_hal_rcc.o
 .debug_line    0x000000000000b148      0xcad ./Drivers/STM32F3xx_HAL_Driver/Src/stm32f3xx_hal_rcc_ex.o
 .debug_line    0x000000000000bdf5     0x59a3 ./Drivers/STM32F3xx_HAL_Driver/Src/stm32f3xx_hal_uart.o
 .debug_line    0x0000000000011798      0xf3b ./Drivers/STM32F3xx_HAL_Driver/Src/stm32f3xx_hal_uart_ex.o
 .debug_line    0x00000000000126d3     0x1992 ./Src/main.o
 .debug_line    0x0000000000014065      0xa3a ./Src/stm32f3xx_hal_msp.o
 .debug_line    0x0000000000014a9f      0x834 ./Src/stm32f3xx_it.o
 .debug_line    0x00000000000152d3      0x7ce ./Src/system_stm32f3xx.o
 .debug_line    0x0000000000015aa1       0x83 ./Startup/startup_stm32f334r8tx.o

.debug_str      0x0000000000000000    0xc3f19
 .debug_str     0x0000000000000000    0xbc44f ./Drivers/STM32F3xx_HAL_Driver/Src/stm32f3xx_hal.o
                                      0xbc87b (size before relaxing)
 .debug_str     0x00000000000bc44f      0x604 ./Drivers/STM32F3xx_HAL_Driver/Src/stm32f3xx_hal_adc.o
                                      0xbc79b (size before relaxing)
 .debug_str     0x00000000000bca53      0x72d ./Drivers/STM32F3xx_HAL_Driver/Src/stm32f3xx_hal_adc_ex.o
                                      0xbce9a (size before relaxing)
 .debug_str     0x00000000000bd180      0x293 ./Drivers/STM32F3xx_HAL_Driver/Src/stm32f3xx_hal_cortex.o
                                      0xbc817 (size before relaxing)
 .debug_str     0x00000000000bd413      0x243 ./Drivers/STM32F3xx_HAL_Driver/Src/stm32f3xx_hal_crc.o
                                      0xbc358 (size before relaxing)
 .debug_str     0x00000000000bd656       0xa4 ./Drivers/STM32F3xx_HAL_Driver/Src/stm32f3xx_hal_crc_ex.o
                                      0xbc312 (size before relaxing)
 .debug_str     0x00000000000bd6fa      0x2fd ./Drivers/STM32F3xx_HAL_Driver/Src/stm32f3xx_hal_dac.o
                                      0xbc5b2 (size before relaxing)
 .debug_str     0x00000000000bd9f7      0x1ac ./Drivers/STM32F3xx_HAL_Driver/Src/stm32f3xx_hal_dac_ex.o
                                      0xbc6bb (size before relaxing)
 .debug_str     0x00000000000bdba3      0x229 ./Drivers/STM32F3xx_HAL_Driver/Src/stm32f3xx_hal_dma.o
                                      0xbc4f6 (size before relaxing)
 .debug_str     0x00000000000bddcc      0x209 ./Drivers/STM32F3xx_HAL_Driver/Src/stm32f3xx_hal_gpio.o
                                      0xbc38d (size before relaxing)
 .debug_str     0x00000000000bdfd5      0x400 ./Drivers/STM32F3xx_HAL_Driver/Src/stm32f3xx_hal_rcc.o
                                      0xbc605 (size before relaxing)
 .debug_str     0x00000000000be3d5      0x194 ./Drivers/STM32F3xx_HAL_Driver/Src/stm32f3xx_hal_rcc_ex.o
                                      0xbc340 (size before relaxing)
 .debug_str     0x00000000000be569      0xa96 ./Drivers/STM32F3xx_HAL_Driver/Src/stm32f3xx_hal_uart.o
                                      0xbce97 (size before relaxing)
 .debug_str     0x00000000000befff      0x1a7 ./Drivers/STM32F3xx_HAL_Driver/Src/stm32f3xx_hal_uart_ex.o
                                      0xbc777 (size before relaxing)
 .debug_str     0x00000000000bf1a6     0x4c60 ./Src/main.o
                                      0xc1ecb (size before relaxing)
 .debug_str     0x00000000000c3e06       0x1b ./Src/stm32f3xx_hal_msp.o
                                      0xbd487 (size before relaxing)
 .debug_str     0x00000000000c3e21       0x77 ./Src/stm32f3xx_it.o
                                      0xbcbc2 (size before relaxing)
 .debug_str     0x00000000000c3e98       0x50 ./Src/system_stm32f3xx.o
                                      0xbc16b (size before relaxing)
 .debug_str     0x00000000000c3ee8       0x31 ./Startup/startup_stm32f334r8tx.o
                                         0x7d (size before relaxing)

.comment        0x0000000000000000       0x53
 .comment       0x0000000000000000       0x53 ./Drivers/STM32F3xx_HAL_Driver/Src/stm32f3xx_hal.o
                                         0x54 (size before relaxing)
 .comment       0x0000000000000053       0x54 ./Drivers/STM32F3xx_HAL_Driver/Src/stm32f3xx_hal_adc.o
 .comment       0x0000000000000053       0x54 ./Drivers/STM32F3xx_HAL_Driver/Src/stm32f3xx_hal_adc_ex.o
 .comment       0x0000000000000053       0x54 ./Drivers/STM32F3xx_HAL_Driver/Src/stm32f3xx_hal_cortex.o
 .comment       0x0000000000000053       0x54 ./Drivers/STM32F3xx_HAL_Driver/Src/stm32f3xx_hal_crc.o
 .comment       0x0000000000000053       0x54 ./Drivers/STM32F3xx_HAL_Driver/Src/stm32f3xx_hal_crc_ex.o
 .comment       0x0000000000000053       0x54 ./Drivers/STM32F3xx_HAL_Driver/Src/stm32f3xx_hal_dac.o
 .comment       0x0000000000000053       0x54 ./Drivers/STM32F3xx_HAL_Driver/Src/stm32f3xx_hal_dac_ex.o
 .comment       0x0000000000000053       0x54 ./Drivers/STM32F3xx_HAL_Driver/Src/stm32f3xx_hal_dma.o
 .comment       0x0000000000000053       0x54 ./Drivers/STM32F3xx_HAL_Driver/Src/stm32f3xx_hal_gpio.o
 .comment       0x0000000000000053       0x54 ./Drivers/STM32F3xx_HAL_Driver/Src/stm32f3xx_hal_rcc.o
 .comment       0x0000000000000053       0x54 ./Drivers/STM32F3xx_HAL_Driver/Src/stm32f3xx_hal_rcc_ex.o
 .comment       0x0000000000000053       0x54 ./Drivers/STM32F3xx_HAL_Driver/Src/stm32f3xx_hal_uart.o
 .comment       0x0000000000000053       0x54 ./Drivers/STM32F3xx_HAL_Driver/Src/stm32f3xx_hal_uart_ex.o
 .comment       0x0000000000000053       0x54 ./Src/main.o
 .comment       0x0000000000000053       0x54 ./Src/stm32f3xx_hal_msp.o
 .comment       0x0000000000000053       0x54 ./Src/stm32f3xx_it.o
 .comment       0x0000000000000053       0x54 ./Src/system_stm32f3xx.o

.debug_frame    0x0000000000000000     0x1ddc
 .debug_frame   0x0000000000000000      0x1d4 ./Drivers/STM32F3xx_HAL_Driver/Src/stm32f3xx_hal.o
 .debug_frame   0x00000000000001d4      0x170 ./Drivers/STM32F3xx_HAL_Driver/Src/stm32f3xx_hal_adc.o
 .debug_frame   0x0000000000000344      0x508 ./Drivers/STM32F3xx_HAL_Driver/Src/stm32f3xx_hal_adc_ex.o
 .debug_frame   0x000000000000084c      0x144 ./Drivers/STM32F3xx_HAL_Driver/Src/stm32f3xx_hal_cortex.o
 .debug_frame   0x0000000000000990       0xd8 ./Drivers/STM32F3xx_HAL_Driver/Src/stm32f3xx_hal_crc.o
 .debug_frame   0x0000000000000a68       0x54 ./Drivers/STM32F3xx_HAL_Driver/Src/stm32f3xx_hal_crc_ex.o
 .debug_frame   0x0000000000000abc      0x15c ./Drivers/STM32F3xx_HAL_Driver/Src/stm32f3xx_hal_dac.o
 .debug_frame   0x0000000000000c18      0x1e8 ./Drivers/STM32F3xx_HAL_Driver/Src/stm32f3xx_hal_dac_ex.o
 .debug_frame   0x0000000000000e00      0x178 ./Drivers/STM32F3xx_HAL_Driver/Src/stm32f3xx_hal_dma.o
 .debug_frame   0x0000000000000f78       0xec ./Drivers/STM32F3xx_HAL_Driver/Src/stm32f3xx_hal_gpio.o
 .debug_frame   0x0000000000001064      0x1a0 ./Drivers/STM32F3xx_HAL_Driver/Src/stm32f3xx_hal_rcc.o
 .debug_frame   0x0000000000001204       0xa4 ./Drivers/STM32F3xx_HAL_Driver/Src/stm32f3xx_hal_rcc_ex.o
 .debug_frame   0x00000000000012a8      0x714 ./Drivers/STM32F3xx_HAL_Driver/Src/stm32f3xx_hal_uart.o
 .debug_frame   0x00000000000019bc      0x114 ./Drivers/STM32F3xx_HAL_Driver/Src/stm32f3xx_hal_uart_ex.o
 .debug_frame   0x0000000000001ad0       0x7c ./Src/main.o
 .debug_frame   0x0000000000001b4c      0x118 ./Src/stm32f3xx_hal_msp.o
 .debug_frame   0x0000000000001c64       0x4c ./Src/stm32f3xx_it.o
 .debug_frame   0x0000000000001cb0       0x30 ./Src/system_stm32f3xx.o
 .debug_frame   0x0000000000001ce0       0x2c c:/st/stm32cubeide_1.8.0/stm32cubeide/plugins/com.st.stm32cube.ide.mcu.externaltools.gnu-tools-for-stm32.9-2020-q2-update.win32_2.0.0.202105311346/tools/bin/../lib/gcc/arm-none-eabi/9.3.1/../../../../arm-none-eabi/lib/thumb/v7e-m+fp/hard\libc_nano.a(lib_a-init.o)
 .debug_frame   0x0000000000001d0c       0xac c:/st/stm32cubeide_1.8.0/stm32cubeide/plugins/com.st.stm32cube.ide.mcu.externaltools.gnu-tools-for-stm32.9-2020-q2-update.win32_2.0.0.202105311346/tools/bin/../lib/gcc/arm-none-eabi/9.3.1/thumb/v7e-m+fp/hard\libgcc.a(_arm_addsubdf3.o)
 .debug_frame   0x0000000000001db8       0x24 c:/st/stm32cubeide_1.8.0/stm32cubeide/plugins/com.st.stm32cube.ide.mcu.externaltools.gnu-tools-for-stm32.9-2020-q2-update.win32_2.0.0.202105311346/tools/bin/../lib/gcc/arm-none-eabi/9.3.1/thumb/v7e-m+fp/hard\libgcc.a(_arm_truncdfsf2.o)
